++========================================
||
||   Package:  ./azote-1.9.7-x86_64-1_nwg.txz
||
++========================================
drwxr-xr-x root/root         0 2022-12-29 03:53 ./
drwxr-xr-x root/root         0 2022-12-29 03:53 install/
-rw-r--r-- root/root       129 2022-12-29 03:53 install/doinst.sh
-rw-r--r-- root/root       704 2022-12-29 03:53 install/slack-desc
drwxr-xr-x root/root         0 2022-12-29 03:53 usr/
drwxr-xr-x root/root         0 2022-12-29 03:53 usr/bin/
-rwxr-xr-x root/root       140 2022-11-07 18:58 usr/bin/azote
drwxr-xr-x root/root         0 2022-12-29 03:53 usr/doc/
drwxr-xr-x root/root         0 2022-12-29 03:53 usr/doc/azote-1.9.7/
-rw-r--r-- root/root     35149 2022-11-07 18:58 usr/doc/azote-1.9.7/LICENSE
-rw-r--r-- root/root      1522 2022-11-07 18:58 usr/doc/azote-1.9.7/LICENSE-COLORTHIEF
-rw-r--r-- root/root      9641 2022-11-07 18:58 usr/doc/azote-1.9.7/README.md
-rw-r--r-- root/root      3332 2022-12-29 03:53 usr/doc/azote-1.9.7/azote.SlackBuild
drwxr-xr-x root/root         0 2022-12-29 03:53 usr/lib64/
drwxr-xr-x root/root         0 2022-12-29 03:53 usr/lib64/python3.9/
drwxr-xr-x root/root         0 2022-12-29 03:53 usr/lib64/python3.9/site-packages/
drwxr-xr-x root/root         0 2022-12-29 03:53 usr/lib64/python3.9/site-packages/azote/
drwxr-xr-x root/root         0 2022-12-29 03:53 usr/lib64/python3.9/site-packages/azote-1.9.7-py3.9.egg-info/
-rw-r--r-- root/root       303 2022-12-29 03:53 usr/lib64/python3.9/site-packages/azote-1.9.7-py3.9.egg-info/PKG-INFO
-rw-r--r-- root/root      1020 2022-12-29 03:53 usr/lib64/python3.9/site-packages/azote-1.9.7-py3.9.egg-info/SOURCES.txt
-rw-r--r-- root/root         1 2022-12-29 03:53 usr/lib64/python3.9/site-packages/azote-1.9.7-py3.9.egg-info/dependency_links.txt
-rw-r--r-- root/root         6 2022-12-29 03:53 usr/lib64/python3.9/site-packages/azote-1.9.7-py3.9.egg-info/top_level.txt
-rw-r--r-- root/root         0 2022-11-07 18:58 usr/lib64/python3.9/site-packages/azote/__init__.py
drwxr-xr-x root/root         0 2022-12-29 03:53 usr/lib64/python3.9/site-packages/azote/__pycache__/
-rw-r--r-- root/root       143 2022-12-29 03:53 usr/lib64/python3.9/site-packages/azote/__pycache__/__init__.cpython-39.pyc
-rw-r--r-- root/root     27312 2022-12-29 03:53 usr/lib64/python3.9/site-packages/azote/__pycache__/color_tools.cpython-39.pyc
-rw-r--r-- root/root     12157 2022-12-29 03:53 usr/lib64/python3.9/site-packages/azote/__pycache__/colorthief.cpython-39.pyc
-rw-r--r-- root/root      1427 2022-12-29 03:53 usr/lib64/python3.9/site-packages/azote/__pycache__/common.cpython-39.pyc
-rw-r--r-- root/root     50571 2022-12-29 03:53 usr/lib64/python3.9/site-packages/azote/__pycache__/main.cpython-39.pyc
-rw-r--r-- root/root      6802 2022-12-29 03:53 usr/lib64/python3.9/site-packages/azote/__pycache__/plugins.cpython-39.pyc
-rw-r--r-- root/root     24241 2022-12-29 03:53 usr/lib64/python3.9/site-packages/azote/__pycache__/tools.cpython-39.pyc
-rw-r--r-- root/root     46842 2022-11-07 18:58 usr/lib64/python3.9/site-packages/azote/color_tools.py
-rw-r--r-- root/root     13547 2022-11-07 18:58 usr/lib64/python3.9/site-packages/azote/colorthief.py
-rw-r--r-- root/root      2016 2022-11-07 18:58 usr/lib64/python3.9/site-packages/azote/common.py
drwxr-xr-x root/root         0 2022-12-29 03:53 usr/lib64/python3.9/site-packages/azote/images/
-rw-r--r-- root/root   1310214 2022-11-07 18:58 usr/lib64/python3.9/site-packages/azote/images/azote-wallpaper.jpg
-rw-r--r-- root/root   1640084 2022-11-07 18:58 usr/lib64/python3.9/site-packages/azote/images/azote-wallpaper1.jpg
-rw-r--r-- root/root    232324 2022-11-07 18:58 usr/lib64/python3.9/site-packages/azote/images/azote-wallpaper2.jpg
-rw-r--r-- root/root      7596 2022-11-07 18:58 usr/lib64/python3.9/site-packages/azote/images/azote.svg
-rw-r--r-- root/root      2144 2022-11-07 18:58 usr/lib64/python3.9/site-packages/azote/images/empty.png
-rw-r--r-- root/root      3389 2022-11-07 18:58 usr/lib64/python3.9/site-packages/azote/images/icon.svg
-rw-r--r-- root/root      3614 2022-11-07 18:58 usr/lib64/python3.9/site-packages/azote/images/icon_about.svg
-rw-r--r-- root/root      4285 2022-11-07 18:58 usr/lib64/python3.9/site-packages/azote/images/icon_all.svg
-rw-r--r-- root/root      3077 2022-11-07 18:58 usr/lib64/python3.9/site-packages/azote/images/icon_apply.svg
-rw-r--r-- root/root      3702 2022-11-07 18:58 usr/lib64/python3.9/site-packages/azote/images/icon_az.svg
-rw-r--r-- root/root      4060 2022-11-07 18:58 usr/lib64/python3.9/site-packages/azote/images/icon_config.svg
-rw-r--r-- root/root      4645 2022-11-07 18:58 usr/lib64/python3.9/site-packages/azote/images/icon_flip.svg
-rw-r--r-- root/root      4436 2022-11-07 18:58 usr/lib64/python3.9/site-packages/azote/images/icon_image_menu.svg
-rw-r--r-- root/root      2814 2022-11-07 18:58 usr/lib64/python3.9/site-packages/azote/images/icon_menu.svg
-rw-r--r-- root/root      4320 2022-11-07 18:58 usr/lib64/python3.9/site-packages/azote/images/icon_new.svg
-rw-r--r-- root/root      4341 2022-11-07 18:58 usr/lib64/python3.9/site-packages/azote/images/icon_old.svg
-rw-r--r-- root/root      3809 2022-11-07 18:58 usr/lib64/python3.9/site-packages/azote/images/icon_picker.svg
-rw-r--r-- root/root      3175 2022-11-07 18:58 usr/lib64/python3.9/site-packages/azote/images/icon_refresh.svg
-rw-r--r-- root/root      4773 2022-11-07 18:58 usr/lib64/python3.9/site-packages/azote/images/icon_split.svg
-rw-r--r-- root/root      3639 2022-11-07 18:58 usr/lib64/python3.9/site-packages/azote/images/icon_za.svg
-rw-r--r-- root/root   1287430 2022-11-07 18:58 usr/lib64/python3.9/site-packages/azote/images/nwg-shell-sgs.png
-rw-r--r-- root/root     37168 2022-11-07 18:58 usr/lib64/python3.9/site-packages/azote/images/squares.jpg
drwxr-xr-x root/root         0 2022-12-29 03:53 usr/lib64/python3.9/site-packages/azote/languages/
-rw-r--r-- root/root       783 2022-11-07 18:58 usr/lib64/python3.9/site-packages/azote/languages/README.md
-rw-r--r-- root/root      2460 2022-11-07 18:58 usr/lib64/python3.9/site-packages/azote/languages/de_DE
-rw-r--r-- root/root      2102 2022-11-07 18:58 usr/lib64/python3.9/site-packages/azote/languages/en_EN
-rw-r--r-- root/root      2444 2022-11-07 18:58 usr/lib64/python3.9/site-packages/azote/languages/fr_FR
-rw-r--r-- root/root      2281 2022-11-07 18:58 usr/lib64/python3.9/site-packages/azote/languages/pl_PL
-rw-r--r-- root/root     72949 2022-11-07 18:58 usr/lib64/python3.9/site-packages/azote/main.py
-rw-r--r-- root/root      9481 2022-11-07 18:58 usr/lib64/python3.9/site-packages/azote/plugins.py
-rw-r--r-- root/root     39103 2022-11-07 18:58 usr/lib64/python3.9/site-packages/azote/tools.py
drwxr-xr-x root/root         0 2022-12-29 03:53 usr/share/
drwxr-xr-x root/root         0 2022-12-29 03:53 usr/share/applications/
-rw-r--r-- root/root       365 2022-12-29 03:53 usr/share/applications/azote.desktop
drwxr-xr-x root/root         0 2022-12-29 03:53 usr/share/azote/
-rw-r--r-- root/root      1666 2022-11-07 18:58 usr/share/azote/indicator_active.png
-rw-r--r-- root/root      1989 2022-11-07 18:58 usr/share/azote/indicator_attention.png
drwxr-xr-x root/root         0 2022-12-29 03:53 usr/share/pixmaps/
-rw-r--r-- root/root      4751 2022-11-07 18:58 usr/share/pixmaps/azote.svg


