++========================================
||
||   Package:  ./brightnessctl-0.5.1-x86_64-1_nwg.txz
||
++========================================
drwxr-xr-x root/root         0 2022-12-29 03:36 ./
drwxr-xr-x root/root         0 2022-12-29 03:36 install/
-rw-r--r-- root/root       549 2022-12-29 03:36 install/slack-desc
drwxr-xr-x root/root         0 2022-12-29 03:36 lib/
drwxr-xr-x root/root         0 2022-12-29 03:36 lib/udev/
drwxr-xr-x root/root         0 2022-12-29 03:36 lib/udev/rules.d/
-rw-r--r-- root/root       368 2022-12-29 03:36 lib/udev/rules.d/90-brightnessctl.rules
drwxr-xr-x root/root         0 2022-12-29 03:36 usr/
drwxr-xr-x root/root         0 2022-12-29 03:36 usr/bin/
-rwsr-xr-x root/root     27056 2022-12-29 03:36 usr/bin/brightnessctl
drwxr-xr-x root/root         0 2022-12-29 03:36 usr/doc/
drwxr-xr-x root/root         0 2022-12-29 03:36 usr/doc/brightnessctl-0.5.1/
-rw-r--r-- root/root      1292 2020-02-02 10:10 usr/doc/brightnessctl-0.5.1/LICENSE
-rw-r--r-- root/root      3295 2020-02-02 10:10 usr/doc/brightnessctl-0.5.1/README.md
-rw-r--r-- root/root      3501 2022-12-29 03:36 usr/doc/brightnessctl-0.5.1/brightnessctl.SlackBuild
drwxr-xr-x root/root         0 2022-12-29 03:36 usr/man/
drwxr-xr-x root/root         0 2022-12-29 03:36 usr/man/man1/
-rw-r--r-- root/root      1022 2022-12-29 03:36 usr/man/man1/brightnessctl.1.gz


