++========================================
||
||   Package:  ./fcft-3.1.5-x86_64-1_nwg.txz
||
++========================================
drwxr-xr-x root/root         0 2022-12-29 03:55 ./
drwxr-xr-x root/root         0 2022-12-29 03:55 install/
-rw-r--r-- root/root       182 2022-12-29 03:55 install/doinst.sh
-rw-r--r-- root/root       712 2022-12-29 03:55 install/slack-desc
drwxr-xr-x root/root         0 2022-12-29 03:55 usr/
drwxr-xr-x root/root         0 2022-12-29 03:55 usr/doc/
drwxr-xr-x root/root         0 2022-12-29 03:55 usr/doc/fcft-3.1.5/
-rw-r--r-- root/root     14948 2022-09-20 13:11 usr/doc/fcft-3.1.5/CHANGELOG.md
-rw-r--r-- root/root      1070 2022-09-20 13:11 usr/doc/fcft-3.1.5/LICENSE
-rw-r--r-- root/root      5023 2022-09-20 13:11 usr/doc/fcft-3.1.5/README.md
-rw-r--r-- root/root      3530 2022-12-29 03:55 usr/doc/fcft-3.1.5/fcft.SlackBuild
drwxr-xr-x root/root         0 2022-12-29 03:55 usr/include/
drwxr-xr-x root/root         0 2022-12-29 03:55 usr/include/fcft/
-rw-r--r-- root/root      5508 2022-09-20 13:11 usr/include/fcft/fcft.h
-rw-r--r-- root/root       198 2022-09-20 13:11 usr/include/fcft/stride.h
drwxr-xr-x root/root         0 2022-12-29 03:55 usr/lib64/
-rwxr-xr-x root/root    121968 2022-12-29 03:55 usr/lib64/libfcft.so.4.1.5
drwxr-xr-x root/root         0 2022-12-29 03:55 usr/lib64/pkgconfig/
-rw-r--r-- root/root       322 2022-12-29 03:55 usr/lib64/pkgconfig/fcft.pc
drwxr-xr-x root/root         0 2022-12-29 03:55 usr/man/
drwxr-xr-x root/root         0 2022-12-29 03:55 usr/man/man3/
-rw-r--r-- root/root       617 2022-12-29 03:55 usr/man/man3/fcft_capabilities.3.gz
-rw-r--r-- root/root       615 2022-12-29 03:55 usr/man/man3/fcft_clone.3.gz
-rw-r--r-- root/root       562 2022-12-29 03:55 usr/man/man3/fcft_destroy.3.gz
-rw-r--r-- root/root       469 2022-12-29 03:55 usr/man/man3/fcft_fini.3.gz
-rw-r--r-- root/root      2685 2022-12-29 03:55 usr/man/man3/fcft_from_name.3.gz
-rw-r--r-- root/root       939 2022-12-29 03:55 usr/man/man3/fcft_init.3.gz
-rw-r--r-- root/root       880 2022-12-29 03:55 usr/man/man3/fcft_kerning.3.gz
-rw-r--r-- root/root       829 2022-12-29 03:55 usr/man/man3/fcft_log_init.3.gz
-rw-r--r-- root/root       710 2022-12-29 03:55 usr/man/man3/fcft_precompose.3.gz
-rw-r--r-- root/root      1880 2022-12-29 03:55 usr/man/man3/fcft_rasterize_char_utf32.3.gz
-rw-r--r-- root/root      1063 2022-12-29 03:55 usr/man/man3/fcft_rasterize_grapheme_utf32.3.gz
-rw-r--r-- root/root      1439 2022-12-29 03:55 usr/man/man3/fcft_rasterize_text_run_utf32.3.gz
-rw-r--r-- root/root      1072 2022-12-29 03:55 usr/man/man3/fcft_set_emoji_presentation.3.gz
-rw-r--r-- root/root       913 2022-12-29 03:55 usr/man/man3/fcft_set_scaling_filter.3.gz
-rw-r--r-- root/root       551 2022-12-29 03:55 usr/man/man3/fcft_text_run_destroy.3.gz


