++========================================
||
||   Package:  ./feh-3.9.1-x86_64-1_nwg.txz
||
++========================================
drwxr-xr-x root/root         0 2022-12-29 03:42 ./
drwxr-xr-x root/root         0 2022-12-29 03:42 install/
-rw-r--r-- root/root       322 2022-12-29 03:42 install/doinst.sh
-rw-r--r-- root/root       916 2022-12-29 03:42 install/slack-desc
drwxr-xr-x root/root         0 2022-12-29 03:42 usr/
drwxr-xr-x root/root         0 2022-12-29 03:42 usr/bin/
-rwxr-xr-x root/root    187776 2022-12-29 03:42 usr/bin/feh
drwxr-xr-x root/root         0 2022-12-29 03:42 usr/doc/
drwxr-xr-x root/root         0 2022-12-29 03:42 usr/doc/feh-3.9.1/
-rw-r--r-- root/root      1927 2022-12-29 03:42 usr/doc/feh-3.9.1/AUTHORS
-rw-r--r-- root/root      1184 2022-08-22 11:52 usr/doc/feh-3.9.1/COPYING
-rw-r--r-- root/root    134965 2022-12-29 03:42 usr/doc/feh-3.9.1/ChangeLog
-rw-r--r-- root/root      5173 2022-12-29 03:42 usr/doc/feh-3.9.1/README.md
-rw-r--r-- root/root        41 2022-12-29 03:42 usr/doc/feh-3.9.1/TODO
drwxr-xr-x root/root         0 2022-12-29 03:42 usr/doc/feh-3.9.1/examples/
-rw-r--r-- root/root       514 2022-12-29 03:42 usr/doc/feh-3.9.1/examples/buttons
-rw-r--r-- root/root       625 2022-12-29 03:42 usr/doc/feh-3.9.1/examples/find-lowres
-rw-r--r-- root/root      1112 2022-12-29 03:42 usr/doc/feh-3.9.1/examples/keys
-rw-r--r-- root/root      2410 2022-12-29 03:42 usr/doc/feh-3.9.1/examples/themes
-rw-r--r-- root/root      3799 2022-12-29 03:42 usr/doc/feh-3.9.1/feh.SlackBuild
drwxr-xr-x root/root         0 2022-12-29 03:42 usr/man/
drwxr-xr-x root/root         0 2022-12-29 03:42 usr/man/man1/
-rw-r--r-- root/root     17698 2022-12-29 03:42 usr/man/man1/feh.1.gz
drwxr-xr-x root/root         0 2022-12-29 03:42 usr/share/
drwxr-xr-x root/root         0 2022-12-29 03:42 usr/share/applications/
-rw-r--r-- root/root       519 2022-12-29 03:42 usr/share/applications/feh.desktop
drwxr-xr-x root/root         0 2022-12-29 03:42 usr/share/feh/
drwxr-xr-x root/root         0 2022-12-29 03:42 usr/share/feh/fonts/
-rw-r--r-- root/root        38 2022-12-29 03:42 usr/share/feh/fonts/black.style
-rw-r--r-- root/root        30 2022-12-29 03:42 usr/share/feh/fonts/menu.style
-rw-r--r-- root/root     57708 2022-12-29 03:42 usr/share/feh/fonts/yudit.ttf
drwxr-xr-x root/root         0 2022-12-29 03:42 usr/share/feh/images/
-rw-r--r-- root/root      1028 2022-12-29 03:42 usr/share/feh/images/feh.png
-rw-r--r-- root/root      7901 2022-12-29 03:42 usr/share/feh/images/feh.svg
-rw-r--r-- root/root       148 2022-12-29 03:42 usr/share/feh/images/menubg_default.png
drwxr-xr-x root/root         0 2022-12-29 03:42 usr/share/icons/
drwxr-xr-x root/root         0 2022-12-29 03:42 usr/share/icons/hicolor/
drwxr-xr-x root/root         0 2022-12-29 03:42 usr/share/icons/hicolor/48x48/
drwxr-xr-x root/root         0 2022-12-29 03:42 usr/share/icons/hicolor/48x48/apps/
-rw-r--r-- root/root      1028 2022-12-29 03:42 usr/share/icons/hicolor/48x48/apps/feh.png
drwxr-xr-x root/root         0 2022-12-29 03:42 usr/share/icons/hicolor/scalable/
drwxr-xr-x root/root         0 2022-12-29 03:42 usr/share/icons/hicolor/scalable/apps/
-rw-r--r-- root/root      7901 2022-12-29 03:42 usr/share/icons/hicolor/scalable/apps/feh.svg


