++========================================
||
||   Package:  ./glm-0.9.9.5-x86_64-1_nwg.txz
||
++========================================
drwxr-xr-x root/root         0 2022-12-29 03:47 ./
drwxr-xr-x root/root         0 2022-12-29 03:47 install/
-rw-r--r-- root/root       961 2022-12-29 03:47 install/slack-desc
drwxr-xr-x root/root         0 2022-12-29 03:47 usr/
drwxr-xr-x root/root         0 2022-12-29 03:47 usr/doc/
drwxr-xr-x root/root         0 2022-12-29 03:47 usr/doc/glm-0.9.9.5/
-rw-r--r-- root/root      2680 2022-12-29 03:47 usr/doc/glm-0.9.9.5/glm.SlackBuild
-rw-r--r-- root/root     94352 2019-04-02 05:28 usr/doc/glm-0.9.9.5/manual.md
-rw-r--r-- root/root     42089 2019-04-02 05:28 usr/doc/glm-0.9.9.5/readme.md
drwxr-xr-x root/root         0 2022-12-29 03:47 usr/include/
drwxr-xr-x root/root         0 2022-12-29 03:47 usr/include/glm/
-rw-r--r-- root/root      2462 2019-04-02 05:28 usr/include/glm/CMakeLists.txt
-rw-r--r-- root/root     27673 2019-04-02 05:28 usr/include/glm/common.hpp
drwxr-xr-x root/root         0 2022-12-29 03:47 usr/include/glm/detail/
-rw-r--r-- root/root     11376 2019-04-02 05:28 usr/include/glm/detail/_features.hpp
-rw-r--r-- root/root       380 2019-04-02 05:28 usr/include/glm/detail/_fixes.hpp
-rw-r--r-- root/root      2279 2019-04-02 05:28 usr/include/glm/detail/_noise.hpp
-rw-r--r-- root/root     48409 2019-04-02 05:28 usr/include/glm/detail/_swizzle.hpp
-rw-r--r-- root/root     34337 2019-04-02 05:28 usr/include/glm/detail/_swizzle_func.hpp
-rw-r--r-- root/root      4177 2019-04-02 05:28 usr/include/glm/detail/_vectorize.hpp
-rw-r--r-- root/root      1192 2019-04-02 05:28 usr/include/glm/detail/compute_common.hpp
-rw-r--r-- root/root       600 2019-04-02 05:28 usr/include/glm/detail/compute_vector_relational.hpp
-rw-r--r-- root/root     24478 2019-04-02 05:28 usr/include/glm/detail/func_common.inl
-rw-r--r-- root/root      6004 2019-04-02 05:28 usr/include/glm/detail/func_common_simd.inl
-rw-r--r-- root/root      4348 2019-04-02 05:28 usr/include/glm/detail/func_exponential.inl
-rw-r--r-- root/root       813 2019-04-02 05:28 usr/include/glm/detail/func_exponential_simd.inl
-rw-r--r-- root/root      7451 2019-04-02 05:28 usr/include/glm/detail/func_geometric.inl
-rw-r--r-- root/root      2520 2019-04-02 05:28 usr/include/glm/detail/func_geometric_simd.inl
-rw-r--r-- root/root     14441 2019-04-02 05:28 usr/include/glm/detail/func_integer.inl
-rw-r--r-- root/root      1634 2019-04-02 05:28 usr/include/glm/detail/func_integer_simd.inl
-rw-r--r-- root/root     12732 2019-04-02 05:28 usr/include/glm/detail/func_matrix.inl
-rw-r--r-- root/root      2785 2019-04-02 05:28 usr/include/glm/detail/func_matrix_simd.inl
-rw-r--r-- root/root      2951 2019-04-02 05:28 usr/include/glm/detail/func_packing.inl
-rw-r--r-- root/root        72 2019-04-02 05:28 usr/include/glm/detail/func_packing_simd.inl
-rw-r--r-- root/root      5216 2019-04-02 05:28 usr/include/glm/detail/func_trigonometric.inl
-rw-r--r-- root/root         0 2019-04-02 05:28 usr/include/glm/detail/func_trigonometric_simd.inl
-rw-r--r-- root/root      2408 2019-04-02 05:28 usr/include/glm/detail/func_vector_relational.inl
-rw-r--r-- root/root        72 2019-04-02 05:28 usr/include/glm/detail/func_vector_relational_simd.inl
-rw-r--r-- root/root      8465 2019-04-02 05:28 usr/include/glm/detail/glm.cpp
-rw-r--r-- root/root      5609 2019-04-02 05:28 usr/include/glm/detail/qualifier.hpp
-rw-r--r-- root/root     38392 2019-04-02 05:28 usr/include/glm/detail/setup.hpp
-rw-r--r-- root/root      1574 2019-04-02 05:28 usr/include/glm/detail/type_float.hpp
-rw-r--r-- root/root       254 2019-04-02 05:28 usr/include/glm/detail/type_half.hpp
-rw-r--r-- root/root      4513 2019-04-02 05:28 usr/include/glm/detail/type_half.inl
-rw-r--r-- root/root      6154 2019-04-02 05:28 usr/include/glm/detail/type_mat2x2.hpp
-rw-r--r-- root/root     13967 2019-04-02 05:28 usr/include/glm/detail/type_mat2x2.inl
-rw-r--r-- root/root      5296 2019-04-02 05:28 usr/include/glm/detail/type_mat2x3.hpp
-rw-r--r-- root/root     13443 2019-04-02 05:28 usr/include/glm/detail/type_mat2x3.inl
-rw-r--r-- root/root      5355 2019-04-02 05:28 usr/include/glm/detail/type_mat2x4.hpp
-rw-r--r-- root/root     14160 2019-04-02 05:28 usr/include/glm/detail/type_mat2x4.inl
-rw-r--r-- root/root      5381 2019-04-02 05:28 usr/include/glm/detail/type_mat3x2.hpp
-rw-r--r-- root/root     14505 2019-04-02 05:28 usr/include/glm/detail/type_mat3x2.inl
-rw-r--r-- root/root      6331 2019-04-02 05:28 usr/include/glm/detail/type_mat3x3.hpp
-rw-r--r-- root/root     17188 2019-04-02 05:28 usr/include/glm/detail/type_mat3x3.inl
-rw-r--r-- root/root      5534 2019-04-02 05:28 usr/include/glm/detail/type_mat3x4.hpp
-rw-r--r-- root/root     16913 2019-04-02 05:28 usr/include/glm/detail/type_mat3x4.inl
-rw-r--r-- root/root      5505 2019-04-02 05:28 usr/include/glm/detail/type_mat4x2.hpp
-rw-r--r-- root/root     16416 2019-04-02 05:28 usr/include/glm/detail/type_mat4x2.inl
-rw-r--r-- root/root      5811 2019-04-02 05:28 usr/include/glm/detail/type_mat4x3.hpp
-rw-r--r-- root/root     17969 2019-04-02 05:28 usr/include/glm/detail/type_mat4x3.inl
-rw-r--r-- root/root      6834 2019-04-02 05:28 usr/include/glm/detail/type_mat4x4.hpp
-rw-r--r-- root/root     25342 2019-04-02 05:28 usr/include/glm/detail/type_mat4x4.inl
-rw-r--r-- root/root        49 2019-04-02 05:28 usr/include/glm/detail/type_mat4x4_simd.inl
-rw-r--r-- root/root      5797 2019-04-02 05:28 usr/include/glm/detail/type_quat.hpp
-rw-r--r-- root/root     10300 2019-04-02 05:28 usr/include/glm/detail/type_quat.inl
-rw-r--r-- root/root      5976 2019-04-02 05:28 usr/include/glm/detail/type_quat_simd.inl
-rw-r--r-- root/root     11253 2019-04-02 05:28 usr/include/glm/detail/type_vec1.hpp
-rw-r--r-- root/root     13924 2019-04-02 05:28 usr/include/glm/detail/type_vec1.inl
-rw-r--r-- root/root     15598 2019-04-02 05:28 usr/include/glm/detail/type_vec2.hpp
-rw-r--r-- root/root     23226 2019-04-02 05:28 usr/include/glm/detail/type_vec2.inl
-rw-r--r-- root/root     17551 2019-04-02 05:28 usr/include/glm/detail/type_vec3.hpp
-rw-r--r-- root/root     27209 2019-04-02 05:28 usr/include/glm/detail/type_vec3.inl
-rw-r--r-- root/root     22818 2019-04-02 05:28 usr/include/glm/detail/type_vec4.hpp
-rw-r--r-- root/root     37181 2019-04-02 05:28 usr/include/glm/detail/type_vec4.inl
-rw-r--r-- root/root     11929 2019-04-02 05:28 usr/include/glm/detail/type_vec4_simd.inl
-rw-r--r-- root/root      5615 2019-04-02 05:28 usr/include/glm/exponential.hpp
drwxr-xr-x root/root         0 2022-12-29 03:47 usr/include/glm/ext/
-rw-r--r-- root/root      6478 2019-04-02 05:28 usr/include/glm/ext.hpp
-rw-r--r-- root/root     29725 2019-04-02 05:28 usr/include/glm/ext/matrix_clip_space.hpp
-rw-r--r-- root/root     19893 2019-04-02 05:28 usr/include/glm/ext/matrix_clip_space.inl
-rw-r--r-- root/root       995 2019-04-02 05:28 usr/include/glm/ext/matrix_common.hpp
-rw-r--r-- root/root       617 2019-04-02 05:28 usr/include/glm/ext/matrix_common.inl
-rw-r--r-- root/root       716 2019-04-02 05:28 usr/include/glm/ext/matrix_double2x2.hpp
-rw-r--r-- root/root      2970 2019-04-02 05:28 usr/include/glm/ext/matrix_double2x2_precision.hpp
-rw-r--r-- root/root       451 2019-04-02 05:28 usr/include/glm/ext/matrix_double2x3.hpp
-rw-r--r-- root/root      1590 2019-04-02 05:28 usr/include/glm/ext/matrix_double2x3_precision.hpp
-rw-r--r-- root/root       451 2019-04-02 05:28 usr/include/glm/ext/matrix_double2x4.hpp
-rw-r--r-- root/root      1590 2019-04-02 05:28 usr/include/glm/ext/matrix_double2x4_precision.hpp
-rw-r--r-- root/root       451 2019-04-02 05:28 usr/include/glm/ext/matrix_double3x2.hpp
-rw-r--r-- root/root      1590 2019-04-02 05:28 usr/include/glm/ext/matrix_double3x2_precision.hpp
-rw-r--r-- root/root       716 2019-04-02 05:28 usr/include/glm/ext/matrix_double3x3.hpp
-rw-r--r-- root/root      2970 2019-04-02 05:28 usr/include/glm/ext/matrix_double3x3_precision.hpp
-rw-r--r-- root/root       451 2019-04-02 05:28 usr/include/glm/ext/matrix_double3x4.hpp
-rw-r--r-- root/root      1590 2019-04-02 05:28 usr/include/glm/ext/matrix_double3x4_precision.hpp
-rw-r--r-- root/root       451 2019-04-02 05:28 usr/include/glm/ext/matrix_double4x2.hpp
-rw-r--r-- root/root      1590 2019-04-02 05:28 usr/include/glm/ext/matrix_double4x2_precision.hpp
-rw-r--r-- root/root       451 2019-04-02 05:28 usr/include/glm/ext/matrix_double4x3.hpp
-rw-r--r-- root/root      1590 2019-04-02 05:28 usr/include/glm/ext/matrix_double4x3_precision.hpp
-rw-r--r-- root/root       716 2019-04-02 05:28 usr/include/glm/ext/matrix_double4x4.hpp
-rw-r--r-- root/root      2970 2019-04-02 05:28 usr/include/glm/ext/matrix_double4x4_precision.hpp
-rw-r--r-- root/root       711 2019-04-02 05:28 usr/include/glm/ext/matrix_float2x2.hpp
-rw-r--r-- root/root      2955 2019-04-02 05:28 usr/include/glm/ext/matrix_float2x2_precision.hpp
-rw-r--r-- root/root       448 2019-04-02 05:28 usr/include/glm/ext/matrix_float2x3.hpp
-rw-r--r-- root/root      1582 2019-04-02 05:28 usr/include/glm/ext/matrix_float2x3_precision.hpp
-rw-r--r-- root/root       448 2019-04-02 05:28 usr/include/glm/ext/matrix_float2x4.hpp
-rw-r--r-- root/root      1582 2019-04-02 05:28 usr/include/glm/ext/matrix_float2x4_precision.hpp
-rw-r--r-- root/root       442 2019-04-02 05:28 usr/include/glm/ext/matrix_float3x2.hpp
-rw-r--r-- root/root      1582 2019-04-02 05:28 usr/include/glm/ext/matrix_float3x2_precision.hpp
-rw-r--r-- root/root       713 2019-04-02 05:28 usr/include/glm/ext/matrix_float3x3.hpp
-rw-r--r-- root/root      2955 2019-04-02 05:28 usr/include/glm/ext/matrix_float3x3_precision.hpp
-rw-r--r-- root/root       449 2019-04-02 05:28 usr/include/glm/ext/matrix_float3x4.hpp
-rw-r--r-- root/root      1582 2019-04-02 05:28 usr/include/glm/ext/matrix_float3x4_precision.hpp
-rw-r--r-- root/root       449 2019-04-02 05:28 usr/include/glm/ext/matrix_float4x2.hpp
-rw-r--r-- root/root      1582 2019-04-02 05:28 usr/include/glm/ext/matrix_float4x2_precision.hpp
-rw-r--r-- root/root       449 2019-04-02 05:28 usr/include/glm/ext/matrix_float4x3.hpp
-rw-r--r-- root/root      1582 2019-04-02 05:28 usr/include/glm/ext/matrix_float4x3_precision.hpp
-rw-r--r-- root/root       710 2019-04-02 05:28 usr/include/glm/ext/matrix_float4x4.hpp
-rw-r--r-- root/root      2955 2019-04-02 05:28 usr/include/glm/ext/matrix_float4x4_precision.hpp
-rw-r--r-- root/root      8056 2019-04-02 05:28 usr/include/glm/ext/matrix_projection.hpp
-rw-r--r-- root/root      3941 2019-04-02 05:28 usr/include/glm/ext/matrix_projection.inl
-rw-r--r-- root/root      6710 2019-04-02 05:28 usr/include/glm/ext/matrix_relational.hpp
-rw-r--r-- root/root      2926 2019-04-02 05:28 usr/include/glm/ext/matrix_relational.inl
-rw-r--r-- root/root      6026 2019-04-02 05:28 usr/include/glm/ext/matrix_transform.hpp
-rw-r--r-- root/root      4697 2019-04-02 05:28 usr/include/glm/ext/matrix_transform.inl
-rw-r--r-- root/root      4032 2019-04-02 05:28 usr/include/glm/ext/quaternion_common.hpp
-rw-r--r-- root/root      3046 2019-04-02 05:28 usr/include/glm/ext/quaternion_common.inl
-rw-r--r-- root/root       372 2019-04-02 05:28 usr/include/glm/ext/quaternion_common_simd.inl
-rw-r--r-- root/root       985 2019-04-02 05:28 usr/include/glm/ext/quaternion_double.hpp
-rw-r--r-- root/root      1318 2019-04-02 05:28 usr/include/glm/ext/quaternion_double_precision.hpp
-rw-r--r-- root/root      1741 2019-04-02 05:28 usr/include/glm/ext/quaternion_exponential.hpp
-rw-r--r-- root/root      2162 2019-04-02 05:28 usr/include/glm/ext/quaternion_exponential.inl
-rw-r--r-- root/root       976 2019-04-02 05:28 usr/include/glm/ext/quaternion_float.hpp
-rw-r--r-- root/root      1153 2019-04-02 05:28 usr/include/glm/ext/quaternion_float_precision.hpp
-rw-r--r-- root/root      1897 2019-04-02 05:28 usr/include/glm/ext/quaternion_geometric.hpp
-rw-r--r-- root/root      1218 2019-04-02 05:28 usr/include/glm/ext/quaternion_geometric.inl
-rw-r--r-- root/root      1954 2019-04-02 05:28 usr/include/glm/ext/quaternion_relational.hpp
-rw-r--r-- root/root      1019 2019-04-02 05:28 usr/include/glm/ext/quaternion_relational.inl
-rw-r--r-- root/root      1331 2019-04-02 05:28 usr/include/glm/ext/quaternion_transform.hpp
-rw-r--r-- root/root       629 2019-04-02 05:28 usr/include/glm/ext/quaternion_transform.inl
-rw-r--r-- root/root      1813 2019-04-02 05:28 usr/include/glm/ext/quaternion_trigonometric.hpp
-rw-r--r-- root/root       736 2019-04-02 05:28 usr/include/glm/ext/quaternion_trigonometric.inl
-rw-r--r-- root/root      3474 2019-04-02 05:28 usr/include/glm/ext/scalar_common.hpp
-rw-r--r-- root/root      2425 2019-04-02 05:28 usr/include/glm/ext/scalar_common.inl
-rw-r--r-- root/root       889 2019-04-02 05:28 usr/include/glm/ext/scalar_constants.hpp
-rw-r--r-- root/root       561 2019-04-02 05:28 usr/include/glm/ext/scalar_constants.inl
-rw-r--r-- root/root      1329 2019-04-02 05:28 usr/include/glm/ext/scalar_int_sized.hpp
-rw-r--r-- root/root      2264 2019-04-02 05:28 usr/include/glm/ext/scalar_relational.hpp
-rw-r--r-- root/root      1235 2019-04-02 05:28 usr/include/glm/ext/scalar_relational.inl
-rw-r--r-- root/root      1366 2019-04-02 05:28 usr/include/glm/ext/scalar_uint_sized.hpp
-rw-r--r-- root/root      2056 2019-04-02 05:28 usr/include/glm/ext/scalar_ulp.hpp
-rw-r--r-- root/root      7048 2019-04-02 05:28 usr/include/glm/ext/scalar_ulp.inl
-rw-r--r-- root/root       649 2019-04-02 05:28 usr/include/glm/ext/vector_bool1.hpp
-rw-r--r-- root/root       876 2019-04-02 05:28 usr/include/glm/ext/vector_bool1_precision.hpp
-rw-r--r-- root/root       392 2019-04-02 05:28 usr/include/glm/ext/vector_bool2.hpp
-rw-r--r-- root/root      1340 2019-04-02 05:28 usr/include/glm/ext/vector_bool2_precision.hpp
-rw-r--r-- root/root       392 2019-04-02 05:28 usr/include/glm/ext/vector_bool3.hpp
-rw-r--r-- root/root      1340 2019-04-02 05:28 usr/include/glm/ext/vector_bool3_precision.hpp
-rw-r--r-- root/root       392 2019-04-02 05:28 usr/include/glm/ext/vector_bool4.hpp
-rw-r--r-- root/root      1340 2019-04-02 05:28 usr/include/glm/ext/vector_bool4_precision.hpp
-rw-r--r-- root/root      6804 2019-04-02 05:28 usr/include/glm/ext/vector_common.hpp
-rw-r--r-- root/root      3837 2019-04-02 05:28 usr/include/glm/ext/vector_common.inl
-rw-r--r-- root/root       780 2019-04-02 05:28 usr/include/glm/ext/vector_double1.hpp
-rw-r--r-- root/root      1155 2019-04-02 05:28 usr/include/glm/ext/vector_double1_precision.hpp
-rw-r--r-- root/root       428 2019-04-02 05:28 usr/include/glm/ext/vector_double2.hpp
-rw-r--r-- root/root      1400 2019-04-02 05:28 usr/include/glm/ext/vector_double2_precision.hpp
-rw-r--r-- root/root       428 2019-04-02 05:28 usr/include/glm/ext/vector_double3.hpp
-rw-r--r-- root/root      1556 2019-04-02 05:28 usr/include/glm/ext/vector_double3_precision.hpp
-rw-r--r-- root/root       428 2019-04-02 05:28 usr/include/glm/ext/vector_double4.hpp
-rw-r--r-- root/root      1587 2019-04-02 05:28 usr/include/glm/ext/vector_double4_precision.hpp
-rw-r--r-- root/root       773 2019-04-02 05:28 usr/include/glm/ext/vector_float1.hpp
-rw-r--r-- root/root      1150 2019-04-02 05:28 usr/include/glm/ext/vector_float1_precision.hpp
-rw-r--r-- root/root       424 2019-04-02 05:28 usr/include/glm/ext/vector_float2.hpp
-rw-r--r-- root/root      1394 2019-04-02 05:28 usr/include/glm/ext/vector_float2_precision.hpp
-rw-r--r-- root/root       425 2019-04-02 05:28 usr/include/glm/ext/vector_float3.hpp
-rw-r--r-- root/root      1394 2019-04-02 05:28 usr/include/glm/ext/vector_float3_precision.hpp
-rw-r--r-- root/root       425 2019-04-02 05:28 usr/include/glm/ext/vector_float4.hpp
-rw-r--r-- root/root      1394 2019-04-02 05:28 usr/include/glm/ext/vector_float4_precision.hpp
-rw-r--r-- root/root       693 2019-04-02 05:28 usr/include/glm/ext/vector_int1.hpp
-rw-r--r-- root/root       896 2019-04-02 05:28 usr/include/glm/ext/vector_int1_precision.hpp
-rw-r--r-- root/root       405 2019-04-02 05:28 usr/include/glm/ext/vector_int2.hpp
-rw-r--r-- root/root      1366 2019-04-02 05:28 usr/include/glm/ext/vector_int2_precision.hpp
-rw-r--r-- root/root       405 2019-04-02 05:28 usr/include/glm/ext/vector_int3.hpp
-rw-r--r-- root/root      1366 2019-04-02 05:28 usr/include/glm/ext/vector_int3_precision.hpp
-rw-r--r-- root/root       405 2019-04-02 05:28 usr/include/glm/ext/vector_int4.hpp
-rw-r--r-- root/root      1366 2019-04-02 05:28 usr/include/glm/ext/vector_int4_precision.hpp
-rw-r--r-- root/root      4457 2019-04-02 05:28 usr/include/glm/ext/vector_relational.hpp
-rw-r--r-- root/root      2462 2019-04-02 05:28 usr/include/glm/ext/vector_relational.inl
-rw-r--r-- root/root       711 2019-04-02 05:28 usr/include/glm/ext/vector_uint1.hpp
-rw-r--r-- root/root      1062 2019-04-02 05:28 usr/include/glm/ext/vector_uint1_precision.hpp
-rw-r--r-- root/root       417 2019-04-02 05:28 usr/include/glm/ext/vector_uint2.hpp
-rw-r--r-- root/root      1400 2019-04-02 05:28 usr/include/glm/ext/vector_uint2_precision.hpp
-rw-r--r-- root/root       417 2019-04-02 05:28 usr/include/glm/ext/vector_uint3.hpp
-rw-r--r-- root/root      1400 2019-04-02 05:28 usr/include/glm/ext/vector_uint3_precision.hpp
-rw-r--r-- root/root       417 2019-04-02 05:28 usr/include/glm/ext/vector_uint4.hpp
-rw-r--r-- root/root      1400 2019-04-02 05:28 usr/include/glm/ext/vector_uint4_precision.hpp
-rw-r--r-- root/root      3856 2019-04-02 05:28 usr/include/glm/ext/vector_ulp.hpp
-rw-r--r-- root/root      2210 2019-04-02 05:28 usr/include/glm/ext/vector_ulp.inl
-rw-r--r-- root/root     27562 2019-04-02 05:28 usr/include/glm/fwd.hpp
-rw-r--r-- root/root      5351 2019-04-02 05:28 usr/include/glm/geometric.hpp
-rw-r--r-- root/root      4499 2019-04-02 05:28 usr/include/glm/glm.hpp
drwxr-xr-x root/root         0 2022-12-29 03:47 usr/include/glm/gtc/
-rw-r--r-- root/root      9878 2019-04-02 05:28 usr/include/glm/gtc/bitfield.hpp
-rw-r--r-- root/root     20131 2019-04-02 05:28 usr/include/glm/gtc/bitfield.inl
-rw-r--r-- root/root      1964 2019-04-02 05:28 usr/include/glm/gtc/color_space.hpp
-rw-r--r-- root/root      2954 2019-04-02 05:28 usr/include/glm/gtc/color_space.inl
-rw-r--r-- root/root      4014 2019-04-02 05:28 usr/include/glm/gtc/constants.hpp
-rw-r--r-- root/root      3836 2019-04-02 05:28 usr/include/glm/gtc/constants.inl
-rw-r--r-- root/root      1768 2019-04-02 05:28 usr/include/glm/gtc/epsilon.hpp
-rw-r--r-- root/root      2196 2019-04-02 05:28 usr/include/glm/gtc/epsilon.inl
-rw-r--r-- root/root      2045 2019-04-02 05:28 usr/include/glm/gtc/integer.hpp
-rw-r--r-- root/root      2270 2019-04-02 05:28 usr/include/glm/gtc/integer.inl
-rw-r--r-- root/root      1408 2019-04-02 05:28 usr/include/glm/gtc/matrix_access.hpp
-rw-r--r-- root/root      1125 2019-04-02 05:28 usr/include/glm/gtc/matrix_access.inl
-rw-r--r-- root/root     14502 2019-04-02 05:28 usr/include/glm/gtc/matrix_integer.hpp
-rw-r--r-- root/root      1467 2019-04-02 05:28 usr/include/glm/gtc/matrix_inverse.hpp
-rw-r--r-- root/root      4928 2019-04-02 05:28 usr/include/glm/gtc/matrix_inverse.inl
-rw-r--r-- root/root      1190 2019-04-02 05:28 usr/include/glm/gtc/matrix_transform.hpp
-rw-r--r-- root/root        85 2019-04-02 05:28 usr/include/glm/gtc/matrix_transform.inl
-rw-r--r-- root/root      1492 2019-04-02 05:28 usr/include/glm/gtc/noise.hpp
-rw-r--r-- root/root     33172 2019-04-02 05:28 usr/include/glm/gtc/noise.inl
-rw-r--r-- root/root     35997 2019-04-02 05:28 usr/include/glm/gtc/packing.hpp
-rw-r--r-- root/root     24819 2019-04-02 05:28 usr/include/glm/gtc/packing.inl
-rw-r--r-- root/root      5465 2019-04-02 05:28 usr/include/glm/gtc/quaternion.hpp
-rw-r--r-- root/root      5859 2019-04-02 05:28 usr/include/glm/gtc/quaternion.inl
-rw-r--r-- root/root         0 2019-04-02 05:28 usr/include/glm/gtc/quaternion_simd.inl
-rw-r--r-- root/root      2607 2019-04-02 05:28 usr/include/glm/gtc/random.hpp
-rw-r--r-- root/root      8679 2019-04-02 05:28 usr/include/glm/gtc/random.inl
-rw-r--r-- root/root      3415 2019-04-02 05:28 usr/include/glm/gtc/reciprocal.hpp
-rw-r--r-- root/root      6336 2019-04-02 05:28 usr/include/glm/gtc/reciprocal.inl
-rw-r--r-- root/root      6827 2019-04-02 05:28 usr/include/glm/gtc/round.hpp
-rw-r--r-- root/root      9294 2019-04-02 05:28 usr/include/glm/gtc/round.inl
-rw-r--r-- root/root     67983 2019-04-02 05:28 usr/include/glm/gtc/type_aligned.hpp
-rw-r--r-- root/root     64676 2019-04-02 05:28 usr/include/glm/gtc/type_precision.hpp
-rw-r--r-- root/root        43 2019-04-02 05:28 usr/include/glm/gtc/type_precision.inl
-rw-r--r-- root/root      6826 2019-04-02 05:28 usr/include/glm/gtc/type_ptr.hpp
-rw-r--r-- root/root      8549 2019-04-02 05:28 usr/include/glm/gtc/type_ptr.inl
-rw-r--r-- root/root       601 2019-04-02 05:28 usr/include/glm/gtc/ulp.hpp
-rw-r--r-- root/root        22 2019-04-02 05:28 usr/include/glm/gtc/ulp.inl
-rw-r--r-- root/root       816 2019-04-02 05:28 usr/include/glm/gtc/vec1.hpp
drwxr-xr-x root/root         0 2022-12-29 03:47 usr/include/glm/gtx/
-rw-r--r-- root/root      7629 2019-04-02 05:28 usr/include/glm/gtx/associated_min_max.hpp
-rw-r--r-- root/root      8536 2019-04-02 05:28 usr/include/glm/gtx/associated_min_max.inl
-rw-r--r-- root/root      3038 2019-04-02 05:28 usr/include/glm/gtx/bit.hpp
-rw-r--r-- root/root      2262 2019-04-02 05:28 usr/include/glm/gtx/bit.inl
-rw-r--r-- root/root      1327 2019-04-02 05:28 usr/include/glm/gtx/closest_point.hpp
-rw-r--r-- root/root      1117 2019-04-02 05:28 usr/include/glm/gtx/closest_point.inl
-rw-r--r-- root/root      1676 2019-04-02 05:28 usr/include/glm/gtx/color_encoding.hpp
-rw-r--r-- root/root      1747 2019-04-02 05:28 usr/include/glm/gtx/color_encoding.inl
-rw-r--r-- root/root      1973 2019-04-02 05:28 usr/include/glm/gtx/color_space.hpp
-rw-r--r-- root/root      3189 2019-04-02 05:28 usr/include/glm/gtx/color_space.inl
-rw-r--r-- root/root      1866 2019-04-02 05:28 usr/include/glm/gtx/color_space_YCoCg.hpp
-rw-r--r-- root/root      2737 2019-04-02 05:28 usr/include/glm/gtx/color_space_YCoCg.inl
-rw-r--r-- root/root      3116 2019-04-02 05:28 usr/include/glm/gtx/common.hpp
-rw-r--r-- root/root      3444 2019-04-02 05:28 usr/include/glm/gtx/common.inl
-rw-r--r-- root/root     14989 2019-04-02 05:28 usr/include/glm/gtx/compatibility.hpp
-rw-r--r-- root/root      1461 2019-04-02 05:28 usr/include/glm/gtx/compatibility.inl
-rw-r--r-- root/root      2351 2019-04-02 05:28 usr/include/glm/gtx/component_wise.hpp
-rw-r--r-- root/root      4188 2019-04-02 05:28 usr/include/glm/gtx/component_wise.inl
-rw-r--r-- root/root      9463 2019-04-02 05:28 usr/include/glm/gtx/dual_quaternion.hpp
-rw-r--r-- root/root     10326 2019-04-02 05:28 usr/include/glm/gtx/dual_quaternion.inl
-rw-r--r-- root/root      6873 2019-04-02 05:28 usr/include/glm/gtx/easing.hpp
-rw-r--r-- root/root     11700 2019-04-02 05:28 usr/include/glm/gtx/easing.inl
-rw-r--r-- root/root     10677 2019-04-02 05:28 usr/include/glm/gtx/euler_angles.hpp
-rw-r--r-- root/root     22753 2019-04-02 05:28 usr/include/glm/gtx/euler_angles.inl
-rw-r--r-- root/root      1069 2019-04-02 05:28 usr/include/glm/gtx/extend.hpp
-rw-r--r-- root/root       901 2019-04-02 05:28 usr/include/glm/gtx/extend.inl
-rw-r--r-- root/root      5638 2019-04-02 05:28 usr/include/glm/gtx/extended_min_max.hpp
-rw-r--r-- root/root      4532 2019-04-02 05:28 usr/include/glm/gtx/extended_min_max.inl
-rw-r--r-- root/root      1336 2019-04-02 05:28 usr/include/glm/gtx/exterior_product.hpp
-rw-r--r-- root/root       633 2019-04-02 05:28 usr/include/glm/gtx/exterior_product.inl
-rw-r--r-- root/root      3118 2019-04-02 05:28 usr/include/glm/gtx/fast_exponential.hpp
-rw-r--r-- root/root      4206 2019-04-02 05:28 usr/include/glm/gtx/fast_exponential.inl
-rw-r--r-- root/root      2933 2019-04-02 05:28 usr/include/glm/gtx/fast_square_root.hpp
-rw-r--r-- root/root      2286 2019-04-02 05:28 usr/include/glm/gtx/fast_square_root.inl
-rw-r--r-- root/root      2395 2019-04-02 05:28 usr/include/glm/gtx/fast_trigonometry.hpp
-rw-r--r-- root/root      4014 2019-04-02 05:28 usr/include/glm/gtx/fast_trigonometry.inl
-rw-r--r-- root/root       293 2019-04-02 05:28 usr/include/glm/gtx/float_notmalize.inl
-rw-r--r-- root/root      1286 2019-04-02 05:28 usr/include/glm/gtx/functions.hpp
-rw-r--r-- root/root       773 2019-04-02 05:28 usr/include/glm/gtx/functions.inl
-rw-r--r-- root/root      1461 2019-04-02 05:28 usr/include/glm/gtx/gradient_paint.hpp
-rw-r--r-- root/root       904 2019-04-02 05:28 usr/include/glm/gtx/gradient_paint.inl
-rw-r--r-- root/root      1514 2019-04-02 05:28 usr/include/glm/gtx/handed_coordinate_space.hpp
-rw-r--r-- root/root       533 2019-04-02 05:28 usr/include/glm/gtx/handed_coordinate_space.inl
-rw-r--r-- root/root      3477 2019-04-02 05:28 usr/include/glm/gtx/hash.hpp
-rw-r--r-- root/root      5617 2019-04-02 05:28 usr/include/glm/gtx/hash.inl
-rw-r--r-- root/root      2166 2019-04-02 05:28 usr/include/glm/gtx/integer.hpp
-rw-r--r-- root/root      3824 2019-04-02 05:28 usr/include/glm/gtx/integer.inl
-rw-r--r-- root/root      3350 2019-04-02 05:28 usr/include/glm/gtx/intersect.hpp
-rw-r--r-- root/root      6404 2019-04-02 05:28 usr/include/glm/gtx/intersect.inl
-rw-r--r-- root/root      7162 2019-04-02 05:28 usr/include/glm/gtx/io.hpp
-rw-r--r-- root/root     11936 2019-04-02 05:28 usr/include/glm/gtx/io.inl
-rw-r--r-- root/root      1170 2019-04-02 05:28 usr/include/glm/gtx/log_base.hpp
-rw-r--r-- root/root       379 2019-04-02 05:28 usr/include/glm/gtx/log_base.inl
-rw-r--r-- root/root      1325 2019-04-02 05:28 usr/include/glm/gtx/matrix_cross_product.hpp
-rw-r--r-- root/root       678 2019-04-02 05:28 usr/include/glm/gtx/matrix_cross_product.inl
-rw-r--r-- root/root      1397 2019-04-02 05:28 usr/include/glm/gtx/matrix_decompose.hpp
-rw-r--r-- root/root      6440 2019-04-02 05:28 usr/include/glm/gtx/matrix_decompose.inl
-rw-r--r-- root/root      2887 2019-04-02 05:28 usr/include/glm/gtx/matrix_factorisation.hpp
-rw-r--r-- root/root      2773 2019-04-02 05:28 usr/include/glm/gtx/matrix_factorisation.inl
-rw-r--r-- root/root      1998 2019-04-02 05:28 usr/include/glm/gtx/matrix_interpolation.hpp
-rw-r--r-- root/root      4259 2019-04-02 05:28 usr/include/glm/gtx/matrix_interpolation.inl
-rw-r--r-- root/root      3762 2019-04-02 05:28 usr/include/glm/gtx/matrix_major_storage.hpp
-rw-r--r-- root/root      3655 2019-04-02 05:28 usr/include/glm/gtx/matrix_major_storage.inl
-rw-r--r-- root/root      3052 2019-04-02 05:28 usr/include/glm/gtx/matrix_operation.hpp
-rw-r--r-- root/root      5644 2019-04-02 05:28 usr/include/glm/gtx/matrix_operation.inl
-rw-r--r-- root/root      2744 2019-04-02 05:28 usr/include/glm/gtx/matrix_query.hpp
-rw-r--r-- root/root      3239 2019-04-02 05:28 usr/include/glm/gtx/matrix_query.inl
-rw-r--r-- root/root      2528 2019-04-02 05:28 usr/include/glm/gtx/matrix_transform_2d.hpp
-rw-r--r-- root/root      1343 2019-04-02 05:28 usr/include/glm/gtx/matrix_transform_2d.inl
-rw-r--r-- root/root      1060 2019-04-02 05:28 usr/include/glm/gtx/mixed_product.hpp
-rw-r--r-- root/root       253 2019-04-02 05:28 usr/include/glm/gtx/mixed_product.inl
-rw-r--r-- root/root      2277 2019-04-02 05:28 usr/include/glm/gtx/norm.hpp
-rw-r--r-- root/root      2303 2019-04-02 05:28 usr/include/glm/gtx/norm.inl
-rw-r--r-- root/root      1050 2019-04-02 05:28 usr/include/glm/gtx/normal.hpp
-rw-r--r-- root/root       271 2019-04-02 05:28 usr/include/glm/gtx/normal.inl
-rw-r--r-- root/root      1530 2019-04-02 05:28 usr/include/glm/gtx/normalize_dot.hpp
-rw-r--r-- root/root       492 2019-04-02 05:28 usr/include/glm/gtx/normalize_dot.inl
-rw-r--r-- root/root      2322 2019-04-02 05:28 usr/include/glm/gtx/number_precision.hpp
-rw-r--r-- root/root        50 2019-04-02 05:28 usr/include/glm/gtx/number_precision.inl
-rw-r--r-- root/root      1307 2019-04-02 05:28 usr/include/glm/gtx/optimum_pow.hpp
-rw-r--r-- root/root       380 2019-04-02 05:28 usr/include/glm/gtx/optimum_pow.inl
-rw-r--r-- root/root      1322 2019-04-02 05:28 usr/include/glm/gtx/orthonormalize.hpp
-rw-r--r-- root/root       604 2019-04-02 05:28 usr/include/glm/gtx/orthonormalize.inl
-rw-r--r-- root/root      1107 2019-04-02 05:28 usr/include/glm/gtx/perpendicular.hpp
-rw-r--r-- root/root       199 2019-04-02 05:28 usr/include/glm/gtx/perpendicular.inl
-rw-r--r-- root/root      1334 2019-04-02 05:28 usr/include/glm/gtx/polar_coordinates.hpp
-rw-r--r-- root/root       734 2019-04-02 05:28 usr/include/glm/gtx/polar_coordinates.inl
-rw-r--r-- root/root      1092 2019-04-02 05:28 usr/include/glm/gtx/projection.hpp
-rw-r--r-- root/root       232 2019-04-02 05:28 usr/include/glm/gtx/projection.inl
-rw-r--r-- root/root      4547 2019-04-02 05:28 usr/include/glm/gtx/quaternion.hpp
-rw-r--r-- root/root      4181 2019-04-02 05:28 usr/include/glm/gtx/quaternion.inl
-rw-r--r-- root/root      2238 2019-04-02 05:28 usr/include/glm/gtx/range.hpp
-rw-r--r-- root/root      1243 2019-04-02 05:28 usr/include/glm/gtx/raw_data.hpp
-rw-r--r-- root/root        23 2019-04-02 05:28 usr/include/glm/gtx/raw_data.inl
-rw-r--r-- root/root      2236 2019-04-02 05:28 usr/include/glm/gtx/rotate_normalized_axis.hpp
-rw-r--r-- root/root      1652 2019-04-02 05:28 usr/include/glm/gtx/rotate_normalized_axis.inl
-rw-r--r-- root/root      3590 2019-04-02 05:28 usr/include/glm/gtx/rotate_vector.hpp
-rw-r--r-- root/root      3833 2019-04-02 05:28 usr/include/glm/gtx/rotate_vector.inl
-rw-r--r-- root/root      2233 2019-04-02 05:28 usr/include/glm/gtx/scalar_multiplication.hpp
-rw-r--r-- root/root       889 2019-04-02 05:28 usr/include/glm/gtx/scalar_relational.hpp
-rw-r--r-- root/root      1096 2019-04-02 05:28 usr/include/glm/gtx/scalar_relational.inl
-rw-r--r-- root/root      1580 2019-04-02 05:28 usr/include/glm/gtx/spline.hpp
-rw-r--r-- root/root      1801 2019-04-02 05:28 usr/include/glm/gtx/spline.inl
-rw-r--r-- root/root      2013 2019-04-02 05:28 usr/include/glm/gtx/std_based_type.hpp
-rw-r--r-- root/root        48 2019-04-02 05:28 usr/include/glm/gtx/std_based_type.inl
-rw-r--r-- root/root      1383 2019-04-02 05:28 usr/include/glm/gtx/string_cast.hpp
-rw-r--r-- root/root     17662 2019-04-02 05:28 usr/include/glm/gtx/string_cast.inl
-rw-r--r-- root/root      1290 2019-04-02 05:28 usr/include/glm/gtx/texture.hpp
-rw-r--r-- root/root       309 2019-04-02 05:28 usr/include/glm/gtx/texture.inl
-rw-r--r-- root/root      1685 2019-04-02 05:28 usr/include/glm/gtx/transform.hpp
-rw-r--r-- root/root       569 2019-04-02 05:28 usr/include/glm/gtx/transform.inl
-rw-r--r-- root/root      3437 2019-04-02 05:28 usr/include/glm/gtx/transform2.hpp
-rw-r--r-- root/root      3578 2019-04-02 05:28 usr/include/glm/gtx/transform2.inl
-rw-r--r-- root/root     33290 2019-04-02 05:28 usr/include/glm/gtx/type_aligned.hpp
-rw-r--r-- root/root        46 2019-04-02 05:28 usr/include/glm/gtx/type_aligned.inl
-rw-r--r-- root/root      2136 2019-04-02 05:28 usr/include/glm/gtx/type_trait.hpp
-rw-r--r-- root/root      2039 2019-04-02 05:28 usr/include/glm/gtx/type_trait.inl
-rw-r--r-- root/root     76256 2019-04-02 05:28 usr/include/glm/gtx/vec_swizzle.hpp
-rw-r--r-- root/root      1793 2019-04-02 05:28 usr/include/glm/gtx/vector_angle.hpp
-rw-r--r-- root/root      1417 2019-04-02 05:28 usr/include/glm/gtx/vector_angle.inl
-rw-r--r-- root/root      2202 2019-04-02 05:28 usr/include/glm/gtx/vector_query.hpp
-rw-r--r-- root/root      4482 2019-04-02 05:28 usr/include/glm/gtx/vector_query.inl
-rw-r--r-- root/root      1440 2019-04-02 05:28 usr/include/glm/gtx/wrap.hpp
-rw-r--r-- root/root      1661 2019-04-02 05:28 usr/include/glm/gtx/wrap.inl
-rw-r--r-- root/root     10476 2019-04-02 05:28 usr/include/glm/integer.hpp
-rw-r--r-- root/root       224 2019-04-02 05:28 usr/include/glm/mat2x2.hpp
-rw-r--r-- root/root       224 2019-04-02 05:28 usr/include/glm/mat2x3.hpp
-rw-r--r-- root/root       224 2019-04-02 05:28 usr/include/glm/mat2x4.hpp
-rw-r--r-- root/root       224 2019-04-02 05:28 usr/include/glm/mat3x2.hpp
-rw-r--r-- root/root       223 2019-04-02 05:28 usr/include/glm/mat3x3.hpp
-rw-r--r-- root/root       223 2019-04-02 05:28 usr/include/glm/mat3x4.hpp
-rw-r--r-- root/root       224 2019-04-02 05:28 usr/include/glm/mat4x2.hpp
-rw-r--r-- root/root       223 2019-04-02 05:28 usr/include/glm/mat4x3.hpp
-rw-r--r-- root/root       224 2019-04-02 05:28 usr/include/glm/mat4x4.hpp
-rw-r--r-- root/root      5738 2019-04-02 05:28 usr/include/glm/matrix.hpp
-rw-r--r-- root/root     10897 2019-04-02 05:28 usr/include/glm/packing.hpp
drwxr-xr-x root/root         0 2022-12-29 03:47 usr/include/glm/simd/
-rw-r--r-- root/root      7002 2019-04-02 05:28 usr/include/glm/simd/common.h
-rw-r--r-- root/root       377 2019-04-02 05:28 usr/include/glm/simd/exponential.h
-rw-r--r-- root/root      3922 2019-04-02 05:28 usr/include/glm/simd/geometric.h
-rw-r--r-- root/root      3688 2019-04-02 05:28 usr/include/glm/simd/integer.h
-rw-r--r-- root/root     39951 2019-04-02 05:28 usr/include/glm/simd/matrix.h
-rw-r--r-- root/root       129 2019-04-02 05:28 usr/include/glm/simd/packing.h
-rw-r--r-- root/root     12224 2019-04-02 05:28 usr/include/glm/simd/platform.h
-rw-r--r-- root/root       136 2019-04-02 05:28 usr/include/glm/simd/trigonometric.h
-rw-r--r-- root/root       139 2019-04-02 05:28 usr/include/glm/simd/vector_relational.h
-rw-r--r-- root/root     10675 2019-04-02 05:28 usr/include/glm/trigonometric.hpp
-rw-r--r-- root/root       445 2019-04-02 05:28 usr/include/glm/vec2.hpp
-rw-r--r-- root/root       445 2019-04-02 05:28 usr/include/glm/vec3.hpp
-rw-r--r-- root/root       446 2019-04-02 05:28 usr/include/glm/vec4.hpp
-rw-r--r-- root/root      6343 2019-04-02 05:28 usr/include/glm/vector_relational.hpp
drwxr-xr-x root/root         0 2022-12-29 03:47 usr/lib64/
drwxr-xr-x root/root         0 2022-12-29 03:47 usr/lib64/cmake/
drwxr-xr-x root/root         0 2022-12-29 03:47 usr/lib64/cmake/glm/
-rw-r--r-- root/root       667 2022-12-29 03:45 usr/lib64/cmake/glm/glmConfig.cmake
-rw-r--r-- root/root      1977 2022-12-29 03:45 usr/lib64/cmake/glm/glmConfigVersion.cmake
-rw-r--r-- root/root      4341 2022-12-29 03:45 usr/lib64/cmake/glm/glmTargets.cmake
drwxr-xr-x root/root         0 2022-12-29 03:47 usr/lib64/pkgconfig/
-rw-r--r-- root/root       123 2022-12-29 03:45 usr/lib64/pkgconfig/glm.pc


