++========================================
||
||   Package:  ./imlib2-1.10.0-x86_64-1_nwg.txz
||
++========================================
drwxr-xr-x root/root         0 2022-12-29 03:41 ./
drwxr-xr-x root/root         0 2022-12-29 03:41 install/
-rw-r--r-- root/root       200 2022-12-29 03:41 install/doinst.sh
-rw-r--r-- root/root       923 2022-12-29 03:41 install/slack-desc
drwxr-xr-x root/root         0 2022-12-29 03:41 usr/
drwxr-xr-x root/root         0 2022-12-29 03:41 usr/bin/
-rwxr-xr-x root/root     14608 2022-12-29 03:41 usr/bin/imlib2_bumpmap
-rwxr-xr-x root/root     18800 2022-12-29 03:41 usr/bin/imlib2_colorspace
-rwxr-xr-x root/root     14496 2022-12-29 03:41 usr/bin/imlib2_conv
-rwxr-xr-x root/root     14552 2022-12-29 03:41 usr/bin/imlib2_grab
-rwxr-xr-x root/root     18720 2022-12-29 03:41 usr/bin/imlib2_load
-rwxr-xr-x root/root     18736 2022-12-29 03:41 usr/bin/imlib2_poly
-rwxr-xr-x root/root     43944 2022-12-29 03:41 usr/bin/imlib2_show
-rwxr-xr-x root/root     18848 2022-12-29 03:41 usr/bin/imlib2_test
-rwxr-xr-x root/root     27168 2022-12-29 03:41 usr/bin/imlib2_view
drwxr-xr-x root/root         0 2022-12-29 03:41 usr/doc/
drwxr-xr-x root/root         0 2022-12-29 03:41 usr/doc/imlib2-1.10.0/
-rw-r--r-- root/root      1315 2016-02-07 02:01 usr/doc/imlib2-1.10.0/AUTHORS
-rw-r--r-- root/root      1988 2013-03-16 06:29 usr/doc/imlib2-1.10.0/COPYING
-rw-r--r-- root/root      1971 2013-03-16 06:29 usr/doc/imlib2-1.10.0/COPYING-PLAIN
-rw-r--r-- root/root     50165 2022-12-17 12:54 usr/doc/imlib2-1.10.0/ChangeLog
-rw-r--r-- root/root       338 2013-03-16 06:29 usr/doc/imlib2-1.10.0/INSTALL
-rw-r--r-- root/root      1768 2022-12-29 03:41 usr/doc/imlib2-1.10.0/README
-rw-r--r-- root/root       255 2013-03-16 06:29 usr/doc/imlib2-1.10.0/TODO
-rw-r--r-- root/root      3656 2022-12-29 03:41 usr/doc/imlib2-1.10.0/imlib2.SlackBuild
drwxr-xr-x root/root         0 2022-12-29 03:41 usr/include/
-rw-r--r-- root/root    103240 2022-12-29 03:41 usr/include/Imlib2.h
-rw-r--r-- root/root      7418 2022-12-29 03:41 usr/include/Imlib2_Loader.h
drwxr-xr-x root/root         0 2022-12-29 03:41 usr/lib64/
drwxr-xr-x root/root         0 2022-12-29 03:41 usr/lib64/imlib2/
drwxr-xr-x root/root         0 2022-12-29 03:41 usr/lib64/imlib2/filters/
-rwxr-xr-x root/root     18408 2022-12-29 03:41 usr/lib64/imlib2/filters/bumpmap.so
-rwxr-xr-x root/root     18416 2022-12-29 03:41 usr/lib64/imlib2/filters/colormod.so
-rwxr-xr-x root/root     14360 2022-12-29 03:41 usr/lib64/imlib2/filters/testfilter.so
drwxr-xr-x root/root         0 2022-12-29 03:41 usr/lib64/imlib2/loaders/
-rwxr-xr-x root/root     14400 2022-12-29 03:41 usr/lib64/imlib2/loaders/ani.so
-rwxr-xr-x root/root     14432 2022-12-29 03:41 usr/lib64/imlib2/loaders/argb.so
-rwxr-xr-x root/root     18496 2022-12-29 03:41 usr/lib64/imlib2/loaders/bmp.so
-rwxr-xr-x root/root     14464 2022-12-29 03:41 usr/lib64/imlib2/loaders/bz2.so
-rwxr-xr-x root/root     14400 2022-12-29 03:41 usr/lib64/imlib2/loaders/ff.so
-rwxr-xr-x root/root     14496 2022-12-29 03:41 usr/lib64/imlib2/loaders/gif.so
-rwxr-xr-x root/root     14400 2022-12-29 03:41 usr/lib64/imlib2/loaders/ico.so
-rwxr-xr-x root/root     14656 2022-12-29 03:41 usr/lib64/imlib2/loaders/id3.so
-rwxr-xr-x root/root     14528 2022-12-29 03:41 usr/lib64/imlib2/loaders/j2k.so
-rwxr-xr-x root/root     14560 2022-12-29 03:41 usr/lib64/imlib2/loaders/jpeg.so
-rwxr-xr-x root/root     18528 2022-12-29 03:41 usr/lib64/imlib2/loaders/lbm.so
-rwxr-xr-x root/root     14464 2022-12-29 03:41 usr/lib64/imlib2/loaders/lzma.so
-rwxr-xr-x root/root     22912 2022-12-29 03:41 usr/lib64/imlib2/loaders/png.so
-rwxr-xr-x root/root     18528 2022-12-29 03:41 usr/lib64/imlib2/loaders/pnm.so
-rwxr-xr-x root/root     14496 2022-12-29 03:41 usr/lib64/imlib2/loaders/ps.so
-rwxr-xr-x root/root     14464 2022-12-29 03:41 usr/lib64/imlib2/loaders/svg.so
-rwxr-xr-x root/root     14400 2022-12-29 03:41 usr/lib64/imlib2/loaders/tga.so
-rwxr-xr-x root/root     18592 2022-12-29 03:41 usr/lib64/imlib2/loaders/tiff.so
-rwxr-xr-x root/root     14496 2022-12-29 03:41 usr/lib64/imlib2/loaders/webp.so
-rwxr-xr-x root/root     14496 2022-12-29 03:41 usr/lib64/imlib2/loaders/xbm.so
-rwxr-xr-x root/root     18624 2022-12-29 03:41 usr/lib64/imlib2/loaders/xpm.so
-rwxr-xr-x root/root     14464 2022-12-29 03:41 usr/lib64/imlib2/loaders/zlib.so
-rwxr-xr-x root/root    409328 2022-12-29 03:41 usr/lib64/libImlib2.so.1.10.0
drwxr-xr-x root/root         0 2022-12-29 03:41 usr/lib64/pkgconfig/
-rw-r--r-- root/root       221 2022-12-29 03:41 usr/lib64/pkgconfig/imlib2.pc
drwxr-xr-x root/root         0 2022-12-29 03:41 usr/share/
drwxr-xr-x root/root         0 2022-12-29 03:41 usr/share/imlib2/
drwxr-xr-x root/root         0 2022-12-29 03:41 usr/share/imlib2/data/
drwxr-xr-x root/root         0 2022-12-29 03:41 usr/share/imlib2/data/fonts/
-rw-r--r-- root/root     11588 2022-12-29 03:41 usr/share/imlib2/data/fonts/cinema.ttf
-rw-r--r-- root/root     53204 2022-12-29 03:41 usr/share/imlib2/data/fonts/grunge.ttf
-rw-r--r-- root/root     68044 2022-12-29 03:41 usr/share/imlib2/data/fonts/morpheus.ttf
-rw-r--r-- root/root     31312 2022-12-29 03:41 usr/share/imlib2/data/fonts/notepad.ttf
drwxr-xr-x root/root         0 2022-12-29 03:41 usr/share/imlib2/data/images/
-rw-r--r-- root/root      4263 2022-12-29 03:41 usr/share/imlib2/data/images/audio.png
-rw-r--r-- root/root    132721 2022-12-29 03:41 usr/share/imlib2/data/images/bg.png
-rw-r--r-- root/root      3504 2022-12-29 03:41 usr/share/imlib2/data/images/bulb.png
-rw-r--r-- root/root      2755 2022-12-29 03:41 usr/share/imlib2/data/images/cal.png
-rw-r--r-- root/root      3949 2022-12-29 03:41 usr/share/imlib2/data/images/calc.png
-rw-r--r-- root/root      2873 2022-12-29 03:41 usr/share/imlib2/data/images/folder.png
-rw-r--r-- root/root      3388 2022-12-29 03:41 usr/share/imlib2/data/images/globe.png
-rw-r--r-- root/root     53192 2022-12-29 03:41 usr/share/imlib2/data/images/imlib2.png
-rw-r--r-- root/root      2770 2022-12-29 03:41 usr/share/imlib2/data/images/lock.png
-rw-r--r-- root/root      3222 2022-12-29 03:41 usr/share/imlib2/data/images/mail.png
-rw-r--r-- root/root      3240 2022-12-29 03:41 usr/share/imlib2/data/images/menu.png
-rw-r--r-- root/root      3244 2022-12-29 03:41 usr/share/imlib2/data/images/mush.png
-rw-r--r-- root/root      3410 2022-12-29 03:41 usr/share/imlib2/data/images/paper.png
-rw-r--r-- root/root       768 2022-12-29 03:41 usr/share/imlib2/data/images/sh1.png
-rw-r--r-- root/root       280 2022-12-29 03:41 usr/share/imlib2/data/images/sh2.png
-rw-r--r-- root/root       360 2022-12-29 03:41 usr/share/imlib2/data/images/sh3.png
-rw-r--r-- root/root      2684 2022-12-29 03:41 usr/share/imlib2/data/images/stop.png
-rw-r--r-- root/root      3010 2022-12-29 03:41 usr/share/imlib2/data/images/tnt.png


