++========================================
||
||   Package:  ./libhandy-1.8.0-x86_64-1_nwg.txz
||
++========================================
drwxr-xr-x root/root         0 2022-12-29 03:30 ./
drwxr-xr-x root/root         0 2022-12-29 03:30 install/
-rw-r--r-- root/root        96 2022-12-29 03:30 install/doinst.sh
-rw-r--r-- root/root       779 2022-12-29 03:30 install/slack-desc
drwxr-xr-x root/root         0 2022-12-29 03:30 usr/
drwxr-xr-x root/root         0 2022-12-29 03:30 usr/doc/
drwxr-xr-x root/root         0 2022-12-29 03:30 usr/doc/libhandy-1.8.0/
-rw-r--r-- root/root       335 2022-09-14 21:03 usr/doc/libhandy-1.8.0/AUTHORS
-rw-r--r-- root/root     26530 2022-09-14 21:03 usr/doc/libhandy-1.8.0/COPYING
-rw-r--r-- root/root      5365 2022-09-14 21:03 usr/doc/libhandy-1.8.0/HACKING.md
-rw-r--r-- root/root     20270 2022-09-14 21:03 usr/doc/libhandy-1.8.0/NEWS
-rw-r--r-- root/root      1396 2022-09-14 21:03 usr/doc/libhandy-1.8.0/README.md
-rw-r--r-- root/root      2137 2022-12-29 03:30 usr/doc/libhandy-1.8.0/libhandy.SlackBuild
drwxr-xr-x root/root         0 2022-12-29 03:30 usr/include/
drwxr-xr-x root/root         0 2022-12-29 03:30 usr/include/libhandy-1/
-rw-r--r-- root/root      1707 2022-09-14 21:03 usr/include/libhandy-1/handy.h
-rw-r--r-- root/root      2556 2022-09-14 21:03 usr/include/libhandy-1/hdy-action-row.h
-rw-r--r-- root/root       436 2022-09-14 21:03 usr/include/libhandy-1/hdy-animation.h
-rw-r--r-- root/root       731 2022-09-14 21:03 usr/include/libhandy-1/hdy-application-window.h
-rw-r--r-- root/root      4221 2022-09-14 21:03 usr/include/libhandy-1/hdy-avatar.h
-rw-r--r-- root/root       964 2022-09-14 21:03 usr/include/libhandy-1/hdy-carousel-indicator-dots.h
-rw-r--r-- root/root       976 2022-09-14 21:03 usr/include/libhandy-1/hdy-carousel-indicator-lines.h
-rw-r--r-- root/root      3424 2022-09-14 21:03 usr/include/libhandy-1/hdy-carousel.h
-rw-r--r-- root/root       913 2022-09-14 21:03 usr/include/libhandy-1/hdy-clamp.h
-rw-r--r-- root/root      4274 2022-09-14 21:03 usr/include/libhandy-1/hdy-combo-row.h
-rw-r--r-- root/root      4100 2022-09-14 21:03 usr/include/libhandy-1/hdy-deck.h
-rw-r--r-- root/root       889 2022-09-14 21:03 usr/include/libhandy-1/hdy-enum-value-object.h
-rw-r--r-- root/root      2330 2022-12-29 03:29 usr/include/libhandy-1/hdy-enums.h
-rw-r--r-- root/root      2574 2022-09-14 21:03 usr/include/libhandy-1/hdy-expander-row.h
-rw-r--r-- root/root      3708 2022-09-14 21:03 usr/include/libhandy-1/hdy-flap.h
-rw-r--r-- root/root      4268 2022-09-14 21:03 usr/include/libhandy-1/hdy-header-bar.h
-rw-r--r-- root/root      2829 2022-09-14 21:03 usr/include/libhandy-1/hdy-header-group.h
-rw-r--r-- root/root      2601 2022-09-14 21:03 usr/include/libhandy-1/hdy-keypad.h
-rw-r--r-- root/root      4868 2022-09-14 21:03 usr/include/libhandy-1/hdy-leaflet.h
-rw-r--r-- root/root       336 2022-09-14 21:03 usr/include/libhandy-1/hdy-main.h
-rw-r--r-- root/root       441 2022-09-14 21:03 usr/include/libhandy-1/hdy-navigation-direction.h
-rw-r--r-- root/root      1567 2022-09-14 21:03 usr/include/libhandy-1/hdy-preferences-group.h
-rw-r--r-- root/root      1266 2022-09-14 21:03 usr/include/libhandy-1/hdy-preferences-page.h
-rw-r--r-- root/root      1396 2022-09-14 21:03 usr/include/libhandy-1/hdy-preferences-row.h
-rw-r--r-- root/root      1631 2022-09-14 21:03 usr/include/libhandy-1/hdy-preferences-window.h
-rw-r--r-- root/root      1558 2022-09-14 21:03 usr/include/libhandy-1/hdy-search-bar.h
-rw-r--r-- root/root      2604 2022-09-14 21:03 usr/include/libhandy-1/hdy-squeezer.h
-rw-r--r-- root/root      1320 2022-09-14 21:03 usr/include/libhandy-1/hdy-status-page.h
-rw-r--r-- root/root      1576 2022-09-14 21:03 usr/include/libhandy-1/hdy-style-manager.h
-rw-r--r-- root/root      1018 2022-09-14 21:03 usr/include/libhandy-1/hdy-swipe-group.h
-rw-r--r-- root/root      2008 2022-09-14 21:03 usr/include/libhandy-1/hdy-swipe-tracker.h
-rw-r--r-- root/root      3259 2022-09-14 21:03 usr/include/libhandy-1/hdy-swipeable.h
-rw-r--r-- root/root      2372 2022-09-14 21:03 usr/include/libhandy-1/hdy-tab-bar.h
-rw-r--r-- root/root      7399 2022-09-14 21:03 usr/include/libhandy-1/hdy-tab-view.h
-rw-r--r-- root/root       742 2022-09-14 21:03 usr/include/libhandy-1/hdy-title-bar.h
-rw-r--r-- root/root       327 2022-09-14 21:03 usr/include/libhandy-1/hdy-types.h
-rw-r--r-- root/root      1347 2022-09-14 21:03 usr/include/libhandy-1/hdy-value-object.h
-rw-r--r-- root/root      5291 2022-12-29 03:29 usr/include/libhandy-1/hdy-version.h
-rw-r--r-- root/root      1445 2022-09-14 21:03 usr/include/libhandy-1/hdy-view-switcher-bar.h
-rw-r--r-- root/root      2209 2022-09-14 21:03 usr/include/libhandy-1/hdy-view-switcher-title.h
-rw-r--r-- root/root      1539 2022-09-14 21:03 usr/include/libhandy-1/hdy-view-switcher.h
-rw-r--r-- root/root       564 2022-09-14 21:03 usr/include/libhandy-1/hdy-window-handle.h
-rw-r--r-- root/root       627 2022-09-14 21:03 usr/include/libhandy-1/hdy-window.h
drwxr-xr-x root/root         0 2022-12-29 03:30 usr/lib64/
drwxr-xr-x root/root         0 2022-12-29 03:30 usr/lib64/girepository-1.0/
-rw-r--r-- root/root     60168 2022-12-29 03:30 usr/lib64/girepository-1.0/Handy-1.typelib
drwxr-xr-x root/root         0 2022-12-29 03:30 usr/lib64/glade/
drwxr-xr-x root/root         0 2022-12-29 03:30 usr/lib64/glade/modules/
-rwxr-xr-x root/root     88528 2022-12-29 03:30 usr/lib64/glade/modules/libglade-handy-1.so
-rwxr-xr-x root/root    859240 2022-12-29 03:30 usr/lib64/libhandy-1.so.0
drwxr-xr-x root/root         0 2022-12-29 03:30 usr/lib64/pkgconfig/
-rw-r--r-- root/root       214 2022-12-29 03:29 usr/lib64/pkgconfig/libhandy-1.pc
drwxr-xr-x root/root         0 2022-12-29 03:30 usr/share/
drwxr-xr-x root/root         0 2022-12-29 03:30 usr/share/gir-1.0/
-rw-r--r-- root/root    751428 2022-12-29 03:30 usr/share/gir-1.0/Handy-1.gir
drwxr-xr-x root/root         0 2022-12-29 03:30 usr/share/glade/
drwxr-xr-x root/root         0 2022-12-29 03:30 usr/share/glade/catalogs/
-rw-r--r-- root/root     26784 2022-09-14 21:03 usr/share/glade/catalogs/libhandy-1.xml
drwxr-xr-x root/root         0 2022-12-29 03:30 usr/share/locale/
drwxr-xr-x root/root         0 2022-12-29 03:30 usr/share/locale/ca/
drwxr-xr-x root/root         0 2022-12-29 03:30 usr/share/locale/ca/LC_MESSAGES/
-rw-r--r-- root/root     16973 2022-12-29 03:29 usr/share/locale/ca/LC_MESSAGES/libhandy.mo
drwxr-xr-x root/root         0 2022-12-29 03:30 usr/share/locale/cs/
drwxr-xr-x root/root         0 2022-12-29 03:30 usr/share/locale/cs/LC_MESSAGES/
-rw-r--r-- root/root      9207 2022-12-29 03:29 usr/share/locale/cs/LC_MESSAGES/libhandy.mo
drwxr-xr-x root/root         0 2022-12-29 03:30 usr/share/locale/de/
drwxr-xr-x root/root         0 2022-12-29 03:30 usr/share/locale/de/LC_MESSAGES/
-rw-r--r-- root/root     26621 2022-12-29 03:29 usr/share/locale/de/LC_MESSAGES/libhandy.mo
drwxr-xr-x root/root         0 2022-12-29 03:30 usr/share/locale/en_GB/
drwxr-xr-x root/root         0 2022-12-29 03:30 usr/share/locale/en_GB/LC_MESSAGES/
-rw-r--r-- root/root     23592 2022-12-29 03:29 usr/share/locale/en_GB/LC_MESSAGES/libhandy.mo
drwxr-xr-x root/root         0 2022-12-29 03:30 usr/share/locale/es/
drwxr-xr-x root/root         0 2022-12-29 03:30 usr/share/locale/es/LC_MESSAGES/
-rw-r--r-- root/root     26521 2022-12-29 03:29 usr/share/locale/es/LC_MESSAGES/libhandy.mo
drwxr-xr-x root/root         0 2022-12-29 03:30 usr/share/locale/eu/
drwxr-xr-x root/root         0 2022-12-29 03:30 usr/share/locale/eu/LC_MESSAGES/
-rw-r--r-- root/root     25509 2022-12-29 03:29 usr/share/locale/eu/LC_MESSAGES/libhandy.mo
drwxr-xr-x root/root         0 2022-12-29 03:30 usr/share/locale/fa/
drwxr-xr-x root/root         0 2022-12-29 03:30 usr/share/locale/fa/LC_MESSAGES/
-rw-r--r-- root/root      9834 2022-12-29 03:29 usr/share/locale/fa/LC_MESSAGES/libhandy.mo
drwxr-xr-x root/root         0 2022-12-29 03:30 usr/share/locale/fi/
drwxr-xr-x root/root         0 2022-12-29 03:30 usr/share/locale/fi/LC_MESSAGES/
-rw-r--r-- root/root     25050 2022-12-29 03:29 usr/share/locale/fi/LC_MESSAGES/libhandy.mo
drwxr-xr-x root/root         0 2022-12-29 03:30 usr/share/locale/fr/
drwxr-xr-x root/root         0 2022-12-29 03:30 usr/share/locale/fr/LC_MESSAGES/
-rw-r--r-- root/root     18728 2022-12-29 03:29 usr/share/locale/fr/LC_MESSAGES/libhandy.mo
drwxr-xr-x root/root         0 2022-12-29 03:30 usr/share/locale/fur/
drwxr-xr-x root/root         0 2022-12-29 03:30 usr/share/locale/fur/LC_MESSAGES/
-rw-r--r-- root/root     17112 2022-12-29 03:29 usr/share/locale/fur/LC_MESSAGES/libhandy.mo
drwxr-xr-x root/root         0 2022-12-29 03:30 usr/share/locale/gl/
drwxr-xr-x root/root         0 2022-12-29 03:30 usr/share/locale/gl/LC_MESSAGES/
-rw-r--r-- root/root      7551 2022-12-29 03:29 usr/share/locale/gl/LC_MESSAGES/libhandy.mo
drwxr-xr-x root/root         0 2022-12-29 03:30 usr/share/locale/hr/
drwxr-xr-x root/root         0 2022-12-29 03:30 usr/share/locale/hr/LC_MESSAGES/
-rw-r--r-- root/root     25247 2022-12-29 03:29 usr/share/locale/hr/LC_MESSAGES/libhandy.mo
drwxr-xr-x root/root         0 2022-12-29 03:30 usr/share/locale/hu/
drwxr-xr-x root/root         0 2022-12-29 03:30 usr/share/locale/hu/LC_MESSAGES/
-rw-r--r-- root/root     26125 2022-12-29 03:29 usr/share/locale/hu/LC_MESSAGES/libhandy.mo
drwxr-xr-x root/root         0 2022-12-29 03:30 usr/share/locale/id/
drwxr-xr-x root/root         0 2022-12-29 03:30 usr/share/locale/id/LC_MESSAGES/
-rw-r--r-- root/root     24657 2022-12-29 03:29 usr/share/locale/id/LC_MESSAGES/libhandy.mo
drwxr-xr-x root/root         0 2022-12-29 03:30 usr/share/locale/ka/
drwxr-xr-x root/root         0 2022-12-29 03:30 usr/share/locale/ka/LC_MESSAGES/
-rw-r--r-- root/root      3452 2022-12-29 03:29 usr/share/locale/ka/LC_MESSAGES/libhandy.mo
drwxr-xr-x root/root         0 2022-12-29 03:30 usr/share/locale/ko/
drwxr-xr-x root/root         0 2022-12-29 03:30 usr/share/locale/ko/LC_MESSAGES/
-rw-r--r-- root/root     25064 2022-12-29 03:29 usr/share/locale/ko/LC_MESSAGES/libhandy.mo
drwxr-xr-x root/root         0 2022-12-29 03:30 usr/share/locale/nl/
drwxr-xr-x root/root         0 2022-12-29 03:30 usr/share/locale/nl/LC_MESSAGES/
-rw-r--r-- root/root     25432 2022-12-29 03:29 usr/share/locale/nl/LC_MESSAGES/libhandy.mo
drwxr-xr-x root/root         0 2022-12-29 03:30 usr/share/locale/oc/
drwxr-xr-x root/root         0 2022-12-29 03:30 usr/share/locale/oc/LC_MESSAGES/
-rw-r--r-- root/root      7496 2022-12-29 03:29 usr/share/locale/oc/LC_MESSAGES/libhandy.mo
drwxr-xr-x root/root         0 2022-12-29 03:30 usr/share/locale/pl/
drwxr-xr-x root/root         0 2022-12-29 03:30 usr/share/locale/pl/LC_MESSAGES/
-rw-r--r-- root/root      1166 2022-12-29 03:30 usr/share/locale/pl/LC_MESSAGES/libhandy.mo
drwxr-xr-x root/root         0 2022-12-29 03:30 usr/share/locale/pt/
drwxr-xr-x root/root         0 2022-12-29 03:30 usr/share/locale/pt/LC_MESSAGES/
-rw-r--r-- root/root     25972 2022-12-29 03:30 usr/share/locale/pt/LC_MESSAGES/libhandy.mo
drwxr-xr-x root/root         0 2022-12-29 03:30 usr/share/locale/pt_BR/
drwxr-xr-x root/root         0 2022-12-29 03:30 usr/share/locale/pt_BR/LC_MESSAGES/
-rw-r--r-- root/root     25996 2022-12-29 03:30 usr/share/locale/pt_BR/LC_MESSAGES/libhandy.mo
drwxr-xr-x root/root         0 2022-12-29 03:30 usr/share/locale/ro/
drwxr-xr-x root/root         0 2022-12-29 03:30 usr/share/locale/ro/LC_MESSAGES/
-rw-r--r-- root/root     25184 2022-12-29 03:30 usr/share/locale/ro/LC_MESSAGES/libhandy.mo
drwxr-xr-x root/root         0 2022-12-29 03:30 usr/share/locale/sl/
drwxr-xr-x root/root         0 2022-12-29 03:30 usr/share/locale/sl/LC_MESSAGES/
-rw-r--r-- root/root     11786 2022-12-29 03:30 usr/share/locale/sl/LC_MESSAGES/libhandy.mo
drwxr-xr-x root/root         0 2022-12-29 03:30 usr/share/locale/sr/
drwxr-xr-x root/root         0 2022-12-29 03:30 usr/share/locale/sr/LC_MESSAGES/
-rw-r--r-- root/root     32105 2022-12-29 03:30 usr/share/locale/sr/LC_MESSAGES/libhandy.mo
drwxr-xr-x root/root         0 2022-12-29 03:30 usr/share/locale/sv/
drwxr-xr-x root/root         0 2022-12-29 03:30 usr/share/locale/sv/LC_MESSAGES/
-rw-r--r-- root/root     25350 2022-12-29 03:30 usr/share/locale/sv/LC_MESSAGES/libhandy.mo
drwxr-xr-x root/root         0 2022-12-29 03:30 usr/share/locale/tr/
drwxr-xr-x root/root         0 2022-12-29 03:30 usr/share/locale/tr/LC_MESSAGES/
-rw-r--r-- root/root      2684 2022-12-29 03:30 usr/share/locale/tr/LC_MESSAGES/libhandy.mo
drwxr-xr-x root/root         0 2022-12-29 03:30 usr/share/locale/uk/
drwxr-xr-x root/root         0 2022-12-29 03:30 usr/share/locale/uk/LC_MESSAGES/
-rw-r--r-- root/root     34559 2022-12-29 03:30 usr/share/locale/uk/LC_MESSAGES/libhandy.mo
drwxr-xr-x root/root         0 2022-12-29 03:30 usr/share/locale/zh_CN/
drwxr-xr-x root/root         0 2022-12-29 03:30 usr/share/locale/zh_CN/LC_MESSAGES/
-rw-r--r-- root/root     23262 2022-12-29 03:30 usr/share/locale/zh_CN/LC_MESSAGES/libhandy.mo
drwxr-xr-x root/root         0 2022-12-29 03:30 usr/share/vala/
drwxr-xr-x root/root         0 2022-12-29 03:30 usr/share/vala/vapi/
-rw-r--r-- root/root        17 2022-12-29 03:29 usr/share/vala/vapi/libhandy-1.deps
-rw-r--r-- root/root     42202 2022-12-29 03:30 usr/share/vala/vapi/libhandy-1.vapi


