++========================================
||
||   Package:  ./light-1.2.2-x86_64-1_nwg.txz
||
++========================================
drwxr-xr-x root/root         0 2022-12-29 03:37 ./
drwxr-xr-x root/root         0 2022-12-29 03:37 install/
-rw-r--r-- root/root       813 2022-12-29 03:37 install/slack-desc
drwxr-xr-x root/root         0 2022-12-29 03:37 usr/
drwxr-xr-x root/root         0 2022-12-29 03:37 usr/bin/
-rwsr-sr-x root/root     35096 2022-12-29 03:37 usr/bin/light
drwxr-xr-x root/root         0 2022-12-29 03:37 usr/doc/
drwxr-xr-x root/root         0 2022-12-29 03:37 usr/doc/light-1.2.2/
-rw-r--r-- root/root     35147 2020-03-19 14:39 usr/doc/light-1.2.2/COPYING
-rw-r--r-- root/root      3863 2020-03-19 14:39 usr/doc/light-1.2.2/ChangeLog.md
-rw-r--r-- root/root      6623 2020-03-19 14:39 usr/doc/light-1.2.2/DOCUMENTATION.md
-rw-r--r-- root/root      6294 2020-03-19 14:39 usr/doc/light-1.2.2/README.md
-rw-r--r-- root/root      3544 2022-12-29 03:37 usr/doc/light-1.2.2/light.SlackBuild
drwxr-xr-x root/root         0 2022-12-29 03:37 usr/man/
drwxr-xr-x root/root         0 2022-12-29 03:37 usr/man/man1/
-rw-r--r-- root/root      1033 2022-12-29 03:37 usr/man/man1/light.1.gz


