++========================================
||
||   Package:  ./lxappearance-0.6.3-x86_64-1_nwg.txz
||
++========================================
drwxr-xr-x root/root         0 2022-12-29 04:13 ./
drwxr-xr-x root/root         0 2022-12-29 04:13 install/
-rw-r--r-- root/root       129 2022-12-29 04:13 install/doinst.sh
-rw-r--r-- root/root       851 2022-12-29 04:13 install/slack-desc
drwxr-xr-x root/root         0 2022-12-29 04:13 usr/
drwxr-xr-x root/root         0 2022-12-29 04:13 usr/bin/
-rwxr-xr-x root/root     52968 2022-12-29 04:13 usr/bin/lxappearance
drwxr-xr-x root/root         0 2022-12-29 04:13 usr/doc/
drwxr-xr-x root/root         0 2022-12-29 04:13 usr/doc/lxappearance-0.6.3/
-rw-r--r-- root/root       120 2016-02-20 17:48 usr/doc/lxappearance-0.6.3/AUTHORS
-rw-r--r-- root/root     18092 2016-02-20 17:48 usr/doc/lxappearance-0.6.3/COPYING
-rw-r--r-- root/root        22 2016-02-20 17:48 usr/doc/lxappearance-0.6.3/NEWS
-rw-r--r-- root/root       164 2016-02-20 17:48 usr/doc/lxappearance-0.6.3/README
-rw-r--r-- root/root      2480 2022-12-29 04:13 usr/doc/lxappearance-0.6.3/lxappearance.SlackBuild
drwxr-xr-x root/root         0 2022-12-29 04:13 usr/include/
drwxr-xr-x root/root         0 2022-12-29 04:13 usr/include/lxappearance/
-rw-r--r-- root/root      3407 2022-12-29 04:13 usr/include/lxappearance/lxappearance.h
drwxr-xr-x root/root         0 2022-12-29 04:13 usr/lib64/
drwxr-xr-x root/root         0 2022-12-29 04:13 usr/lib64/pkgconfig/
-rw-r--r-- root/root       253 2022-12-29 04:13 usr/lib64/pkgconfig/lxappearance.pc
drwxr-xr-x root/root         0 2022-12-29 04:13 usr/man/
drwxr-xr-x root/root         0 2022-12-29 04:13 usr/man/man1/
-rw-r--r-- root/root       987 2022-12-29 04:13 usr/man/man1/lxappearance.1.gz
drwxr-xr-x root/root         0 2022-12-29 04:13 usr/share/
drwxr-xr-x root/root         0 2022-12-29 04:13 usr/share/applications/
-rw-r--r-- root/root     10970 2022-12-29 04:13 usr/share/applications/lxappearance.desktop
drwxr-xr-x root/root         0 2022-12-29 04:13 usr/share/locale/
drwxr-xr-x root/root         0 2022-12-29 04:13 usr/share/locale/ar/
drwxr-xr-x root/root         0 2022-12-29 04:13 usr/share/locale/ar/LC_MESSAGES/
-rw-r--r-- root/root      6467 2022-12-29 04:13 usr/share/locale/ar/LC_MESSAGES/lxappearance.mo
drwxr-xr-x root/root         0 2022-12-29 04:13 usr/share/locale/be/
drwxr-xr-x root/root         0 2022-12-29 04:13 usr/share/locale/be/LC_MESSAGES/
-rw-r--r-- root/root      5893 2022-12-29 04:13 usr/share/locale/be/LC_MESSAGES/lxappearance.mo
drwxr-xr-x root/root         0 2022-12-29 04:13 usr/share/locale/bg/
drwxr-xr-x root/root         0 2022-12-29 04:13 usr/share/locale/bg/LC_MESSAGES/
-rw-r--r-- root/root      6484 2022-12-29 04:13 usr/share/locale/bg/LC_MESSAGES/lxappearance.mo
drwxr-xr-x root/root         0 2022-12-29 04:13 usr/share/locale/ca/
drwxr-xr-x root/root         0 2022-12-29 04:13 usr/share/locale/ca/LC_MESSAGES/
-rw-r--r-- root/root      3405 2022-12-29 04:13 usr/share/locale/ca/LC_MESSAGES/lxappearance.mo
drwxr-xr-x root/root         0 2022-12-29 04:13 usr/share/locale/cs/
drwxr-xr-x root/root         0 2022-12-29 04:13 usr/share/locale/cs/LC_MESSAGES/
-rw-r--r-- root/root      5695 2022-12-29 04:13 usr/share/locale/cs/LC_MESSAGES/lxappearance.mo
drwxr-xr-x root/root         0 2022-12-29 04:13 usr/share/locale/da/
drwxr-xr-x root/root         0 2022-12-29 04:13 usr/share/locale/da/LC_MESSAGES/
-rw-r--r-- root/root      4763 2022-12-29 04:13 usr/share/locale/da/LC_MESSAGES/lxappearance.mo
drwxr-xr-x root/root         0 2022-12-29 04:13 usr/share/locale/de/
drwxr-xr-x root/root         0 2022-12-29 04:13 usr/share/locale/de/LC_MESSAGES/
-rw-r--r-- root/root      5759 2022-12-29 04:13 usr/share/locale/de/LC_MESSAGES/lxappearance.mo
drwxr-xr-x root/root         0 2022-12-29 04:13 usr/share/locale/el/
drwxr-xr-x root/root         0 2022-12-29 04:13 usr/share/locale/el/LC_MESSAGES/
-rw-r--r-- root/root      7567 2022-12-29 04:13 usr/share/locale/el/LC_MESSAGES/lxappearance.mo
drwxr-xr-x root/root         0 2022-12-29 04:13 usr/share/locale/en_GB/
drwxr-xr-x root/root         0 2022-12-29 04:13 usr/share/locale/en_GB/LC_MESSAGES/
-rw-r--r-- root/root      4591 2022-12-29 04:13 usr/share/locale/en_GB/LC_MESSAGES/lxappearance.mo
drwxr-xr-x root/root         0 2022-12-29 04:13 usr/share/locale/es/
drwxr-xr-x root/root         0 2022-12-29 04:13 usr/share/locale/es/LC_MESSAGES/
-rw-r--r-- root/root      6149 2022-12-29 04:13 usr/share/locale/es/LC_MESSAGES/lxappearance.mo
drwxr-xr-x root/root         0 2022-12-29 04:13 usr/share/locale/et/
drwxr-xr-x root/root         0 2022-12-29 04:13 usr/share/locale/et/LC_MESSAGES/
-rw-r--r-- root/root      5174 2022-12-29 04:13 usr/share/locale/et/LC_MESSAGES/lxappearance.mo
drwxr-xr-x root/root         0 2022-12-29 04:13 usr/share/locale/eu/
drwxr-xr-x root/root         0 2022-12-29 04:13 usr/share/locale/eu/LC_MESSAGES/
-rw-r--r-- root/root      5832 2022-12-29 04:13 usr/share/locale/eu/LC_MESSAGES/lxappearance.mo
drwxr-xr-x root/root         0 2022-12-29 04:13 usr/share/locale/fa/
drwxr-xr-x root/root         0 2022-12-29 04:13 usr/share/locale/fa/LC_MESSAGES/
-rw-r--r-- root/root      4472 2022-12-29 04:13 usr/share/locale/fa/LC_MESSAGES/lxappearance.mo
drwxr-xr-x root/root         0 2022-12-29 04:13 usr/share/locale/fi/
drwxr-xr-x root/root         0 2022-12-29 04:13 usr/share/locale/fi/LC_MESSAGES/
-rw-r--r-- root/root      5006 2022-12-29 04:13 usr/share/locale/fi/LC_MESSAGES/lxappearance.mo
drwxr-xr-x root/root         0 2022-12-29 04:13 usr/share/locale/fo/
drwxr-xr-x root/root         0 2022-12-29 04:13 usr/share/locale/fo/LC_MESSAGES/
-rw-r--r-- root/root      3979 2022-12-29 04:13 usr/share/locale/fo/LC_MESSAGES/lxappearance.mo
drwxr-xr-x root/root         0 2022-12-29 04:13 usr/share/locale/fr/
drwxr-xr-x root/root         0 2022-12-29 04:13 usr/share/locale/fr/LC_MESSAGES/
-rw-r--r-- root/root      5843 2022-12-29 04:13 usr/share/locale/fr/LC_MESSAGES/lxappearance.mo
drwxr-xr-x root/root         0 2022-12-29 04:13 usr/share/locale/gl/
drwxr-xr-x root/root         0 2022-12-29 04:13 usr/share/locale/gl/LC_MESSAGES/
-rw-r--r-- root/root      6017 2022-12-29 04:13 usr/share/locale/gl/LC_MESSAGES/lxappearance.mo
drwxr-xr-x root/root         0 2022-12-29 04:13 usr/share/locale/he/
drwxr-xr-x root/root         0 2022-12-29 04:13 usr/share/locale/he/LC_MESSAGES/
-rw-r--r-- root/root      5710 2022-12-29 04:13 usr/share/locale/he/LC_MESSAGES/lxappearance.mo
drwxr-xr-x root/root         0 2022-12-29 04:13 usr/share/locale/hr/
drwxr-xr-x root/root         0 2022-12-29 04:13 usr/share/locale/hr/LC_MESSAGES/
-rw-r--r-- root/root      4538 2022-12-29 04:13 usr/share/locale/hr/LC_MESSAGES/lxappearance.mo
drwxr-xr-x root/root         0 2022-12-29 04:13 usr/share/locale/hu/
drwxr-xr-x root/root         0 2022-12-29 04:13 usr/share/locale/hu/LC_MESSAGES/
-rw-r--r-- root/root      5845 2022-12-29 04:13 usr/share/locale/hu/LC_MESSAGES/lxappearance.mo
drwxr-xr-x root/root         0 2022-12-29 04:13 usr/share/locale/id/
drwxr-xr-x root/root         0 2022-12-29 04:13 usr/share/locale/id/LC_MESSAGES/
-rw-r--r-- root/root      5518 2022-12-29 04:13 usr/share/locale/id/LC_MESSAGES/lxappearance.mo
drwxr-xr-x root/root         0 2022-12-29 04:13 usr/share/locale/is/
drwxr-xr-x root/root         0 2022-12-29 04:13 usr/share/locale/is/LC_MESSAGES/
-rw-r--r-- root/root      5794 2022-12-29 04:13 usr/share/locale/is/LC_MESSAGES/lxappearance.mo
drwxr-xr-x root/root         0 2022-12-29 04:13 usr/share/locale/it/
drwxr-xr-x root/root         0 2022-12-29 04:13 usr/share/locale/it/LC_MESSAGES/
-rw-r--r-- root/root      5841 2022-12-29 04:13 usr/share/locale/it/LC_MESSAGES/lxappearance.mo
drwxr-xr-x root/root         0 2022-12-29 04:13 usr/share/locale/ja/
drwxr-xr-x root/root         0 2022-12-29 04:13 usr/share/locale/ja/LC_MESSAGES/
-rw-r--r-- root/root      6526 2022-12-29 04:13 usr/share/locale/ja/LC_MESSAGES/lxappearance.mo
drwxr-xr-x root/root         0 2022-12-29 04:13 usr/share/locale/kk/
drwxr-xr-x root/root         0 2022-12-29 04:13 usr/share/locale/kk/LC_MESSAGES/
-rw-r--r-- root/root      6197 2022-12-29 04:13 usr/share/locale/kk/LC_MESSAGES/lxappearance.mo
drwxr-xr-x root/root         0 2022-12-29 04:13 usr/share/locale/ko/
drwxr-xr-x root/root         0 2022-12-29 04:13 usr/share/locale/ko/LC_MESSAGES/
-rw-r--r-- root/root      5847 2022-12-29 04:13 usr/share/locale/ko/LC_MESSAGES/lxappearance.mo
drwxr-xr-x root/root         0 2022-12-29 04:13 usr/share/locale/lg/
drwxr-xr-x root/root         0 2022-12-29 04:13 usr/share/locale/lg/LC_MESSAGES/
-rw-r--r-- root/root      5920 2022-12-29 04:13 usr/share/locale/lg/LC_MESSAGES/lxappearance.mo
drwxr-xr-x root/root         0 2022-12-29 04:13 usr/share/locale/lt/
drwxr-xr-x root/root         0 2022-12-29 04:13 usr/share/locale/lt/LC_MESSAGES/
-rw-r--r-- root/root      5142 2022-12-29 04:13 usr/share/locale/lt/LC_MESSAGES/lxappearance.mo
drwxr-xr-x root/root         0 2022-12-29 04:13 usr/share/locale/nl/
drwxr-xr-x root/root         0 2022-12-29 04:13 usr/share/locale/nl/LC_MESSAGES/
-rw-r--r-- root/root      5801 2022-12-29 04:13 usr/share/locale/nl/LC_MESSAGES/lxappearance.mo
drwxr-xr-x root/root         0 2022-12-29 04:13 usr/share/locale/pa/
drwxr-xr-x root/root         0 2022-12-29 04:13 usr/share/locale/pa/LC_MESSAGES/
-rw-r--r-- root/root      4437 2022-12-29 04:13 usr/share/locale/pa/LC_MESSAGES/lxappearance.mo
drwxr-xr-x root/root         0 2022-12-29 04:13 usr/share/locale/pl/
drwxr-xr-x root/root         0 2022-12-29 04:13 usr/share/locale/pl/LC_MESSAGES/
-rw-r--r-- root/root      5826 2022-12-29 04:13 usr/share/locale/pl/LC_MESSAGES/lxappearance.mo
drwxr-xr-x root/root         0 2022-12-29 04:13 usr/share/locale/pt/
drwxr-xr-x root/root         0 2022-12-29 04:13 usr/share/locale/pt/LC_MESSAGES/
-rw-r--r-- root/root      5705 2022-12-29 04:13 usr/share/locale/pt/LC_MESSAGES/lxappearance.mo
drwxr-xr-x root/root         0 2022-12-29 04:13 usr/share/locale/pt_BR/
drwxr-xr-x root/root         0 2022-12-29 04:13 usr/share/locale/pt_BR/LC_MESSAGES/
-rw-r--r-- root/root      6127 2022-12-29 04:13 usr/share/locale/pt_BR/LC_MESSAGES/lxappearance.mo
drwxr-xr-x root/root         0 2022-12-29 04:13 usr/share/locale/ro/
drwxr-xr-x root/root         0 2022-12-29 04:13 usr/share/locale/ro/LC_MESSAGES/
-rw-r--r-- root/root      4920 2022-12-29 04:13 usr/share/locale/ro/LC_MESSAGES/lxappearance.mo
drwxr-xr-x root/root         0 2022-12-29 04:13 usr/share/locale/ru/
drwxr-xr-x root/root         0 2022-12-29 04:13 usr/share/locale/ru/LC_MESSAGES/
-rw-r--r-- root/root      7215 2022-12-29 04:13 usr/share/locale/ru/LC_MESSAGES/lxappearance.mo
drwxr-xr-x root/root         0 2022-12-29 04:13 usr/share/locale/sl/
drwxr-xr-x root/root         0 2022-12-29 04:13 usr/share/locale/sl/LC_MESSAGES/
-rw-r--r-- root/root      5515 2022-12-29 04:13 usr/share/locale/sl/LC_MESSAGES/lxappearance.mo
drwxr-xr-x root/root         0 2022-12-29 04:13 usr/share/locale/sr/
drwxr-xr-x root/root         0 2022-12-29 04:13 usr/share/locale/sr/LC_MESSAGES/
-rw-r--r-- root/root      6903 2022-12-29 04:13 usr/share/locale/sr/LC_MESSAGES/lxappearance.mo
drwxr-xr-x root/root         0 2022-12-29 04:13 usr/share/locale/sr@latin/
drwxr-xr-x root/root         0 2022-12-29 04:13 usr/share/locale/sr@latin/LC_MESSAGES/
-rw-r--r-- root/root      5003 2022-12-29 04:13 usr/share/locale/sr@latin/LC_MESSAGES/lxappearance.mo
drwxr-xr-x root/root         0 2022-12-29 04:13 usr/share/locale/sv/
drwxr-xr-x root/root         0 2022-12-29 04:13 usr/share/locale/sv/LC_MESSAGES/
-rw-r--r-- root/root      4948 2022-12-29 04:13 usr/share/locale/sv/LC_MESSAGES/lxappearance.mo
drwxr-xr-x root/root         0 2022-12-29 04:13 usr/share/locale/te/
drwxr-xr-x root/root         0 2022-12-29 04:13 usr/share/locale/te/LC_MESSAGES/
-rw-r--r-- root/root      8453 2022-12-29 04:13 usr/share/locale/te/LC_MESSAGES/lxappearance.mo
drwxr-xr-x root/root         0 2022-12-29 04:13 usr/share/locale/tr/
drwxr-xr-x root/root         0 2022-12-29 04:13 usr/share/locale/tr/LC_MESSAGES/
-rw-r--r-- root/root      5788 2022-12-29 04:13 usr/share/locale/tr/LC_MESSAGES/lxappearance.mo
drwxr-xr-x root/root         0 2022-12-29 04:13 usr/share/locale/tt_RU/
drwxr-xr-x root/root         0 2022-12-29 04:13 usr/share/locale/tt_RU/LC_MESSAGES/
-rw-r--r-- root/root      5797 2022-12-29 04:13 usr/share/locale/tt_RU/LC_MESSAGES/lxappearance.mo
drwxr-xr-x root/root         0 2022-12-29 04:13 usr/share/locale/ug/
drwxr-xr-x root/root         0 2022-12-29 04:13 usr/share/locale/ug/LC_MESSAGES/
-rw-r--r-- root/root      6415 2022-12-29 04:13 usr/share/locale/ug/LC_MESSAGES/lxappearance.mo
drwxr-xr-x root/root         0 2022-12-29 04:13 usr/share/locale/uk/
drwxr-xr-x root/root         0 2022-12-29 04:13 usr/share/locale/uk/LC_MESSAGES/
-rw-r--r-- root/root      7074 2022-12-29 04:13 usr/share/locale/uk/LC_MESSAGES/lxappearance.mo
drwxr-xr-x root/root         0 2022-12-29 04:13 usr/share/locale/ur/
drwxr-xr-x root/root         0 2022-12-29 04:13 usr/share/locale/ur/LC_MESSAGES/
-rw-r--r-- root/root       436 2022-12-29 04:13 usr/share/locale/ur/LC_MESSAGES/lxappearance.mo
drwxr-xr-x root/root         0 2022-12-29 04:13 usr/share/locale/ur_PK/
drwxr-xr-x root/root         0 2022-12-29 04:13 usr/share/locale/ur_PK/LC_MESSAGES/
-rw-r--r-- root/root       439 2022-12-29 04:13 usr/share/locale/ur_PK/LC_MESSAGES/lxappearance.mo
drwxr-xr-x root/root         0 2022-12-29 04:13 usr/share/locale/vi/
drwxr-xr-x root/root         0 2022-12-29 04:13 usr/share/locale/vi/LC_MESSAGES/
-rw-r--r-- root/root      5200 2022-12-29 04:13 usr/share/locale/vi/LC_MESSAGES/lxappearance.mo
drwxr-xr-x root/root         0 2022-12-29 04:13 usr/share/locale/zh_CN/
drwxr-xr-x root/root         0 2022-12-29 04:13 usr/share/locale/zh_CN/LC_MESSAGES/
-rw-r--r-- root/root      4850 2022-12-29 04:13 usr/share/locale/zh_CN/LC_MESSAGES/lxappearance.mo
drwxr-xr-x root/root         0 2022-12-29 04:13 usr/share/locale/zh_TW/
drwxr-xr-x root/root         0 2022-12-29 04:13 usr/share/locale/zh_TW/LC_MESSAGES/
-rw-r--r-- root/root      5376 2022-12-29 04:13 usr/share/locale/zh_TW/LC_MESSAGES/lxappearance.mo
drwxr-xr-x root/root         0 2022-12-29 04:13 usr/share/lxappearance/
drwxr-xr-x root/root         0 2022-12-29 04:13 usr/share/lxappearance/ui/
-rw-r--r-- root/root      2240 2022-12-29 04:13 usr/share/lxappearance/ui/about.ui
-rw-r--r-- root/root     63496 2022-12-29 04:13 usr/share/lxappearance/ui/lxappearance.ui


