++========================================
||
||   Package:  ./maim-5.7.4-x86_64-1_nwg.txz
||
++========================================
drwxr-xr-x root/root         0 2022-12-29 03:50 ./
drwxr-xr-x root/root         0 2022-12-29 03:50 install/
-rw-r--r-- root/root       742 2022-12-29 03:50 install/slack-desc
drwxr-xr-x root/root         0 2022-12-29 03:50 usr/
drwxr-xr-x root/root         0 2022-12-29 03:50 usr/bin/
-rwxr-xr-x root/root   1082232 2022-12-29 03:50 usr/bin/maim
drwxr-xr-x root/root         0 2022-12-29 03:50 usr/doc/
drwxr-xr-x root/root         0 2022-12-29 03:50 usr/doc/maim-5.7.4/
-rw-r--r-- root/root     35147 2021-06-14 22:28 usr/doc/maim-5.7.4/COPYING
-rw-r--r-- root/root      4636 2021-06-14 22:28 usr/doc/maim-5.7.4/README.md
-rw-r--r-- root/root       719 2021-06-14 22:28 usr/doc/maim-5.7.4/license.txt
-rw-r--r-- root/root      3349 2022-12-29 03:50 usr/doc/maim-5.7.4/maim.SlackBuild
drwxr-xr-x root/root         0 2022-12-29 03:50 usr/man/
drwxr-xr-x root/root         0 2022-12-29 03:50 usr/man/man1/
-rw-r--r-- root/root      2449 2021-06-14 22:28 usr/man/man1/maim.1.gz


