++========================================
||
||   Package:  ./nwg-shell-config-0.4.10-x86_64-1_nwg.txz
||
++========================================
drwxr-xr-x root/root         0 2022-12-29 05:22 ./
drwxr-xr-x root/root         0 2022-12-29 05:22 install/
-rw-r--r-- root/root       959 2022-12-29 05:22 install/slack-desc
drwxr-xr-x root/root         0 2022-12-29 05:22 usr/
drwxr-xr-x root/root         0 2022-12-29 05:22 usr/bin/
-rwxr-xr-x root/root       994 2022-12-29 05:22 usr/bin/nwg-autotiling
-rwxr-xr-x root/root       982 2022-12-29 05:22 usr/bin/nwg-lock
-rwxr-xr-x root/root       998 2022-12-29 05:22 usr/bin/nwg-shell-config
-rwxr-xr-x root/root       994 2022-12-29 05:22 usr/bin/nwg-shell-help
-rwxr-xr-x root/root      1004 2022-12-29 05:22 usr/bin/nwg-shell-translate
-rwxr-xr-x root/root      1000 2022-12-29 05:22 usr/bin/nwg-shell-updater
drwxr-xr-x root/root         0 2022-12-29 05:22 usr/doc/
drwxr-xr-x root/root         0 2022-12-29 05:22 usr/doc/nwg-shell-config-0.4.10/
-rw-r--r-- root/root      1069 2022-12-19 19:40 usr/doc/nwg-shell-config-0.4.10/LICENSE
-rw-r--r-- root/root      5418 2022-12-19 19:40 usr/doc/nwg-shell-config-0.4.10/README.md
-rw-r--r-- root/root      3476 2022-12-29 05:22 usr/doc/nwg-shell-config-0.4.10/nwg-shell-config.SlackBuild
drwxr-xr-x root/root         0 2022-12-29 05:22 usr/lib64/
drwxr-xr-x root/root         0 2022-12-29 05:22 usr/lib64/python3.9/
drwxr-xr-x root/root         0 2022-12-29 05:22 usr/lib64/python3.9/site-packages/
drwxr-xr-x root/root         0 2022-12-29 05:22 usr/lib64/python3.9/site-packages/nwg_shell_config/
drwxr-xr-x root/root         0 2022-12-29 05:22 usr/lib64/python3.9/site-packages/nwg_shell_config-0.4.10-py3.9.egg-info/
-rw-r--r-- root/root       274 2022-12-29 05:22 usr/lib64/python3.9/site-packages/nwg_shell_config-0.4.10-py3.9.egg-info/PKG-INFO
-rw-r--r-- root/root      1164 2022-12-29 05:22 usr/lib64/python3.9/site-packages/nwg_shell_config-0.4.10-py3.9.egg-info/SOURCES.txt
-rw-r--r-- root/root         1 2022-12-29 05:22 usr/lib64/python3.9/site-packages/nwg_shell_config-0.4.10-py3.9.egg-info/dependency_links.txt
-rw-r--r-- root/root       298 2022-12-29 05:22 usr/lib64/python3.9/site-packages/nwg_shell_config-0.4.10-py3.9.egg-info/entry_points.txt
-rw-r--r-- root/root        17 2022-12-29 05:22 usr/lib64/python3.9/site-packages/nwg_shell_config-0.4.10-py3.9.egg-info/top_level.txt
-rw-r--r-- root/root       293 2022-12-19 19:40 usr/lib64/python3.9/site-packages/nwg_shell_config/__about__.py
-rw-r--r-- root/root         0 2022-12-19 19:40 usr/lib64/python3.9/site-packages/nwg_shell_config/__init__.py
drwxr-xr-x root/root         0 2022-12-29 05:22 usr/lib64/python3.9/site-packages/nwg_shell_config/__pycache__/
-rw-r--r-- root/root       415 2022-12-29 05:22 usr/lib64/python3.9/site-packages/nwg_shell_config/__pycache__/__about__.cpython-39.opt-1.pyc
-rw-r--r-- root/root       415 2022-12-29 05:22 usr/lib64/python3.9/site-packages/nwg_shell_config/__pycache__/__about__.cpython-39.pyc
-rw-r--r-- root/root       154 2022-12-29 05:22 usr/lib64/python3.9/site-packages/nwg_shell_config/__pycache__/__init__.cpython-39.opt-1.pyc
-rw-r--r-- root/root       154 2022-12-29 05:22 usr/lib64/python3.9/site-packages/nwg_shell_config/__pycache__/__init__.cpython-39.pyc
-rw-r--r-- root/root      5541 2022-12-29 05:22 usr/lib64/python3.9/site-packages/nwg_shell_config/__pycache__/autotiling.cpython-39.opt-1.pyc
-rw-r--r-- root/root      5541 2022-12-29 05:22 usr/lib64/python3.9/site-packages/nwg_shell_config/__pycache__/autotiling.cpython-39.pyc
-rw-r--r-- root/root      3738 2022-12-29 05:22 usr/lib64/python3.9/site-packages/nwg_shell_config/__pycache__/help.cpython-39.opt-1.pyc
-rw-r--r-- root/root      3738 2022-12-29 05:22 usr/lib64/python3.9/site-packages/nwg_shell_config/__pycache__/help.cpython-39.pyc
-rw-r--r-- root/root      6475 2022-12-29 05:22 usr/lib64/python3.9/site-packages/nwg_shell_config/__pycache__/locker.cpython-39.opt-1.pyc
-rw-r--r-- root/root      6475 2022-12-29 05:22 usr/lib64/python3.9/site-packages/nwg_shell_config/__pycache__/locker.cpython-39.pyc
-rw-r--r-- root/root     26922 2022-12-29 05:22 usr/lib64/python3.9/site-packages/nwg_shell_config/__pycache__/main.cpython-39.opt-1.pyc
-rw-r--r-- root/root     26922 2022-12-29 05:22 usr/lib64/python3.9/site-packages/nwg_shell_config/__pycache__/main.cpython-39.pyc
-rw-r--r-- root/root     11149 2022-12-29 05:22 usr/lib64/python3.9/site-packages/nwg_shell_config/__pycache__/tools.cpython-39.opt-1.pyc
-rw-r--r-- root/root     11149 2022-12-29 05:22 usr/lib64/python3.9/site-packages/nwg_shell_config/__pycache__/tools.cpython-39.pyc
-rw-r--r-- root/root      9174 2022-12-29 05:22 usr/lib64/python3.9/site-packages/nwg_shell_config/__pycache__/translate.cpython-39.opt-1.pyc
-rw-r--r-- root/root      9174 2022-12-29 05:22 usr/lib64/python3.9/site-packages/nwg_shell_config/__pycache__/translate.cpython-39.pyc
-rw-r--r-- root/root     47343 2022-12-29 05:22 usr/lib64/python3.9/site-packages/nwg_shell_config/__pycache__/ui_components.cpython-39.opt-1.pyc
-rw-r--r-- root/root     47343 2022-12-29 05:22 usr/lib64/python3.9/site-packages/nwg_shell_config/__pycache__/ui_components.cpython-39.pyc
-rw-r--r-- root/root      6075 2022-12-29 05:22 usr/lib64/python3.9/site-packages/nwg_shell_config/__pycache__/updater.cpython-39.opt-1.pyc
-rw-r--r-- root/root      6075 2022-12-29 05:22 usr/lib64/python3.9/site-packages/nwg_shell_config/__pycache__/updater.cpython-39.pyc
-rw-r--r-- root/root       640 2022-12-29 05:22 usr/lib64/python3.9/site-packages/nwg_shell_config/__pycache__/updates.cpython-39.opt-1.pyc
-rw-r--r-- root/root       640 2022-12-29 05:22 usr/lib64/python3.9/site-packages/nwg_shell_config/__pycache__/updates.cpython-39.pyc
-rw-r--r-- root/root      8696 2022-12-19 19:40 usr/lib64/python3.9/site-packages/nwg_shell_config/autotiling.py
drwxr-xr-x root/root         0 2022-12-29 05:22 usr/lib64/python3.9/site-packages/nwg_shell_config/glade/
-rw-r--r-- root/root      9682 2022-12-19 19:40 usr/lib64/python3.9/site-packages/nwg_shell_config/glade/form.glade
-rw-r--r-- root/root      3950 2022-12-19 19:40 usr/lib64/python3.9/site-packages/nwg_shell_config/help.py
drwxr-xr-x root/root         0 2022-12-29 05:22 usr/lib64/python3.9/site-packages/nwg_shell_config/langs/
-rw-r--r-- root/root       460 2022-12-19 19:40 usr/lib64/python3.9/site-packages/nwg_shell_config/langs/README.md
-rw-r--r-- root/root     14076 2022-12-19 19:40 usr/lib64/python3.9/site-packages/nwg_shell_config/langs/en_US.json
-rw-r--r-- root/root     13870 2022-12-19 19:40 usr/lib64/python3.9/site-packages/nwg_shell_config/langs/fr_FR.json
-rw-r--r-- root/root     13503 2022-12-19 19:40 usr/lib64/python3.9/site-packages/nwg_shell_config/langs/it_IT.json
-rw-r--r-- root/root     13410 2022-12-19 19:40 usr/lib64/python3.9/site-packages/nwg_shell_config/langs/nl_NL.json
-rw-r--r-- root/root     15437 2022-12-19 19:40 usr/lib64/python3.9/site-packages/nwg_shell_config/langs/pl_PL.json
-rw-r--r-- root/root     13687 2022-12-19 19:40 usr/lib64/python3.9/site-packages/nwg_shell_config/langs/pt_BR.json
-rw-r--r-- root/root     12776 2022-12-19 19:40 usr/lib64/python3.9/site-packages/nwg_shell_config/langs/sv_SE.json
-rw-r--r-- root/root     10212 2022-12-19 19:40 usr/lib64/python3.9/site-packages/nwg_shell_config/locker.py
-rw-r--r-- root/root     40091 2022-12-19 19:40 usr/lib64/python3.9/site-packages/nwg_shell_config/main.py
drwxr-xr-x root/root         0 2022-12-29 05:22 usr/lib64/python3.9/site-packages/nwg_shell_config/shell/
-rw-r--r-- root/root      1510 2022-12-19 19:40 usr/lib64/python3.9/site-packages/nwg_shell_config/shell/custom
-rw-r--r-- root/root      2313 2022-12-19 19:40 usr/lib64/python3.9/site-packages/nwg_shell_config/shell/help.pango
-rw-r--r-- root/root      1479 2022-12-19 19:40 usr/lib64/python3.9/site-packages/nwg_shell_config/shell/preset-0
-rw-r--r-- root/root      1478 2022-12-19 19:40 usr/lib64/python3.9/site-packages/nwg_shell_config/shell/preset-1
-rw-r--r-- root/root      1482 2022-12-19 19:40 usr/lib64/python3.9/site-packages/nwg_shell_config/shell/preset-2
-rw-r--r-- root/root      1472 2022-12-19 19:40 usr/lib64/python3.9/site-packages/nwg_shell_config/shell/preset-3
-rw-r--r-- root/root      2753 2022-12-19 19:40 usr/lib64/python3.9/site-packages/nwg_shell_config/shell/settings
-rw-r--r-- root/root     11917 2022-12-19 19:40 usr/lib64/python3.9/site-packages/nwg_shell_config/tools.py
-rw-r--r-- root/root     11174 2022-12-19 19:40 usr/lib64/python3.9/site-packages/nwg_shell_config/translate.py
-rw-r--r-- root/root     82823 2022-12-19 19:40 usr/lib64/python3.9/site-packages/nwg_shell_config/ui_components.py
-rw-r--r-- root/root      7592 2022-12-19 19:40 usr/lib64/python3.9/site-packages/nwg_shell_config/updater.py
drwxr-xr-x root/root         0 2022-12-29 05:22 usr/lib64/python3.9/site-packages/nwg_shell_config/updates/
-rw-r--r-- root/root      1181 2022-12-19 19:40 usr/lib64/python3.9/site-packages/nwg_shell_config/updates.py
-rw-r--r-- root/root       550 2022-12-19 19:40 usr/lib64/python3.9/site-packages/nwg_shell_config/updates/0.2.5
-rw-r--r-- root/root       699 2022-12-19 19:40 usr/lib64/python3.9/site-packages/nwg_shell_config/updates/0.3.0
-rw-r--r-- root/root       240 2022-12-19 19:40 usr/lib64/python3.9/site-packages/nwg_shell_config/updates/0.3.4
drwxr-xr-x root/root         0 2022-12-29 05:22 usr/share/
drwxr-xr-x root/root         0 2022-12-29 05:22 usr/share/applications/
-rw-r--r-- root/root       353 2022-12-29 05:22 usr/share/applications/nwg-shell-config.desktop
drwxr-xr-x root/root         0 2022-12-29 05:22 usr/share/pixmaps/
-rw-r--r-- root/root      8482 2022-12-29 05:22 usr/share/pixmaps/nwg-shell-config.svg
-rw-r--r-- root/root      5608 2022-12-29 05:22 usr/share/pixmaps/nwg-shell-translate.svg
-rw-r--r-- root/root      1921 2022-12-29 05:22 usr/share/pixmaps/nwg-shell-update.svg


