++========================================
||
||   Package:  ./nwg-launchers-0.7.1.1-x86_64-1_nwg.txz
||
++========================================
drwxr-xr-x root/root         0 2022-12-29 05:58 ./
drwxr-xr-x root/root         0 2022-12-29 05:58 install/
-rw-r--r-- root/root       815 2022-12-29 05:58 install/slack-desc
drwxr-xr-x root/root         0 2022-12-29 05:58 usr/
drwxr-xr-x root/root         0 2022-12-29 05:58 usr/bin/
-rwxr-xr-x root/root    385320 2022-12-29 05:58 usr/bin/nwgbar
-rwxr-xr-x root/root    365072 2022-12-29 05:58 usr/bin/nwgdmenu
-rwxr-xr-x root/root    504592 2022-12-29 05:58 usr/bin/nwggrid
-rwxr-xr-x root/root    558120 2022-12-29 05:58 usr/bin/nwggrid-server
drwxr-xr-x root/root         0 2022-12-29 05:58 usr/doc/
drwxr-xr-x root/root         0 2022-12-29 05:58 usr/doc/nwg-launchers-0.7.1.1/
-rw-r--r-- root/root       843 2022-10-24 21:34 usr/doc/nwg-launchers-0.7.1.1/CONTRIBUTING.md
-rw-r--r-- root/root     35149 2022-10-24 21:34 usr/doc/nwg-launchers-0.7.1.1/LICENSE
-rw-r--r-- root/root     14753 2022-10-24 21:34 usr/doc/nwg-launchers-0.7.1.1/README.md
-rw-r--r-- root/root      3543 2022-12-29 05:58 usr/doc/nwg-launchers-0.7.1.1/nwg-launchers.SlackBuild
drwxr-xr-x root/root         0 2022-12-29 05:58 usr/share/
drwxr-xr-x root/root         0 2022-12-29 05:58 usr/share/nwg-launchers/
-rw-r--r-- root/root     14753 2022-12-29 05:58 usr/share/nwg-launchers/README.md
-rw-r--r-- root/root      1255 2022-10-24 21:34 usr/share/nwg-launchers/icon-missing.png
-rw-r--r-- root/root      3200 2022-10-24 21:34 usr/share/nwg-launchers/icon-missing.svg
drwxr-xr-x root/root         0 2022-12-29 05:58 usr/share/nwg-launchers/nwgbar/
-rw-r--r-- root/root       388 2022-10-24 21:34 usr/share/nwg-launchers/nwgbar/bar.json
-rw-r--r-- root/root       478 2022-10-24 21:34 usr/share/nwg-launchers/nwgbar/style.css
drwxr-xr-x root/root         0 2022-12-29 05:58 usr/share/nwg-launchers/nwgdmenu/
-rw-r--r-- root/root       204 2022-10-24 21:34 usr/share/nwg-launchers/nwgdmenu/style.css
drwxr-xr-x root/root         0 2022-12-29 05:58 usr/share/nwg-launchers/nwggrid/
-rw-r--r-- root/root       287 2022-10-24 21:34 usr/share/nwg-launchers/nwggrid/grid.conf
-rw-r--r-- root/root       686 2022-10-24 21:34 usr/share/nwg-launchers/nwggrid/style.css


