++========================================
||
||   Package:  ./nwg-wrapper-0.1.3-x86_64-1_nwg.txz
||
++========================================
drwxr-xr-x root/root         0 2022-12-29 05:23 ./
drwxr-xr-x root/root         0 2022-12-29 05:23 install/
-rw-r--r-- root/root       941 2022-12-29 05:23 install/slack-desc
drwxr-xr-x root/root         0 2022-12-29 05:23 usr/
drwxr-xr-x root/root         0 2022-12-29 05:23 usr/bin/
-rwxr-xr-x root/root       970 2022-12-29 05:23 usr/bin/nwg-wrapper
drwxr-xr-x root/root         0 2022-12-29 05:23 usr/doc/
drwxr-xr-x root/root         0 2022-12-29 05:23 usr/doc/nwg-wrapper-0.1.3/
-rw-r--r-- root/root      1089 2022-09-10 20:50 usr/doc/nwg-wrapper-0.1.3/LICENSE
-rw-r--r-- root/root      6702 2022-09-10 20:50 usr/doc/nwg-wrapper-0.1.3/README.md
-rw-r--r-- root/root      3284 2022-12-29 05:23 usr/doc/nwg-wrapper-0.1.3/nwg-wrapper.SlackBuild
drwxr-xr-x root/root         0 2022-12-29 05:23 usr/lib64/
drwxr-xr-x root/root         0 2022-12-29 05:23 usr/lib64/python3.9/
drwxr-xr-x root/root         0 2022-12-29 05:23 usr/lib64/python3.9/site-packages/
drwxr-xr-x root/root         0 2022-12-29 05:23 usr/lib64/python3.9/site-packages/nwg_wrapper/
drwxr-xr-x root/root         0 2022-12-29 05:23 usr/lib64/python3.9/site-packages/nwg_wrapper-0.1.3-py3.9.egg-info/
-rw-r--r-- root/root       325 2022-12-29 05:23 usr/lib64/python3.9/site-packages/nwg_wrapper-0.1.3-py3.9.egg-info/PKG-INFO
-rw-r--r-- root/root       553 2022-12-29 05:23 usr/lib64/python3.9/site-packages/nwg_wrapper-0.1.3-py3.9.egg-info/SOURCES.txt
-rw-r--r-- root/root         1 2022-12-29 05:23 usr/lib64/python3.9/site-packages/nwg_wrapper-0.1.3-py3.9.egg-info/dependency_links.txt
-rw-r--r-- root/root        50 2022-12-29 05:23 usr/lib64/python3.9/site-packages/nwg_wrapper-0.1.3-py3.9.egg-info/entry_points.txt
-rw-r--r-- root/root        10 2022-12-29 05:23 usr/lib64/python3.9/site-packages/nwg_wrapper-0.1.3-py3.9.egg-info/requires.txt
-rw-r--r-- root/root        12 2022-12-29 05:23 usr/lib64/python3.9/site-packages/nwg_wrapper-0.1.3-py3.9.egg-info/top_level.txt
-rw-r--r-- root/root       204 2022-09-10 20:50 usr/lib64/python3.9/site-packages/nwg_wrapper/__about__.py
-rw-r--r-- root/root         0 2022-09-10 20:50 usr/lib64/python3.9/site-packages/nwg_wrapper/__init__.py
drwxr-xr-x root/root         0 2022-12-29 05:23 usr/lib64/python3.9/site-packages/nwg_wrapper/__pycache__/
-rw-r--r-- root/root       364 2022-12-29 05:23 usr/lib64/python3.9/site-packages/nwg_wrapper/__pycache__/__about__.cpython-39.opt-1.pyc
-rw-r--r-- root/root       364 2022-12-29 05:23 usr/lib64/python3.9/site-packages/nwg_wrapper/__pycache__/__about__.cpython-39.pyc
-rw-r--r-- root/root       149 2022-12-29 05:23 usr/lib64/python3.9/site-packages/nwg_wrapper/__pycache__/__init__.cpython-39.opt-1.pyc
-rw-r--r-- root/root       149 2022-12-29 05:23 usr/lib64/python3.9/site-packages/nwg_wrapper/__pycache__/__init__.cpython-39.pyc
-rw-r--r-- root/root      8627 2022-12-29 05:23 usr/lib64/python3.9/site-packages/nwg_wrapper/__pycache__/main.cpython-39.opt-1.pyc
-rw-r--r-- root/root      8627 2022-12-29 05:23 usr/lib64/python3.9/site-packages/nwg_wrapper/__pycache__/main.cpython-39.pyc
-rw-r--r-- root/root      5672 2022-12-29 05:23 usr/lib64/python3.9/site-packages/nwg_wrapper/__pycache__/tools.cpython-39.opt-1.pyc
-rw-r--r-- root/root      5672 2022-12-29 05:23 usr/lib64/python3.9/site-packages/nwg_wrapper/__pycache__/tools.cpython-39.pyc
drwxr-xr-x root/root         0 2022-12-29 05:23 usr/lib64/python3.9/site-packages/nwg_wrapper/config/
-rw-r--r-- root/root       282 2022-09-10 20:50 usr/lib64/python3.9/site-packages/nwg_wrapper/config/bindings.css
-rw-r--r-- root/root      1436 2022-09-10 20:50 usr/lib64/python3.9/site-packages/nwg_wrapper/config/bindings.pango
-rw-r--r-- root/root       254 2022-09-10 20:50 usr/lib64/python3.9/site-packages/nwg_wrapper/config/date-wttr.css
-rwxr-xr-x root/root       233 2022-09-10 20:50 usr/lib64/python3.9/site-packages/nwg_wrapper/config/date-wttr.sh
-rw-r--r-- root/root       386 2022-09-10 20:50 usr/lib64/python3.9/site-packages/nwg_wrapper/config/style.css
-rw-r--r-- root/root       254 2022-09-10 20:50 usr/lib64/python3.9/site-packages/nwg_wrapper/config/timezones.css
-rwxr-xr-x root/root       682 2022-09-10 20:50 usr/lib64/python3.9/site-packages/nwg_wrapper/config/timezones.sh
-rw-r--r-- root/root     12996 2022-09-10 20:50 usr/lib64/python3.9/site-packages/nwg_wrapper/main.py
-rw-r--r-- root/root      7334 2022-09-10 20:50 usr/lib64/python3.9/site-packages/nwg_wrapper/tools.py


