++========================================
||
||   Package:  ./nwg-icon-picker-0.0.1-x86_64-1_nwg.txz
||
++========================================
drwxr-xr-x root/root         0 2022-12-29 04:23 ./
drwxr-xr-x root/root         0 2022-12-29 04:23 install/
-rw-r--r-- root/root       129 2022-12-29 04:23 install/doinst.sh
-rw-r--r-- root/root       953 2022-12-29 04:23 install/slack-desc
drwxr-xr-x root/root         0 2022-12-29 04:23 usr/
drwxr-xr-x root/root         0 2022-12-29 04:23 usr/bin/
-rwxr-xr-x root/root       990 2022-12-29 04:23 usr/bin/nwg-icon-picker
drwxr-xr-x root/root         0 2022-12-29 04:23 usr/doc/
drwxr-xr-x root/root         0 2022-12-29 04:23 usr/doc/nwg-icon-picker-0.0.1/
-rw-r--r-- root/root       505 2022-05-21 21:08 usr/doc/nwg-icon-picker-0.0.1/README.md
-rw-r--r-- root/root      3589 2022-12-29 04:23 usr/doc/nwg-icon-picker-0.0.1/nwg-icon-picker.SlackBuild
drwxr-xr-x root/root         0 2022-12-29 04:23 usr/lib64/
drwxr-xr-x root/root         0 2022-12-29 04:23 usr/lib64/python3.9/
drwxr-xr-x root/root         0 2022-12-29 04:23 usr/lib64/python3.9/site-packages/
drwxr-xr-x root/root         0 2022-12-29 04:23 usr/lib64/python3.9/site-packages/nwg_icon_picker/
drwxr-xr-x root/root         0 2022-12-29 04:23 usr/lib64/python3.9/site-packages/nwg_icon_picker-0.0.1-py3.9.egg-info/
-rw-r--r-- root/root       253 2022-12-29 04:23 usr/lib64/python3.9/site-packages/nwg_icon_picker-0.0.1-py3.9.egg-info/PKG-INFO
-rw-r--r-- root/root       297 2022-12-29 04:23 usr/lib64/python3.9/site-packages/nwg_icon_picker-0.0.1-py3.9.egg-info/SOURCES.txt
-rw-r--r-- root/root         1 2022-12-29 04:23 usr/lib64/python3.9/site-packages/nwg_icon_picker-0.0.1-py3.9.egg-info/dependency_links.txt
-rw-r--r-- root/root        58 2022-12-29 04:23 usr/lib64/python3.9/site-packages/nwg_icon_picker-0.0.1-py3.9.egg-info/entry_points.txt
-rw-r--r-- root/root        16 2022-12-29 04:23 usr/lib64/python3.9/site-packages/nwg_icon_picker-0.0.1-py3.9.egg-info/top_level.txt
-rw-r--r-- root/root       208 2022-05-21 21:08 usr/lib64/python3.9/site-packages/nwg_icon_picker/__about__.py
-rw-r--r-- root/root         0 2022-05-21 21:08 usr/lib64/python3.9/site-packages/nwg_icon_picker/__init__.py
drwxr-xr-x root/root         0 2022-12-29 04:23 usr/lib64/python3.9/site-packages/nwg_icon_picker/__pycache__/
-rw-r--r-- root/root       372 2022-12-29 04:23 usr/lib64/python3.9/site-packages/nwg_icon_picker/__pycache__/__about__.cpython-39.opt-1.pyc
-rw-r--r-- root/root       372 2022-12-29 04:23 usr/lib64/python3.9/site-packages/nwg_icon_picker/__pycache__/__about__.cpython-39.pyc
-rw-r--r-- root/root       153 2022-12-29 04:23 usr/lib64/python3.9/site-packages/nwg_icon_picker/__pycache__/__init__.cpython-39.opt-1.pyc
-rw-r--r-- root/root       153 2022-12-29 04:23 usr/lib64/python3.9/site-packages/nwg_icon_picker/__pycache__/__init__.cpython-39.pyc
-rw-r--r-- root/root      5442 2022-12-29 04:23 usr/lib64/python3.9/site-packages/nwg_icon_picker/__pycache__/main.cpython-39.opt-1.pyc
-rw-r--r-- root/root      5442 2022-12-29 04:23 usr/lib64/python3.9/site-packages/nwg_icon_picker/__pycache__/main.cpython-39.pyc
-rw-r--r-- root/root      6065 2022-05-21 21:08 usr/lib64/python3.9/site-packages/nwg_icon_picker/main.py
drwxr-xr-x root/root         0 2022-12-29 04:23 usr/share/
drwxr-xr-x root/root         0 2022-12-29 04:23 usr/share/applications/
-rw-r--r-- root/root       333 2022-12-29 04:23 usr/share/applications/nwg-icon-picker.desktop
drwxr-xr-x root/root         0 2022-12-29 04:23 usr/share/pixmaps/
-rw-r--r-- root/root      3607 2022-12-29 04:23 usr/share/pixmaps/nwg-icon-picker.svg


