++========================================
||
||   Package:  ./nwg-shell-wallpapers-1.1-noarch-1_nwg.txz
||
++========================================
drwxr-xr-x root/root         0 2022-12-29 05:22 ./
drwxr-xr-x root/root         0 2022-12-29 05:22 install/
-rw-r--r-- root/root      1117 2022-12-29 05:22 install/slack-desc
drwxr-xr-x root/root         0 2022-12-29 05:22 usr/
drwxr-xr-x root/root         0 2022-12-29 05:22 usr/doc/
drwxr-xr-x root/root         0 2022-12-29 05:22 usr/doc/nwg-shell-wallpapers-1.1/
-rw-r--r-- root/root      7048 2022-10-31 19:23 usr/doc/nwg-shell-wallpapers-1.1/LICENSE
-rw-r--r-- root/root      1249 2022-10-31 19:23 usr/doc/nwg-shell-wallpapers-1.1/README.md
-rw-r--r-- root/root      2509 2022-12-29 05:22 usr/doc/nwg-shell-wallpapers-1.1/nwg-shell-wallpapers.SlackBuild
drwxr-xr-x root/root         0 2022-12-29 05:22 usr/share/
drwxr-xr-x root/root         0 2022-12-29 05:22 usr/share/backgrounds/
drwxr-xr-x root/root         0 2022-12-29 05:22 usr/share/backgrounds/nwg-shell/
-rw-r--r-- root/root   4039245 2022-12-29 05:22 usr/share/backgrounds/nwg-shell/badkarma-abstract.jpeg
-rw-r--r-- root/root    263307 2022-12-29 05:22 usr/share/backgrounds/nwg-shell/badkarma-fan.jpeg
-rw-r--r-- root/root    174475 2022-12-29 05:22 usr/share/backgrounds/nwg-shell/badkarma-glasses.jpeg
-rw-r--r-- root/root   2506839 2022-12-29 05:22 usr/share/backgrounds/nwg-shell/badkarma-headphones.jpeg
-rw-r--r-- root/root    204449 2022-12-29 05:22 usr/share/backgrounds/nwg-shell/badkarma-headphones1.jpeg
-rw-r--r-- root/root    160784 2022-12-29 05:22 usr/share/backgrounds/nwg-shell/badkarma-headphones2.jpeg
-rw-r--r-- root/root   2477143 2022-12-29 05:22 usr/share/backgrounds/nwg-shell/badkarma-headphones3.jpeg
-rw-r--r-- root/root   1172129 2022-12-29 05:22 usr/share/backgrounds/nwg-shell/badkarma-headphones4.png
-rw-r--r-- root/root    233003 2022-12-29 05:22 usr/share/backgrounds/nwg-shell/badkarma-mike.jpeg
-rw-r--r-- root/root   2636563 2022-12-29 05:22 usr/share/backgrounds/nwg-shell/badkarma-springs.jpeg
-rw-r--r-- root/root   1006800 2022-12-29 05:22 usr/share/backgrounds/nwg-shell/nwg-chain.jpg
-rw-r--r-- root/root   3671861 2022-12-29 05:22 usr/share/backgrounds/nwg-shell/nwg-hole.jpg
-rw-r--r-- root/root    751771 2022-12-29 05:22 usr/share/backgrounds/nwg-shell/nwg-simple.jpg


