++========================================
||
||   Package:  ./nwg-panel-0.7.15-x86_64-1_nwg.txz
||
++========================================
drwxr-xr-x root/root         0 2022-12-29 05:21 ./
drwxr-xr-x root/root         0 2022-12-29 05:21 install/
-rw-r--r-- root/root       129 2022-12-29 05:21 install/doinst.sh
-rw-r--r-- root/root       796 2022-12-29 05:21 install/slack-desc
drwxr-xr-x root/root         0 2022-12-29 05:21 usr/
drwxr-xr-x root/root         0 2022-12-29 05:21 usr/bin/
-rwxr-xr-x root/root       979 2022-12-29 05:21 usr/bin/nwg-dwl-interface
-rwxr-xr-x root/root       963 2022-12-29 05:21 usr/bin/nwg-panel
-rwxr-xr-x root/root       977 2022-12-29 05:21 usr/bin/nwg-panel-config
drwxr-xr-x root/root         0 2022-12-29 05:21 usr/doc/
drwxr-xr-x root/root         0 2022-12-29 05:21 usr/doc/nwg-panel-0.7.15/
-rw-r--r-- root/root       800 2022-12-09 21:49 usr/doc/nwg-panel-0.7.15/CONTRIBUTING.md
-rw-r--r-- root/root      1089 2022-12-09 21:49 usr/doc/nwg-panel-0.7.15/LICENSE
-rw-r--r-- root/root      1234 2022-12-09 21:49 usr/doc/nwg-panel-0.7.15/README.md
-rw-r--r-- root/root      3595 2022-12-29 05:21 usr/doc/nwg-panel-0.7.15/nwg-panel.SlackBuild
drwxr-xr-x root/root         0 2022-12-29 05:21 usr/lib64/
drwxr-xr-x root/root         0 2022-12-29 05:21 usr/lib64/python3.9/
drwxr-xr-x root/root         0 2022-12-29 05:21 usr/lib64/python3.9/site-packages/
drwxr-xr-x root/root         0 2022-12-29 05:21 usr/lib64/python3.9/site-packages/nwg_panel/
drwxr-xr-x root/root         0 2022-12-29 05:21 usr/lib64/python3.9/site-packages/nwg_panel-0.7.15-py3.9.egg-info/
-rw-r--r-- root/root       269 2022-12-29 05:21 usr/lib64/python3.9/site-packages/nwg_panel-0.7.15-py3.9.egg-info/PKG-INFO
-rw-r--r-- root/root      9990 2022-12-29 05:21 usr/lib64/python3.9/site-packages/nwg_panel-0.7.15-py3.9.egg-info/SOURCES.txt
-rw-r--r-- root/root         1 2022-12-29 05:21 usr/lib64/python3.9/site-packages/nwg_panel-0.7.15-py3.9.egg-info/dependency_links.txt
-rw-r--r-- root/root       136 2022-12-29 05:21 usr/lib64/python3.9/site-packages/nwg_panel-0.7.15-py3.9.egg-info/entry_points.txt
-rw-r--r-- root/root        10 2022-12-29 05:21 usr/lib64/python3.9/site-packages/nwg_panel-0.7.15-py3.9.egg-info/requires.txt
-rw-r--r-- root/root        10 2022-12-29 05:21 usr/lib64/python3.9/site-packages/nwg_panel-0.7.15-py3.9.egg-info/top_level.txt
-rw-r--r-- root/root       202 2022-12-09 21:49 usr/lib64/python3.9/site-packages/nwg_panel/__about__.py
-rw-r--r-- root/root         0 2022-12-09 21:49 usr/lib64/python3.9/site-packages/nwg_panel/__init__.py
drwxr-xr-x root/root         0 2022-12-29 05:21 usr/lib64/python3.9/site-packages/nwg_panel/__pycache__/
-rw-r--r-- root/root       360 2022-12-29 05:21 usr/lib64/python3.9/site-packages/nwg_panel/__pycache__/__about__.cpython-39.opt-1.pyc
-rw-r--r-- root/root       360 2022-12-29 05:21 usr/lib64/python3.9/site-packages/nwg_panel/__pycache__/__about__.cpython-39.pyc
-rw-r--r-- root/root       147 2022-12-29 05:21 usr/lib64/python3.9/site-packages/nwg_panel/__pycache__/__init__.cpython-39.opt-1.pyc
-rw-r--r-- root/root       147 2022-12-29 05:21 usr/lib64/python3.9/site-packages/nwg_panel/__pycache__/__init__.cpython-39.pyc
-rw-r--r-- root/root       691 2022-12-29 05:21 usr/lib64/python3.9/site-packages/nwg_panel/__pycache__/common.cpython-39.opt-1.pyc
-rw-r--r-- root/root       691 2022-12-29 05:21 usr/lib64/python3.9/site-packages/nwg_panel/__pycache__/common.cpython-39.pyc
-rw-r--r-- root/root     74716 2022-12-29 05:21 usr/lib64/python3.9/site-packages/nwg_panel/__pycache__/config.cpython-39.opt-1.pyc
-rw-r--r-- root/root     74716 2022-12-29 05:21 usr/lib64/python3.9/site-packages/nwg_panel/__pycache__/config.cpython-39.pyc
-rw-r--r-- root/root      3406 2022-12-29 05:21 usr/lib64/python3.9/site-packages/nwg_panel/__pycache__/dwl_interface.cpython-39.opt-1.pyc
-rw-r--r-- root/root      3406 2022-12-29 05:21 usr/lib64/python3.9/site-packages/nwg_panel/__pycache__/dwl_interface.cpython-39.pyc
-rw-r--r-- root/root     14668 2022-12-29 05:21 usr/lib64/python3.9/site-packages/nwg_panel/__pycache__/main.cpython-39.opt-1.pyc
-rw-r--r-- root/root     14668 2022-12-29 05:21 usr/lib64/python3.9/site-packages/nwg_panel/__pycache__/main.cpython-39.pyc
-rw-r--r-- root/root     17075 2022-12-29 05:21 usr/lib64/python3.9/site-packages/nwg_panel/__pycache__/tools.cpython-39.opt-1.pyc
-rw-r--r-- root/root     17075 2022-12-29 05:21 usr/lib64/python3.9/site-packages/nwg_panel/__pycache__/tools.cpython-39.pyc
-rw-r--r-- root/root       683 2022-12-09 21:49 usr/lib64/python3.9/site-packages/nwg_panel/common.py
drwxr-xr-x root/root         0 2022-12-29 05:21 usr/lib64/python3.9/site-packages/nwg_panel/config/
-rw-r--r-- root/root    135040 2022-12-09 21:49 usr/lib64/python3.9/site-packages/nwg_panel/config.py
-rw-r--r-- root/root      5748 2022-12-09 21:49 usr/lib64/python3.9/site-packages/nwg_panel/config/config
-rw-r--r-- root/root      2196 2022-12-09 21:49 usr/lib64/python3.9/site-packages/nwg_panel/config/style.css
-rw-r--r-- root/root      4256 2022-12-09 21:49 usr/lib64/python3.9/site-packages/nwg_panel/dwl_interface.py
drwxr-xr-x root/root         0 2022-12-29 05:21 usr/lib64/python3.9/site-packages/nwg_panel/executors/
drwxr-xr-x root/root         0 2022-12-29 05:21 usr/lib64/python3.9/site-packages/nwg_panel/executors/__pycache__/
-rw-r--r-- root/root      1665 2022-12-29 05:21 usr/lib64/python3.9/site-packages/nwg_panel/executors/__pycache__/arch_updates.cpython-39.opt-1.pyc
-rw-r--r-- root/root      1665 2022-12-29 05:21 usr/lib64/python3.9/site-packages/nwg_panel/executors/__pycache__/arch_updates.cpython-39.pyc
-rwxr-xr-x root/root      2221 2022-12-09 21:49 usr/lib64/python3.9/site-packages/nwg_panel/executors/arch_updates.py
-rwxr-xr-x root/root       487 2022-12-09 21:49 usr/lib64/python3.9/site-packages/nwg_panel/executors/au.sh
-rwxr-xr-x root/root        86 2022-12-09 21:49 usr/lib64/python3.9/site-packages/nwg_panel/executors/check-notifications
-rwxr-xr-x root/root       483 2022-12-09 21:49 usr/lib64/python3.9/site-packages/nwg_panel/executors/github.sh
drwxr-xr-x root/root         0 2022-12-29 05:21 usr/lib64/python3.9/site-packages/nwg_panel/glade/
-rw-r--r-- root/root     26229 2022-12-09 21:49 usr/lib64/python3.9/site-packages/nwg_panel/glade/config_brightness_slider.glade
-rw-r--r-- root/root     11793 2022-12-09 21:49 usr/lib64/python3.9/site-packages/nwg_panel/glade/config_button.glade
-rw-r--r-- root/root     20358 2022-12-09 21:49 usr/lib64/python3.9/site-packages/nwg_panel/glade/config_clock.glade
-rw-r--r-- root/root     25221 2022-12-09 21:49 usr/lib64/python3.9/site-packages/nwg_panel/glade/config_controls.glade
-rw-r--r-- root/root      5004 2022-12-09 21:49 usr/lib64/python3.9/site-packages/nwg_panel/glade/config_dwl_tags.glade
-rw-r--r-- root/root     19831 2022-12-09 21:49 usr/lib64/python3.9/site-packages/nwg_panel/glade/config_executor.glade
-rw-r--r-- root/root     27573 2022-12-09 21:49 usr/lib64/python3.9/site-packages/nwg_panel/glade/config_main.glade
-rw-r--r-- root/root     17948 2022-12-09 21:49 usr/lib64/python3.9/site-packages/nwg_panel/glade/config_menu_start.glade
-rw-r--r-- root/root      2563 2022-12-09 21:49 usr/lib64/python3.9/site-packages/nwg_panel/glade/config_modules.glade
-rw-r--r-- root/root     39277 2022-12-09 21:49 usr/lib64/python3.9/site-packages/nwg_panel/glade/config_openweather.glade
-rw-r--r-- root/root     18399 2022-12-09 21:49 usr/lib64/python3.9/site-packages/nwg_panel/glade/config_panel.glade
-rw-r--r-- root/root     11210 2022-12-09 21:49 usr/lib64/python3.9/site-packages/nwg_panel/glade/config_playerctl.glade
-rw-r--r-- root/root      5997 2022-12-09 21:49 usr/lib64/python3.9/site-packages/nwg_panel/glade/config_scratchpad.glade
-rw-r--r-- root/root     13036 2022-12-09 21:49 usr/lib64/python3.9/site-packages/nwg_panel/glade/config_sway_taskbar.glade
-rw-r--r-- root/root     12347 2022-12-09 21:49 usr/lib64/python3.9/site-packages/nwg_panel/glade/config_sway_workspaces.glade
-rw-r--r-- root/root     12878 2022-12-09 21:49 usr/lib64/python3.9/site-packages/nwg_panel/glade/config_swaync.glade
-rw-r--r-- root/root      6244 2022-12-09 21:49 usr/lib64/python3.9/site-packages/nwg_panel/glade/config_tray.glade
-rw-r--r-- root/root     16196 2022-12-09 21:49 usr/lib64/python3.9/site-packages/nwg_panel/glade/executor_import.glade
drwxr-xr-x root/root         0 2022-12-29 05:21 usr/lib64/python3.9/site-packages/nwg_panel/icons_color/
-rw-r--r-- root/root      2922 2022-12-09 21:49 usr/lib64/python3.9/site-packages/nwg_panel/icons_color/exclamation.svg
-rw-r--r-- root/root      5819 2022-12-09 21:49 usr/lib64/python3.9/site-packages/nwg_panel/icons_color/ow-01d.svg
-rw-r--r-- root/root      2656 2022-12-09 21:49 usr/lib64/python3.9/site-packages/nwg_panel/icons_color/ow-01n.svg
-rw-r--r-- root/root      6948 2022-12-09 21:49 usr/lib64/python3.9/site-packages/nwg_panel/icons_color/ow-02d.svg
-rw-r--r-- root/root      4244 2022-12-09 21:49 usr/lib64/python3.9/site-packages/nwg_panel/icons_color/ow-02n.svg
-rw-r--r-- root/root      1941 2022-12-09 21:49 usr/lib64/python3.9/site-packages/nwg_panel/icons_color/ow-03d.svg
-rw-r--r-- root/root      1941 2022-12-09 21:49 usr/lib64/python3.9/site-packages/nwg_panel/icons_color/ow-03n.svg
-rw-r--r-- root/root      4870 2022-12-09 21:49 usr/lib64/python3.9/site-packages/nwg_panel/icons_color/ow-04d.svg
-rw-r--r-- root/root      4870 2022-12-09 21:49 usr/lib64/python3.9/site-packages/nwg_panel/icons_color/ow-04n.svg
-rw-r--r-- root/root      2402 2022-12-09 21:49 usr/lib64/python3.9/site-packages/nwg_panel/icons_color/ow-09d.svg
-rw-r--r-- root/root      2402 2022-12-09 21:49 usr/lib64/python3.9/site-packages/nwg_panel/icons_color/ow-09n.svg
-rw-r--r-- root/root      7539 2022-12-09 21:49 usr/lib64/python3.9/site-packages/nwg_panel/icons_color/ow-10d.svg
-rw-r--r-- root/root      4787 2022-12-09 21:49 usr/lib64/python3.9/site-packages/nwg_panel/icons_color/ow-10n.svg
-rw-r--r-- root/root      4990 2022-12-09 21:49 usr/lib64/python3.9/site-packages/nwg_panel/icons_color/ow-11d.svg
-rw-r--r-- root/root      4990 2022-12-09 21:49 usr/lib64/python3.9/site-packages/nwg_panel/icons_color/ow-11n.svg
-rw-r--r-- root/root      4282 2022-12-09 21:49 usr/lib64/python3.9/site-packages/nwg_panel/icons_color/ow-13d.svg
-rw-r--r-- root/root      4282 2022-12-09 21:49 usr/lib64/python3.9/site-packages/nwg_panel/icons_color/ow-13n.svg
-rw-r--r-- root/root      2474 2022-12-09 21:49 usr/lib64/python3.9/site-packages/nwg_panel/icons_color/ow-50d.svg
-rw-r--r-- root/root      2474 2022-12-09 21:49 usr/lib64/python3.9/site-packages/nwg_panel/icons_color/ow-50n.svg
drwxr-xr-x root/root         0 2022-12-29 05:21 usr/lib64/python3.9/site-packages/nwg_panel/icons_dark/
-rw-r--r-- root/root      6065 2022-12-09 21:49 usr/lib64/python3.9/site-packages/nwg_panel/icons_dark/arch-linux.svg
-rw-r--r-- root/root      6216 2022-12-09 21:49 usr/lib64/python3.9/site-packages/nwg_panel/icons_dark/arch-notification.svg
-rw-r--r-- root/root       387 2022-12-09 21:49 usr/lib64/python3.9/site-packages/nwg_panel/icons_dark/audio-volume-high-symbolic.svg
-rw-r--r-- root/root       418 2022-12-09 21:49 usr/lib64/python3.9/site-packages/nwg_panel/icons_dark/audio-volume-low-symbolic.svg
-rw-r--r-- root/root       400 2022-12-09 21:49 usr/lib64/python3.9/site-packages/nwg_panel/icons_dark/audio-volume-medium-symbolic.svg
-rw-r--r-- root/root      1962 2022-12-09 21:49 usr/lib64/python3.9/site-packages/nwg_panel/icons_dark/audio-volume-muted-symbolic.svg
-rw-r--r-- root/root      3679 2022-12-09 21:49 usr/lib64/python3.9/site-packages/nwg_panel/icons_dark/azote.svg
-rw-r--r-- root/root      6397 2022-12-09 21:49 usr/lib64/python3.9/site-packages/nwg_panel/icons_dark/battery-empty-charging-symbolic.svg
-rw-r--r-- root/root      6182 2022-12-09 21:49 usr/lib64/python3.9/site-packages/nwg_panel/icons_dark/battery-empty-symbolic.svg
-rw-r--r-- root/root      6191 2022-12-09 21:49 usr/lib64/python3.9/site-packages/nwg_panel/icons_dark/battery-full-charging-symbolic.svg
-rw-r--r-- root/root      6077 2022-12-09 21:49 usr/lib64/python3.9/site-packages/nwg_panel/icons_dark/battery-full-symbolic.svg
-rw-r--r-- root/root      6345 2022-12-09 21:49 usr/lib64/python3.9/site-packages/nwg_panel/icons_dark/battery-good-charging-symbolic.svg
-rw-r--r-- root/root      6175 2022-12-09 21:49 usr/lib64/python3.9/site-packages/nwg_panel/icons_dark/battery-good-symbolic.svg
-rw-r--r-- root/root      6531 2022-12-09 21:49 usr/lib64/python3.9/site-packages/nwg_panel/icons_dark/battery-low-charging-symbolic.svg
-rw-r--r-- root/root      6172 2022-12-09 21:49 usr/lib64/python3.9/site-packages/nwg_panel/icons_dark/battery-low-symbolic.svg
-rw-r--r-- root/root      3440 2022-12-09 21:49 usr/lib64/python3.9/site-packages/nwg_panel/icons_dark/bell.svg
-rw-r--r-- root/root      6449 2022-12-09 21:49 usr/lib64/python3.9/site-packages/nwg_panel/icons_dark/bluetooth-active-symbolic.svg
-rw-r--r-- root/root      7010 2022-12-09 21:49 usr/lib64/python3.9/site-packages/nwg_panel/icons_dark/bluetooth-disabled-symbolic.svg
-rw-r--r-- root/root      4253 2022-12-09 21:49 usr/lib64/python3.9/site-packages/nwg_panel/icons_dark/cloud.svg
-rw-r--r-- root/root      9678 2022-12-09 21:49 usr/lib64/python3.9/site-packages/nwg_panel/icons_dark/display-brightness-high-symbolic.svg
-rw-r--r-- root/root      9487 2022-12-09 21:49 usr/lib64/python3.9/site-packages/nwg_panel/icons_dark/display-brightness-low-symbolic.svg
-rw-r--r-- root/root      9459 2022-12-09 21:49 usr/lib64/python3.9/site-packages/nwg_panel/icons_dark/display-brightness-medium-symbolic.svg
-rw-r--r-- root/root       217 2022-12-09 21:49 usr/lib64/python3.9/site-packages/nwg_panel/icons_dark/document-open-symbolic.svg
-rw-r--r-- root/root      1935 2022-12-09 21:49 usr/lib64/python3.9/site-packages/nwg_panel/icons_dark/edit-clear.svg
-rw-r--r-- root/root      7096 2022-12-09 21:49 usr/lib64/python3.9/site-packages/nwg_panel/icons_dark/edit-delete-symbolic.svg
-rw-r--r-- root/root      8633 2022-12-09 21:49 usr/lib64/python3.9/site-packages/nwg_panel/icons_dark/emblem-system-symbolic.svg
-rw-r--r-- root/root      2312 2022-12-09 21:49 usr/lib64/python3.9/site-packages/nwg_panel/icons_dark/exclamation.svg
-rw-r--r-- root/root      5519 2022-12-09 21:49 usr/lib64/python3.9/site-packages/nwg_panel/icons_dark/eye.svg
-rw-r--r-- root/root      3039 2022-12-09 21:49 usr/lib64/python3.9/site-packages/nwg_panel/icons_dark/github.svg
-rw-r--r-- root/root      1710 2022-12-09 21:49 usr/lib64/python3.9/site-packages/nwg_panel/icons_dark/go-down-symbolic.svg
-rw-r--r-- root/root      1743 2022-12-09 21:49 usr/lib64/python3.9/site-packages/nwg_panel/icons_dark/go-next-symbolic.svg
-rw-r--r-- root/root      6622 2022-12-09 21:49 usr/lib64/python3.9/site-packages/nwg_panel/icons_dark/grid.svg
-rw-r--r-- root/root      1717 2022-12-09 21:49 usr/lib64/python3.9/site-packages/nwg_panel/icons_dark/gtk-apply.svg
-rw-r--r-- root/root      2071 2022-12-09 21:49 usr/lib64/python3.9/site-packages/nwg_panel/icons_dark/gtk-close.svg
-rw-r--r-- root/root      4401 2022-12-09 21:49 usr/lib64/python3.9/site-packages/nwg_panel/icons_dark/humidity.svg
-rw-r--r-- root/root      6557 2022-12-09 21:49 usr/lib64/python3.9/site-packages/nwg_panel/icons_dark/list-add-symbolic.svg
-rw-r--r-- root/root      2419 2022-12-09 21:49 usr/lib64/python3.9/site-packages/nwg_panel/icons_dark/measure.svg
-rw-r--r-- root/root       197 2022-12-09 21:49 usr/lib64/python3.9/site-packages/nwg_panel/icons_dark/media-playback-pause-symbolic.svg
-rw-r--r-- root/root       139 2022-12-09 21:49 usr/lib64/python3.9/site-packages/nwg_panel/icons_dark/media-playback-start-symbolic.svg
-rw-r--r-- root/root       179 2022-12-09 21:49 usr/lib64/python3.9/site-packages/nwg_panel/icons_dark/media-skip-backward-symbolic.svg
-rw-r--r-- root/root       181 2022-12-09 21:49 usr/lib64/python3.9/site-packages/nwg_panel/icons_dark/media-skip-forward-symbolic.svg
-rw-r--r-- root/root      1630 2022-12-09 21:49 usr/lib64/python3.9/site-packages/nwg_panel/icons_dark/music.svg
-rw-r--r-- root/root      3098 2022-12-09 21:49 usr/lib64/python3.9/site-packages/nwg_panel/icons_dark/network-wired-disconnected-symbolic.svg
-rw-r--r-- root/root      3079 2022-12-09 21:49 usr/lib64/python3.9/site-packages/nwg_panel/icons_dark/network-wired-symbolic.svg
-rw-r--r-- root/root      6717 2022-12-09 21:49 usr/lib64/python3.9/site-packages/nwg_panel/icons_dark/network-wireless-connected-symbolic.svg
-rw-r--r-- root/root      7324 2022-12-09 21:49 usr/lib64/python3.9/site-packages/nwg_panel/icons_dark/network-wireless-disconnected-symbolic.svg
-rw-r--r-- root/root      3375 2022-12-09 21:49 usr/lib64/python3.9/site-packages/nwg_panel/icons_dark/nwg-displays.svg
-rw-r--r-- root/root     10799 2022-12-09 21:49 usr/lib64/python3.9/site-packages/nwg_panel/icons_dark/nwg-look.svg
-rw-r--r-- root/root      3748 2022-12-09 21:49 usr/lib64/python3.9/site-packages/nwg_panel/icons_dark/nwg-panel.svg
-rw-r--r-- root/root      8580 2022-12-09 21:49 usr/lib64/python3.9/site-packages/nwg_panel/icons_dark/nwg-shell-config.svg
-rw-r--r-- root/root      1704 2022-12-09 21:49 usr/lib64/python3.9/site-packages/nwg_panel/icons_dark/nwg-shell.svg
-rw-r--r-- root/root      5166 2022-12-09 21:49 usr/lib64/python3.9/site-packages/nwg_panel/icons_dark/nwgocc-symbolic.svg
-rw-r--r-- root/root      4555 2022-12-09 21:49 usr/lib64/python3.9/site-packages/nwg_panel/icons_dark/ow-01d.svg
-rw-r--r-- root/root      4913 2022-12-09 21:49 usr/lib64/python3.9/site-packages/nwg_panel/icons_dark/ow-01n.svg
-rw-r--r-- root/root      7748 2022-12-09 21:49 usr/lib64/python3.9/site-packages/nwg_panel/icons_dark/ow-02d.svg
-rw-r--r-- root/root      8237 2022-12-09 21:49 usr/lib64/python3.9/site-packages/nwg_panel/icons_dark/ow-02n.svg
-rw-r--r-- root/root      4692 2022-12-09 21:49 usr/lib64/python3.9/site-packages/nwg_panel/icons_dark/ow-03d.svg
-rw-r--r-- root/root      4692 2022-12-09 21:49 usr/lib64/python3.9/site-packages/nwg_panel/icons_dark/ow-03n.svg
-rw-r--r-- root/root      7339 2022-12-09 21:49 usr/lib64/python3.9/site-packages/nwg_panel/icons_dark/ow-04d.svg
-rw-r--r-- root/root      7339 2022-12-09 21:49 usr/lib64/python3.9/site-packages/nwg_panel/icons_dark/ow-04n.svg
-rw-r--r-- root/root     13857 2022-12-09 21:49 usr/lib64/python3.9/site-packages/nwg_panel/icons_dark/ow-09d.svg
-rw-r--r-- root/root     13857 2022-12-09 21:49 usr/lib64/python3.9/site-packages/nwg_panel/icons_dark/ow-09n.svg
-rw-r--r-- root/root      8440 2022-12-09 21:49 usr/lib64/python3.9/site-packages/nwg_panel/icons_dark/ow-10d.svg
-rw-r--r-- root/root      7119 2022-12-09 21:49 usr/lib64/python3.9/site-packages/nwg_panel/icons_dark/ow-10n.svg
-rw-r--r-- root/root      8458 2022-12-09 21:49 usr/lib64/python3.9/site-packages/nwg_panel/icons_dark/ow-11d.svg
-rw-r--r-- root/root      8458 2022-12-09 21:49 usr/lib64/python3.9/site-packages/nwg_panel/icons_dark/ow-11n.svg
-rw-r--r-- root/root     13996 2022-12-09 21:49 usr/lib64/python3.9/site-packages/nwg_panel/icons_dark/ow-13d.svg
-rw-r--r-- root/root     13996 2022-12-09 21:49 usr/lib64/python3.9/site-packages/nwg_panel/icons_dark/ow-13n.svg
-rw-r--r-- root/root      8913 2022-12-09 21:49 usr/lib64/python3.9/site-packages/nwg_panel/icons_dark/ow-50d.svg
-rw-r--r-- root/root      8913 2022-12-09 21:49 usr/lib64/python3.9/site-packages/nwg_panel/icons_dark/ow-50n.svg
-rw-r--r-- root/root      1597 2022-12-09 21:49 usr/lib64/python3.9/site-packages/nwg_panel/icons_dark/pan-down-symbolic.svg
-rw-r--r-- root/root      1560 2022-12-09 21:49 usr/lib64/python3.9/site-packages/nwg_panel/icons_dark/pan-end-symbolic.svg
-rw-r--r-- root/root      3703 2022-12-09 21:49 usr/lib64/python3.9/site-packages/nwg_panel/icons_dark/pressure.svg
-rw-r--r-- root/root      1791 2022-12-09 21:49 usr/lib64/python3.9/site-packages/nwg_panel/icons_dark/sunrise.svg
-rw-r--r-- root/root      1777 2022-12-09 21:49 usr/lib64/python3.9/site-packages/nwg_panel/icons_dark/sunset.svg
-rw-r--r-- root/root      7324 2022-12-09 21:49 usr/lib64/python3.9/site-packages/nwg_panel/icons_dark/system-lock-screen.svg
-rw-r--r-- root/root      2099 2022-12-09 21:49 usr/lib64/python3.9/site-packages/nwg_panel/icons_dark/system-shutdown-symbolic.svg
-rw-r--r-- root/root      6279 2022-12-09 21:49 usr/lib64/python3.9/site-packages/nwg_panel/icons_dark/umbrella.svg
-rw-r--r-- root/root      6732 2022-12-09 21:49 usr/lib64/python3.9/site-packages/nwg_panel/icons_dark/user-available-symbolic.svg
-rw-r--r-- root/root      1739 2022-12-09 21:49 usr/lib64/python3.9/site-packages/nwg_panel/icons_dark/view-dual-symbolic.svg
-rw-r--r-- root/root      1857 2022-12-09 21:49 usr/lib64/python3.9/site-packages/nwg_panel/icons_dark/view-paged-symbolic.svg
-rw-r--r-- root/root      6305 2022-12-09 21:49 usr/lib64/python3.9/site-packages/nwg_panel/icons_dark/view-refresh-symbolic.svg
-rw-r--r-- root/root      4509 2022-12-09 21:49 usr/lib64/python3.9/site-packages/nwg_panel/icons_dark/wind.svg
-rw-r--r-- root/root      2344 2022-12-09 21:49 usr/lib64/python3.9/site-packages/nwg_panel/icons_dark/window-close-symbolic.svg
-rw-r--r-- root/root      1995 2022-12-09 21:49 usr/lib64/python3.9/site-packages/nwg_panel/icons_dark/window-pop-out-symbolic.svg
drwxr-xr-x root/root         0 2022-12-29 05:21 usr/lib64/python3.9/site-packages/nwg_panel/icons_light/
-rw-r--r-- root/root      6065 2022-12-09 21:49 usr/lib64/python3.9/site-packages/nwg_panel/icons_light/arch-linux.svg
-rw-r--r-- root/root      6216 2022-12-09 21:49 usr/lib64/python3.9/site-packages/nwg_panel/icons_light/arch-notification.svg
-rw-r--r-- root/root       387 2022-12-09 21:49 usr/lib64/python3.9/site-packages/nwg_panel/icons_light/audio-volume-high-symbolic.svg
-rw-r--r-- root/root       418 2022-12-09 21:49 usr/lib64/python3.9/site-packages/nwg_panel/icons_light/audio-volume-low-symbolic.svg
-rw-r--r-- root/root       400 2022-12-09 21:49 usr/lib64/python3.9/site-packages/nwg_panel/icons_light/audio-volume-medium-symbolic.svg
-rw-r--r-- root/root      1962 2022-12-09 21:49 usr/lib64/python3.9/site-packages/nwg_panel/icons_light/audio-volume-muted-symbolic.svg
-rw-r--r-- root/root      3679 2022-12-09 21:49 usr/lib64/python3.9/site-packages/nwg_panel/icons_light/azote.svg
-rw-r--r-- root/root      6397 2022-12-09 21:49 usr/lib64/python3.9/site-packages/nwg_panel/icons_light/battery-empty-charging-symbolic.svg
-rw-r--r-- root/root      6182 2022-12-09 21:49 usr/lib64/python3.9/site-packages/nwg_panel/icons_light/battery-empty-symbolic.svg
-rw-r--r-- root/root      6191 2022-12-09 21:49 usr/lib64/python3.9/site-packages/nwg_panel/icons_light/battery-full-charging-symbolic.svg
-rw-r--r-- root/root      6077 2022-12-09 21:49 usr/lib64/python3.9/site-packages/nwg_panel/icons_light/battery-full-symbolic.svg
-rw-r--r-- root/root      6345 2022-12-09 21:49 usr/lib64/python3.9/site-packages/nwg_panel/icons_light/battery-good-charging-symbolic.svg
-rw-r--r-- root/root      6175 2022-12-09 21:49 usr/lib64/python3.9/site-packages/nwg_panel/icons_light/battery-good-symbolic.svg
-rw-r--r-- root/root      6531 2022-12-09 21:49 usr/lib64/python3.9/site-packages/nwg_panel/icons_light/battery-low-charging-symbolic.svg
-rw-r--r-- root/root      6172 2022-12-09 21:49 usr/lib64/python3.9/site-packages/nwg_panel/icons_light/battery-low-symbolic.svg
-rw-r--r-- root/root      3440 2022-12-09 21:49 usr/lib64/python3.9/site-packages/nwg_panel/icons_light/bell.svg
-rw-r--r-- root/root      6449 2022-12-09 21:49 usr/lib64/python3.9/site-packages/nwg_panel/icons_light/bluetooth-active-symbolic.svg
-rw-r--r-- root/root      7010 2022-12-09 21:49 usr/lib64/python3.9/site-packages/nwg_panel/icons_light/bluetooth-disabled-symbolic.svg
-rw-r--r-- root/root      4253 2022-12-09 21:49 usr/lib64/python3.9/site-packages/nwg_panel/icons_light/cloud.svg
-rw-r--r-- root/root      9678 2022-12-09 21:49 usr/lib64/python3.9/site-packages/nwg_panel/icons_light/display-brightness-high-symbolic.svg
-rw-r--r-- root/root      9487 2022-12-09 21:49 usr/lib64/python3.9/site-packages/nwg_panel/icons_light/display-brightness-low-symbolic.svg
-rw-r--r-- root/root      9459 2022-12-09 21:49 usr/lib64/python3.9/site-packages/nwg_panel/icons_light/display-brightness-medium-symbolic.svg
-rw-r--r-- root/root       217 2022-12-09 21:49 usr/lib64/python3.9/site-packages/nwg_panel/icons_light/document-open-symbolic.svg
-rw-r--r-- root/root      1928 2022-12-09 21:49 usr/lib64/python3.9/site-packages/nwg_panel/icons_light/edit-clear.svg
-rw-r--r-- root/root      7101 2022-12-09 21:49 usr/lib64/python3.9/site-packages/nwg_panel/icons_light/edit-delete-symbolic.svg
-rw-r--r-- root/root      8642 2022-12-09 21:49 usr/lib64/python3.9/site-packages/nwg_panel/icons_light/emblem-system-symbolic.svg
-rw-r--r-- root/root      2316 2022-12-09 21:49 usr/lib64/python3.9/site-packages/nwg_panel/icons_light/exclamation.svg
-rw-r--r-- root/root      5519 2022-12-09 21:49 usr/lib64/python3.9/site-packages/nwg_panel/icons_light/eye.svg
-rw-r--r-- root/root      3039 2022-12-09 21:49 usr/lib64/python3.9/site-packages/nwg_panel/icons_light/github.svg
-rw-r--r-- root/root      1710 2022-12-09 21:49 usr/lib64/python3.9/site-packages/nwg_panel/icons_light/go-down-symbolic.svg
-rw-r--r-- root/root      1707 2022-12-09 21:49 usr/lib64/python3.9/site-packages/nwg_panel/icons_light/go-next-symbolic.svg
-rw-r--r-- root/root      6622 2022-12-09 21:49 usr/lib64/python3.9/site-packages/nwg_panel/icons_light/grid.svg
-rw-r--r-- root/root      1717 2022-12-09 21:49 usr/lib64/python3.9/site-packages/nwg_panel/icons_light/gtk-apply.svg
-rw-r--r-- root/root      2086 2022-12-09 21:49 usr/lib64/python3.9/site-packages/nwg_panel/icons_light/gtk-close.svg
-rw-r--r-- root/root      4401 2022-12-09 21:49 usr/lib64/python3.9/site-packages/nwg_panel/icons_light/humidity.svg
-rw-r--r-- root/root      6932 2022-12-09 21:49 usr/lib64/python3.9/site-packages/nwg_panel/icons_light/icon-missing.svg
-rw-r--r-- root/root      6557 2022-12-09 21:49 usr/lib64/python3.9/site-packages/nwg_panel/icons_light/list-add-symbolic.svg
-rw-r--r-- root/root      2419 2022-12-09 21:49 usr/lib64/python3.9/site-packages/nwg_panel/icons_light/measure.svg
-rw-r--r-- root/root       197 2022-12-09 21:49 usr/lib64/python3.9/site-packages/nwg_panel/icons_light/media-playback-pause-symbolic.svg
-rw-r--r-- root/root       139 2022-12-09 21:49 usr/lib64/python3.9/site-packages/nwg_panel/icons_light/media-playback-start-symbolic.svg
-rw-r--r-- root/root       179 2022-12-09 21:49 usr/lib64/python3.9/site-packages/nwg_panel/icons_light/media-skip-backward-symbolic.svg
-rw-r--r-- root/root       181 2022-12-09 21:49 usr/lib64/python3.9/site-packages/nwg_panel/icons_light/media-skip-forward-symbolic.svg
-rw-r--r-- root/root      1630 2022-12-09 21:49 usr/lib64/python3.9/site-packages/nwg_panel/icons_light/music.svg
-rw-r--r-- root/root      3098 2022-12-09 21:49 usr/lib64/python3.9/site-packages/nwg_panel/icons_light/network-wired-disconnected-symbolic.svg
-rw-r--r-- root/root      3079 2022-12-09 21:49 usr/lib64/python3.9/site-packages/nwg_panel/icons_light/network-wired-symbolic.svg
-rw-r--r-- root/root      6717 2022-12-09 21:49 usr/lib64/python3.9/site-packages/nwg_panel/icons_light/network-wireless-connected-symbolic.svg
-rw-r--r-- root/root      7324 2022-12-09 21:49 usr/lib64/python3.9/site-packages/nwg_panel/icons_light/network-wireless-disconnected-symbolic.svg
-rw-r--r-- root/root      3375 2022-12-09 21:49 usr/lib64/python3.9/site-packages/nwg_panel/icons_light/nwg-displays.svg
-rw-r--r-- root/root     10799 2022-12-09 21:49 usr/lib64/python3.9/site-packages/nwg_panel/icons_light/nwg-look.svg
-rw-r--r-- root/root      3748 2022-12-09 21:49 usr/lib64/python3.9/site-packages/nwg_panel/icons_light/nwg-panel.svg
-rw-r--r-- root/root      8580 2022-12-09 21:49 usr/lib64/python3.9/site-packages/nwg_panel/icons_light/nwg-shell-config.svg
-rw-r--r-- root/root      1678 2022-12-09 21:49 usr/lib64/python3.9/site-packages/nwg_panel/icons_light/nwg-shell.svg
-rw-r--r-- root/root      5165 2022-12-09 21:49 usr/lib64/python3.9/site-packages/nwg_panel/icons_light/nwgocc-symbolic.svg
-rw-r--r-- root/root      4552 2022-12-09 21:49 usr/lib64/python3.9/site-packages/nwg_panel/icons_light/ow-01d.svg
-rw-r--r-- root/root      4913 2022-12-09 21:49 usr/lib64/python3.9/site-packages/nwg_panel/icons_light/ow-01n.svg
-rw-r--r-- root/root      7748 2022-12-09 21:49 usr/lib64/python3.9/site-packages/nwg_panel/icons_light/ow-02d.svg
-rw-r--r-- root/root      8237 2022-12-09 21:49 usr/lib64/python3.9/site-packages/nwg_panel/icons_light/ow-02n.svg
-rw-r--r-- root/root      4692 2022-12-09 21:49 usr/lib64/python3.9/site-packages/nwg_panel/icons_light/ow-03d.svg
-rw-r--r-- root/root      4692 2022-12-09 21:49 usr/lib64/python3.9/site-packages/nwg_panel/icons_light/ow-03n.svg
-rw-r--r-- root/root      7339 2022-12-09 21:49 usr/lib64/python3.9/site-packages/nwg_panel/icons_light/ow-04d.svg
-rw-r--r-- root/root      7339 2022-12-09 21:49 usr/lib64/python3.9/site-packages/nwg_panel/icons_light/ow-04n.svg
-rw-r--r-- root/root     13857 2022-12-09 21:49 usr/lib64/python3.9/site-packages/nwg_panel/icons_light/ow-09d.svg
-rw-r--r-- root/root     13857 2022-12-09 21:49 usr/lib64/python3.9/site-packages/nwg_panel/icons_light/ow-09n.svg
-rw-r--r-- root/root      8440 2022-12-09 21:49 usr/lib64/python3.9/site-packages/nwg_panel/icons_light/ow-10d.svg
-rw-r--r-- root/root      7119 2022-12-09 21:49 usr/lib64/python3.9/site-packages/nwg_panel/icons_light/ow-10n.svg
-rw-r--r-- root/root      8458 2022-12-09 21:49 usr/lib64/python3.9/site-packages/nwg_panel/icons_light/ow-11d.svg
-rw-r--r-- root/root      8458 2022-12-09 21:49 usr/lib64/python3.9/site-packages/nwg_panel/icons_light/ow-11n.svg
-rw-r--r-- root/root     13996 2022-12-09 21:49 usr/lib64/python3.9/site-packages/nwg_panel/icons_light/ow-13d.svg
-rw-r--r-- root/root     13996 2022-12-09 21:49 usr/lib64/python3.9/site-packages/nwg_panel/icons_light/ow-13n.svg
-rw-r--r-- root/root      8913 2022-12-09 21:49 usr/lib64/python3.9/site-packages/nwg_panel/icons_light/ow-50d.svg
-rw-r--r-- root/root      8913 2022-12-09 21:49 usr/lib64/python3.9/site-packages/nwg_panel/icons_light/ow-50n.svg
-rw-r--r-- root/root      1561 2022-12-09 21:49 usr/lib64/python3.9/site-packages/nwg_panel/icons_light/pan-down-symbolic.svg
-rw-r--r-- root/root      1560 2022-12-09 21:49 usr/lib64/python3.9/site-packages/nwg_panel/icons_light/pan-end-symbolic.svg
-rw-r--r-- root/root      3703 2022-12-09 21:49 usr/lib64/python3.9/site-packages/nwg_panel/icons_light/pressure.svg
-rw-r--r-- root/root      1791 2022-12-09 21:49 usr/lib64/python3.9/site-packages/nwg_panel/icons_light/sunrise.svg
-rw-r--r-- root/root      1777 2022-12-09 21:49 usr/lib64/python3.9/site-packages/nwg_panel/icons_light/sunset.svg
-rw-r--r-- root/root      7324 2022-12-09 21:49 usr/lib64/python3.9/site-packages/nwg_panel/icons_light/system-lock-screen.svg
-rw-r--r-- root/root      2143 2022-12-09 21:49 usr/lib64/python3.9/site-packages/nwg_panel/icons_light/system-shutdown-symbolic.svg
-rw-r--r-- root/root      6279 2022-12-09 21:49 usr/lib64/python3.9/site-packages/nwg_panel/icons_light/umbrella.svg
-rw-r--r-- root/root      6732 2022-12-09 21:49 usr/lib64/python3.9/site-packages/nwg_panel/icons_light/user-available-symbolic.svg
-rw-r--r-- root/root      1739 2022-12-09 21:49 usr/lib64/python3.9/site-packages/nwg_panel/icons_light/view-dual-symbolic.svg
-rw-r--r-- root/root      1857 2022-12-09 21:49 usr/lib64/python3.9/site-packages/nwg_panel/icons_light/view-paged-symbolic.svg
-rw-r--r-- root/root      6305 2022-12-09 21:49 usr/lib64/python3.9/site-packages/nwg_panel/icons_light/view-refresh-symbolic.svg
-rw-r--r-- root/root      4509 2022-12-09 21:49 usr/lib64/python3.9/site-packages/nwg_panel/icons_light/wind.svg
-rw-r--r-- root/root      2344 2022-12-09 21:49 usr/lib64/python3.9/site-packages/nwg_panel/icons_light/window-close-symbolic.svg
-rw-r--r-- root/root      1995 2022-12-09 21:49 usr/lib64/python3.9/site-packages/nwg_panel/icons_light/window-pop-out-symbolic.svg
drwxr-xr-x root/root         0 2022-12-29 05:21 usr/lib64/python3.9/site-packages/nwg_panel/langs/
-rw-r--r-- root/root       218 2022-12-09 21:49 usr/lib64/python3.9/site-packages/nwg_panel/langs/weather_en
-rw-r--r-- root/root       243 2022-12-09 21:49 usr/lib64/python3.9/site-packages/nwg_panel/langs/weather_nl
-rw-r--r-- root/root       241 2022-12-09 21:49 usr/lib64/python3.9/site-packages/nwg_panel/langs/weather_pl
-rw-r--r-- root/root       244 2022-12-09 21:49 usr/lib64/python3.9/site-packages/nwg_panel/langs/weather_ro
drwxr-xr-x root/root         0 2022-12-29 05:21 usr/lib64/python3.9/site-packages/nwg_panel/local/
-rw-r--r-- root/root      2564 2022-12-09 21:49 usr/lib64/python3.9/site-packages/nwg_panel/local/executors.json
-rw-r--r-- root/root     26952 2022-12-09 21:49 usr/lib64/python3.9/site-packages/nwg_panel/main.py
drwxr-xr-x root/root         0 2022-12-29 05:21 usr/lib64/python3.9/site-packages/nwg_panel/modules/
-rw-r--r-- root/root         0 2022-12-09 21:49 usr/lib64/python3.9/site-packages/nwg_panel/modules/__init__.py
drwxr-xr-x root/root         0 2022-12-29 05:21 usr/lib64/python3.9/site-packages/nwg_panel/modules/__pycache__/
-rw-r--r-- root/root       155 2022-12-29 05:21 usr/lib64/python3.9/site-packages/nwg_panel/modules/__pycache__/__init__.cpython-39.opt-1.pyc
-rw-r--r-- root/root       155 2022-12-29 05:21 usr/lib64/python3.9/site-packages/nwg_panel/modules/__pycache__/__init__.cpython-39.pyc
-rw-r--r-- root/root      9025 2022-12-29 05:21 usr/lib64/python3.9/site-packages/nwg_panel/modules/__pycache__/brightness_slider.cpython-39.opt-1.pyc
-rw-r--r-- root/root      9025 2022-12-29 05:21 usr/lib64/python3.9/site-packages/nwg_panel/modules/__pycache__/brightness_slider.cpython-39.pyc
-rw-r--r-- root/root     10485 2022-12-29 05:21 usr/lib64/python3.9/site-packages/nwg_panel/modules/__pycache__/clock.cpython-39.opt-1.pyc
-rw-r--r-- root/root     10485 2022-12-29 05:21 usr/lib64/python3.9/site-packages/nwg_panel/modules/__pycache__/clock.cpython-39.pyc
-rw-r--r-- root/root     21906 2022-12-29 05:21 usr/lib64/python3.9/site-packages/nwg_panel/modules/__pycache__/controls.cpython-39.opt-1.pyc
-rw-r--r-- root/root     21906 2022-12-29 05:21 usr/lib64/python3.9/site-packages/nwg_panel/modules/__pycache__/controls.cpython-39.pyc
-rw-r--r-- root/root      1950 2022-12-29 05:21 usr/lib64/python3.9/site-packages/nwg_panel/modules/__pycache__/cpu_avg.cpython-39.opt-1.pyc
-rw-r--r-- root/root      1950 2022-12-29 05:21 usr/lib64/python3.9/site-packages/nwg_panel/modules/__pycache__/cpu_avg.cpython-39.pyc
-rw-r--r-- root/root      1747 2022-12-29 05:21 usr/lib64/python3.9/site-packages/nwg_panel/modules/__pycache__/custom_button.cpython-39.opt-1.pyc
-rw-r--r-- root/root      1747 2022-12-29 05:21 usr/lib64/python3.9/site-packages/nwg_panel/modules/__pycache__/custom_button.cpython-39.pyc
-rw-r--r-- root/root      2810 2022-12-29 05:21 usr/lib64/python3.9/site-packages/nwg_panel/modules/__pycache__/dwl_tags.cpython-39.opt-1.pyc
-rw-r--r-- root/root      2810 2022-12-29 05:21 usr/lib64/python3.9/site-packages/nwg_panel/modules/__pycache__/dwl_tags.cpython-39.pyc
-rw-r--r-- root/root      5415 2022-12-29 05:21 usr/lib64/python3.9/site-packages/nwg_panel/modules/__pycache__/executor.cpython-39.opt-1.pyc
-rw-r--r-- root/root      5415 2022-12-29 05:21 usr/lib64/python3.9/site-packages/nwg_panel/modules/__pycache__/executor.cpython-39.pyc
-rw-r--r-- root/root      2526 2022-12-29 05:21 usr/lib64/python3.9/site-packages/nwg_panel/modules/__pycache__/menu_start.cpython-39.opt-1.pyc
-rw-r--r-- root/root      2526 2022-12-29 05:21 usr/lib64/python3.9/site-packages/nwg_panel/modules/__pycache__/menu_start.cpython-39.pyc
-rw-r--r-- root/root     19888 2022-12-29 05:21 usr/lib64/python3.9/site-packages/nwg_panel/modules/__pycache__/openweather.cpython-39.opt-1.pyc
-rw-r--r-- root/root     19888 2022-12-29 05:21 usr/lib64/python3.9/site-packages/nwg_panel/modules/__pycache__/openweather.cpython-39.pyc
-rw-r--r-- root/root      5988 2022-12-29 05:21 usr/lib64/python3.9/site-packages/nwg_panel/modules/__pycache__/playerctl.cpython-39.opt-1.pyc
-rw-r--r-- root/root      5988 2022-12-29 05:21 usr/lib64/python3.9/site-packages/nwg_panel/modules/__pycache__/playerctl.cpython-39.pyc
-rw-r--r-- root/root      3552 2022-12-29 05:21 usr/lib64/python3.9/site-packages/nwg_panel/modules/__pycache__/scratchpad.cpython-39.opt-1.pyc
-rw-r--r-- root/root      3552 2022-12-29 05:21 usr/lib64/python3.9/site-packages/nwg_panel/modules/__pycache__/scratchpad.cpython-39.pyc
-rw-r--r-- root/root     10587 2022-12-29 05:21 usr/lib64/python3.9/site-packages/nwg_panel/modules/__pycache__/sway_taskbar.cpython-39.opt-1.pyc
-rw-r--r-- root/root     10587 2022-12-29 05:21 usr/lib64/python3.9/site-packages/nwg_panel/modules/__pycache__/sway_taskbar.cpython-39.pyc
-rw-r--r-- root/root      6272 2022-12-29 05:21 usr/lib64/python3.9/site-packages/nwg_panel/modules/__pycache__/sway_workspaces.cpython-39.opt-1.pyc
-rw-r--r-- root/root      6272 2022-12-29 05:21 usr/lib64/python3.9/site-packages/nwg_panel/modules/__pycache__/sway_workspaces.cpython-39.pyc
-rw-r--r-- root/root      4545 2022-12-29 05:21 usr/lib64/python3.9/site-packages/nwg_panel/modules/__pycache__/swaync.cpython-39.opt-1.pyc
-rw-r--r-- root/root      4545 2022-12-29 05:21 usr/lib64/python3.9/site-packages/nwg_panel/modules/__pycache__/swaync.cpython-39.pyc
-rw-r--r-- root/root     11302 2022-12-09 21:49 usr/lib64/python3.9/site-packages/nwg_panel/modules/brightness_slider.py
-rw-r--r-- root/root     14091 2022-12-09 21:49 usr/lib64/python3.9/site-packages/nwg_panel/modules/clock.py
-rw-r--r-- root/root     36847 2022-12-09 21:49 usr/lib64/python3.9/site-packages/nwg_panel/modules/controls.py
-rw-r--r-- root/root      1388 2022-12-09 21:49 usr/lib64/python3.9/site-packages/nwg_panel/modules/cpu_avg.py
-rw-r--r-- root/root      2217 2022-12-09 21:49 usr/lib64/python3.9/site-packages/nwg_panel/modules/custom_button.py
-rw-r--r-- root/root      4304 2022-12-09 21:49 usr/lib64/python3.9/site-packages/nwg_panel/modules/dwl_tags.py
-rw-r--r-- root/root      7816 2022-12-09 21:49 usr/lib64/python3.9/site-packages/nwg_panel/modules/executor.py
-rw-r--r-- root/root      3067 2022-12-09 21:49 usr/lib64/python3.9/site-packages/nwg_panel/modules/menu_start.py
-rw-r--r-- root/root     37041 2022-12-09 21:49 usr/lib64/python3.9/site-packages/nwg_panel/modules/openweather.py
-rw-r--r-- root/root      8804 2022-12-09 21:49 usr/lib64/python3.9/site-packages/nwg_panel/modules/playerctl.py
-rw-r--r-- root/root      4881 2022-12-09 21:49 usr/lib64/python3.9/site-packages/nwg_panel/modules/scratchpad.py
drwxr-xr-x root/root         0 2022-12-29 05:21 usr/lib64/python3.9/site-packages/nwg_panel/modules/sni_system_tray/
-rw-r--r-- root/root       422 2022-12-09 21:49 usr/lib64/python3.9/site-packages/nwg_panel/modules/sni_system_tray/__init__.py
drwxr-xr-x root/root         0 2022-12-29 05:21 usr/lib64/python3.9/site-packages/nwg_panel/modules/sni_system_tray/__pycache__/
-rw-r--r-- root/root       745 2022-12-29 05:21 usr/lib64/python3.9/site-packages/nwg_panel/modules/sni_system_tray/__pycache__/__init__.cpython-39.opt-1.pyc
-rw-r--r-- root/root       745 2022-12-29 05:21 usr/lib64/python3.9/site-packages/nwg_panel/modules/sni_system_tray/__pycache__/__init__.cpython-39.pyc
-rw-r--r-- root/root      4984 2022-12-29 05:21 usr/lib64/python3.9/site-packages/nwg_panel/modules/sni_system_tray/__pycache__/host.cpython-39.opt-1.pyc
-rw-r--r-- root/root      4984 2022-12-29 05:21 usr/lib64/python3.9/site-packages/nwg_panel/modules/sni_system_tray/__pycache__/host.cpython-39.pyc
-rw-r--r-- root/root      4860 2022-12-29 05:21 usr/lib64/python3.9/site-packages/nwg_panel/modules/sni_system_tray/__pycache__/item.cpython-39.opt-1.pyc
-rw-r--r-- root/root      4860 2022-12-29 05:21 usr/lib64/python3.9/site-packages/nwg_panel/modules/sni_system_tray/__pycache__/item.cpython-39.pyc
-rw-r--r-- root/root      3430 2022-12-29 05:21 usr/lib64/python3.9/site-packages/nwg_panel/modules/sni_system_tray/__pycache__/menu.cpython-39.opt-1.pyc
-rw-r--r-- root/root      3430 2022-12-29 05:21 usr/lib64/python3.9/site-packages/nwg_panel/modules/sni_system_tray/__pycache__/menu.cpython-39.pyc
-rw-r--r-- root/root      5371 2022-12-29 05:21 usr/lib64/python3.9/site-packages/nwg_panel/modules/sni_system_tray/__pycache__/tray.cpython-39.opt-1.pyc
-rw-r--r-- root/root      5371 2022-12-29 05:21 usr/lib64/python3.9/site-packages/nwg_panel/modules/sni_system_tray/__pycache__/tray.cpython-39.pyc
-rw-r--r-- root/root      8006 2022-12-29 05:21 usr/lib64/python3.9/site-packages/nwg_panel/modules/sni_system_tray/__pycache__/watcher.cpython-39.opt-1.pyc
-rw-r--r-- root/root      8006 2022-12-29 05:21 usr/lib64/python3.9/site-packages/nwg_panel/modules/sni_system_tray/__pycache__/watcher.cpython-39.pyc
-rw-r--r-- root/root      5003 2022-12-09 21:49 usr/lib64/python3.9/site-packages/nwg_panel/modules/sni_system_tray/host.py
-rw-r--r-- root/root      4628 2022-12-09 21:49 usr/lib64/python3.9/site-packages/nwg_panel/modules/sni_system_tray/item.py
-rw-r--r-- root/root      4015 2022-12-09 21:49 usr/lib64/python3.9/site-packages/nwg_panel/modules/sni_system_tray/menu.py
-rw-r--r-- root/root      7398 2022-12-09 21:49 usr/lib64/python3.9/site-packages/nwg_panel/modules/sni_system_tray/tray.py
-rw-r--r-- root/root      9373 2022-12-09 21:49 usr/lib64/python3.9/site-packages/nwg_panel/modules/sni_system_tray/watcher.py
-rw-r--r-- root/root     14949 2022-12-09 21:49 usr/lib64/python3.9/site-packages/nwg_panel/modules/sway_taskbar.py
-rw-r--r-- root/root     10754 2022-12-09 21:49 usr/lib64/python3.9/site-packages/nwg_panel/modules/sway_workspaces.py
-rw-r--r-- root/root      5445 2022-12-09 21:49 usr/lib64/python3.9/site-packages/nwg_panel/modules/swaync.py
-rw-r--r-- root/root     24048 2022-12-09 21:49 usr/lib64/python3.9/site-packages/nwg_panel/tools.py
drwxr-xr-x root/root         0 2022-12-29 05:21 usr/share/
drwxr-xr-x root/root         0 2022-12-29 05:21 usr/share/applications/
-rw-r--r-- root/root       340 2022-12-29 05:21 usr/share/applications/nwg-panel-config.desktop
drwxr-xr-x root/root         0 2022-12-29 05:21 usr/share/pixmaps/
-rw-r--r-- root/root      6134 2022-12-29 05:21 usr/share/pixmaps/nwg-panel.svg
-rw-r--r-- root/root      1677 2022-12-29 05:21 usr/share/pixmaps/nwg-shell.svg


