++========================================
||
||   Package:  ./nwg-shell-0.3.9-x86_64-2_nwg.txz
||
++========================================
drwxr-xr-x root/root         0 2023-01-01 06:56 ./
drwxr-xr-x root/root         0 2023-01-01 06:56 install/
-rw-r--r-- root/root       740 2023-01-01 06:56 install/slack-desc
drwxr-xr-x root/root         0 2023-01-01 06:56 usr/
drwxr-xr-x root/root         0 2023-01-01 06:56 usr/bin/
-rwxr-xr-x root/root       960 2023-01-01 06:56 usr/bin/nwg-shell
-rwxr-xr-x root/root       980 2023-01-01 06:56 usr/bin/nwg-shell-installer
-rwxr-xr-x root/root       847 2023-01-01 06:56 usr/bin/screenshot
drwxr-xr-x root/root         0 2023-01-01 06:56 usr/doc/
drwxr-xr-x root/root         0 2023-01-01 06:56 usr/doc/nwg-shell-0.3.9/
-rw-r--r-- root/root      1251 2022-11-10 19:55 usr/doc/nwg-shell-0.3.9/LICENSE
-rw-r--r-- root/root      5400 2022-11-10 19:55 usr/doc/nwg-shell-0.3.9/README.md
-rw-r--r-- root/root      3821 2023-01-01 06:56 usr/doc/nwg-shell-0.3.9/nwg-shell.SlackBuild
drwxr-xr-x root/root         0 2023-01-01 06:56 usr/lib64/
drwxr-xr-x root/root         0 2023-01-01 06:56 usr/lib64/python3.9/
drwxr-xr-x root/root         0 2023-01-01 06:56 usr/lib64/python3.9/site-packages/
drwxr-xr-x root/root         0 2023-01-01 06:56 usr/lib64/python3.9/site-packages/nwg_shell/
drwxr-xr-x root/root         0 2023-01-01 06:56 usr/lib64/python3.9/site-packages/nwg_shell-0.3.9-py3.9.egg-info/
-rw-r--r-- root/root       272 2023-01-01 06:56 usr/lib64/python3.9/site-packages/nwg_shell-0.3.9-py3.9.egg-info/PKG-INFO
-rw-r--r-- root/root      1993 2023-01-01 06:56 usr/lib64/python3.9/site-packages/nwg_shell-0.3.9-py3.9.egg-info/SOURCES.txt
-rw-r--r-- root/root         1 2023-01-01 06:56 usr/lib64/python3.9/site-packages/nwg_shell-0.3.9-py3.9.egg-info/dependency_links.txt
-rw-r--r-- root/root       148 2023-01-01 06:56 usr/lib64/python3.9/site-packages/nwg_shell-0.3.9-py3.9.egg-info/entry_points.txt
-rw-r--r-- root/root        10 2023-01-01 06:56 usr/lib64/python3.9/site-packages/nwg_shell-0.3.9-py3.9.egg-info/top_level.txt
-rw-r--r-- root/root       202 2022-11-10 19:55 usr/lib64/python3.9/site-packages/nwg_shell/__about__.py
-rw-r--r-- root/root         0 2022-11-10 19:55 usr/lib64/python3.9/site-packages/nwg_shell/__init__.py
drwxr-xr-x root/root         0 2023-01-01 06:56 usr/lib64/python3.9/site-packages/nwg_shell/__pycache__/
-rw-r--r-- root/root       360 2023-01-01 06:56 usr/lib64/python3.9/site-packages/nwg_shell/__pycache__/__about__.cpython-39.opt-1.pyc
-rw-r--r-- root/root       360 2023-01-01 06:56 usr/lib64/python3.9/site-packages/nwg_shell/__pycache__/__about__.cpython-39.pyc
-rw-r--r-- root/root       147 2023-01-01 06:56 usr/lib64/python3.9/site-packages/nwg_shell/__pycache__/__init__.cpython-39.opt-1.pyc
-rw-r--r-- root/root       147 2023-01-01 06:56 usr/lib64/python3.9/site-packages/nwg_shell/__pycache__/__init__.cpython-39.pyc
-rw-r--r-- root/root      2507 2023-01-01 06:56 usr/lib64/python3.9/site-packages/nwg_shell/__pycache__/check_updates.cpython-39.opt-1.pyc
-rw-r--r-- root/root      2507 2023-01-01 06:56 usr/lib64/python3.9/site-packages/nwg_shell/__pycache__/check_updates.cpython-39.pyc
-rw-r--r-- root/root      5266 2023-01-01 06:56 usr/lib64/python3.9/site-packages/nwg_shell/__pycache__/installer.cpython-39.opt-1.pyc
-rw-r--r-- root/root      5266 2023-01-01 06:56 usr/lib64/python3.9/site-packages/nwg_shell/__pycache__/installer.cpython-39.pyc
-rw-r--r-- root/root       769 2023-01-01 06:56 usr/lib64/python3.9/site-packages/nwg_shell/__pycache__/main.cpython-39.opt-1.pyc
-rw-r--r-- root/root       769 2023-01-01 06:56 usr/lib64/python3.9/site-packages/nwg_shell/__pycache__/main.cpython-39.pyc
-rw-r--r-- root/root      2825 2023-01-01 06:56 usr/lib64/python3.9/site-packages/nwg_shell/__pycache__/tools.cpython-39.opt-1.pyc
-rw-r--r-- root/root      2825 2023-01-01 06:56 usr/lib64/python3.9/site-packages/nwg_shell/__pycache__/tools.cpython-39.pyc
-rw-r--r-- root/root      3367 2022-11-10 19:55 usr/lib64/python3.9/site-packages/nwg_shell/check_updates.py
-rw-r--r-- root/root      6981 2022-11-10 19:55 usr/lib64/python3.9/site-packages/nwg_shell/installer.py
-rw-r--r-- root/root       566 2022-11-10 19:55 usr/lib64/python3.9/site-packages/nwg_shell/main.py
drwxr-xr-x root/root         0 2023-01-01 06:56 usr/lib64/python3.9/site-packages/nwg_shell/skel/
drwxr-xr-x root/root         0 2023-01-01 06:56 usr/lib64/python3.9/site-packages/nwg_shell/skel/config/
drwxr-xr-x root/root         0 2023-01-01 06:56 usr/lib64/python3.9/site-packages/nwg_shell/skel/config/foot/
-rw-r--r-- root/root      4702 2022-11-10 19:55 usr/lib64/python3.9/site-packages/nwg_shell/skel/config/foot/foot.ini
drwxr-xr-x root/root         0 2023-01-01 06:56 usr/lib64/python3.9/site-packages/nwg_shell/skel/config/gtklock/
-rw-r--r-- root/root       546 2022-11-10 19:55 usr/lib64/python3.9/site-packages/nwg_shell/skel/config/gtklock/preset-0.css
-rw-r--r-- root/root       431 2022-11-10 19:55 usr/lib64/python3.9/site-packages/nwg_shell/skel/config/gtklock/preset-1.css
-rw-r--r-- root/root       443 2022-11-10 19:55 usr/lib64/python3.9/site-packages/nwg_shell/skel/config/gtklock/preset-2.css
-rw-r--r-- root/root       359 2022-11-10 19:55 usr/lib64/python3.9/site-packages/nwg_shell/skel/config/gtklock/preset-3.css
drwxr-xr-x root/root         0 2023-01-01 06:56 usr/lib64/python3.9/site-packages/nwg_shell/skel/config/nwg-bar/
-rw-r--r-- root/root       491 2022-11-10 19:55 usr/lib64/python3.9/site-packages/nwg_shell/skel/config/nwg-bar/bar.json
-rw-r--r-- root/root       614 2022-11-10 19:55 usr/lib64/python3.9/site-packages/nwg_shell/skel/config/nwg-bar/preset-0.css
-rw-r--r-- root/root       558 2022-11-10 19:55 usr/lib64/python3.9/site-packages/nwg_shell/skel/config/nwg-bar/preset-1.css
-rw-r--r-- root/root       619 2022-11-10 19:55 usr/lib64/python3.9/site-packages/nwg_shell/skel/config/nwg-bar/preset-2.css
-rw-r--r-- root/root       451 2022-11-10 19:55 usr/lib64/python3.9/site-packages/nwg_shell/skel/config/nwg-bar/preset-3.css
drwxr-xr-x root/root         0 2023-01-01 06:56 usr/lib64/python3.9/site-packages/nwg_shell/skel/config/nwg-dock/
-rw-r--r-- root/root       581 2022-11-10 19:55 usr/lib64/python3.9/site-packages/nwg_shell/skel/config/nwg-dock/preset-0.css
-rw-r--r-- root/root       637 2022-11-10 19:55 usr/lib64/python3.9/site-packages/nwg_shell/skel/config/nwg-dock/preset-1.css
-rw-r--r-- root/root       565 2022-11-10 19:55 usr/lib64/python3.9/site-packages/nwg_shell/skel/config/nwg-dock/preset-2.css
-rw-r--r-- root/root       611 2022-11-10 19:55 usr/lib64/python3.9/site-packages/nwg_shell/skel/config/nwg-dock/preset-3.css
drwxr-xr-x root/root         0 2023-01-01 06:56 usr/lib64/python3.9/site-packages/nwg_shell/skel/config/nwg-drawer/
-rw-r--r-- root/root       571 2022-11-10 19:55 usr/lib64/python3.9/site-packages/nwg_shell/skel/config/nwg-drawer/preset-0.css
-rw-r--r-- root/root       550 2022-11-10 19:55 usr/lib64/python3.9/site-packages/nwg_shell/skel/config/nwg-drawer/preset-1.css
-rw-r--r-- root/root       428 2022-11-10 19:55 usr/lib64/python3.9/site-packages/nwg_shell/skel/config/nwg-drawer/preset-2.css
-rw-r--r-- root/root       428 2022-11-10 19:55 usr/lib64/python3.9/site-packages/nwg_shell/skel/config/nwg-drawer/preset-3.css
drwxr-xr-x root/root         0 2023-01-01 06:56 usr/lib64/python3.9/site-packages/nwg_shell/skel/config/nwg-panel/
-rw-r--r-- root/root       321 2022-11-10 19:55 usr/lib64/python3.9/site-packages/nwg_shell/skel/config/nwg-panel/menu-start.css
-rw-r--r-- root/root      7629 2022-11-10 19:55 usr/lib64/python3.9/site-packages/nwg_shell/skel/config/nwg-panel/preset-0
-rw-r--r-- root/root      2114 2022-11-10 19:55 usr/lib64/python3.9/site-packages/nwg_shell/skel/config/nwg-panel/preset-0.css
-rw-r--r-- root/root      5619 2022-11-10 19:55 usr/lib64/python3.9/site-packages/nwg_shell/skel/config/nwg-panel/preset-1
-rw-r--r-- root/root      2013 2022-11-10 19:55 usr/lib64/python3.9/site-packages/nwg_shell/skel/config/nwg-panel/preset-1.css
-rw-r--r-- root/root      5865 2022-11-10 19:55 usr/lib64/python3.9/site-packages/nwg_shell/skel/config/nwg-panel/preset-2
-rw-r--r-- root/root      2030 2022-11-10 19:55 usr/lib64/python3.9/site-packages/nwg_shell/skel/config/nwg-panel/preset-2.css
-rw-r--r-- root/root      4399 2022-11-10 19:55 usr/lib64/python3.9/site-packages/nwg_shell/skel/config/nwg-panel/preset-3
-rw-r--r-- root/root      2060 2022-11-10 19:55 usr/lib64/python3.9/site-packages/nwg_shell/skel/config/nwg-panel/preset-3.css
drwxr-xr-x root/root         0 2023-01-01 06:56 usr/lib64/python3.9/site-packages/nwg_shell/skel/config/sway/
-rw-r--r-- root/root       417 2022-11-10 19:55 usr/lib64/python3.9/site-packages/nwg_shell/skel/config/sway/autostart
-rw-r--r-- root/root      8846 2023-01-01 06:51 usr/lib64/python3.9/site-packages/nwg_shell/skel/config/sway/config
-rw-r--r-- root/root         0 2022-11-10 19:55 usr/lib64/python3.9/site-packages/nwg_shell/skel/config/sway/outputs
-rw-r--r-- root/root        87 2022-11-10 19:55 usr/lib64/python3.9/site-packages/nwg_shell/skel/config/sway/variables
-rw-r--r-- root/root         0 2022-11-10 19:55 usr/lib64/python3.9/site-packages/nwg_shell/skel/config/sway/workspaces
drwxr-xr-x root/root         0 2023-01-01 06:56 usr/lib64/python3.9/site-packages/nwg_shell/skel/config/swaync/
-rw-r--r-- root/root       459 2022-11-10 19:55 usr/lib64/python3.9/site-packages/nwg_shell/skel/config/swaync/config.json
-rw-r--r-- root/root      2601 2022-11-10 19:55 usr/lib64/python3.9/site-packages/nwg_shell/skel/config/swaync/preset-0.css
-rw-r--r-- root/root      2583 2022-11-10 19:55 usr/lib64/python3.9/site-packages/nwg_shell/skel/config/swaync/preset-1.css
-rw-r--r-- root/root      2598 2022-11-10 19:55 usr/lib64/python3.9/site-packages/nwg_shell/skel/config/swaync/preset-2.css
-rw-r--r-- root/root      2570 2022-11-10 19:55 usr/lib64/python3.9/site-packages/nwg_shell/skel/config/swaync/preset-3.css
-rw-r--r-- root/root      2588 2022-11-10 19:55 usr/lib64/python3.9/site-packages/nwg_shell/skel/config/swaync/style.css
drwxr-xr-x root/root         0 2023-01-01 06:56 usr/lib64/python3.9/site-packages/nwg_shell/skel/data/
drwxr-xr-x root/root         0 2023-01-01 06:56 usr/lib64/python3.9/site-packages/nwg_shell/skel/data/nwg-look/
-rw-r--r-- root/root       363 2022-11-10 19:55 usr/lib64/python3.9/site-packages/nwg_shell/skel/data/nwg-look/gsettings
drwxr-xr-x root/root         0 2023-01-01 06:56 usr/lib64/python3.9/site-packages/nwg_shell/skel/stuff/
-rwxr-xr-x root/root       103 2022-11-10 19:55 usr/lib64/python3.9/site-packages/nwg_shell/skel/stuff/azotebg
-rw-r--r-- root/root      2330 2022-11-10 19:55 usr/lib64/python3.9/site-packages/nwg_shell/tools.py
drwxr-xr-x root/root         0 2023-01-01 06:56 usr/share/
drwxr-xr-x root/root         0 2023-01-01 06:56 usr/share/backgrounds/
-rw-r--r-- root/root    342628 2023-01-01 06:56 usr/share/backgrounds/nwg-shell.jpg


