++========================================
||
||   Package:  ./python-geopy-2.3.0-x86_64-1_nwg.txz
||
++========================================
drwxr-xr-x root/root         0 2022-12-29 03:15 ./
drwxr-xr-x root/root         0 2022-12-29 03:15 install/
-rw-r--r-- root/root      1013 2022-12-29 03:15 install/slack-desc
drwxr-xr-x root/root         0 2022-12-29 03:15 usr/
drwxr-xr-x root/root         0 2022-12-29 03:15 usr/doc/
drwxr-xr-x root/root         0 2022-12-29 03:15 usr/doc/python-geopy-2.3.0/
-rw-r--r-- root/root      4761 2022-11-13 04:58 usr/doc/python-geopy-2.3.0/AUTHORS
-rw-r--r-- root/root      1076 2022-11-13 04:58 usr/doc/python-geopy-2.3.0/LICENSE
-rw-r--r-- root/root      3977 2022-11-13 04:58 usr/doc/python-geopy-2.3.0/README.rst
-rw-r--r-- root/root      3100 2022-12-29 03:15 usr/doc/python-geopy-2.3.0/python-geopy.SlackBuild
drwxr-xr-x root/root         0 2022-12-29 03:15 usr/lib64/
drwxr-xr-x root/root         0 2022-12-29 03:15 usr/lib64/python3.9/
drwxr-xr-x root/root         0 2022-12-29 03:15 usr/lib64/python3.9/site-packages/
drwxr-xr-x root/root         0 2022-12-29 03:15 usr/lib64/python3.9/site-packages/geopy/
drwxr-xr-x root/root         0 2022-12-29 03:15 usr/lib64/python3.9/site-packages/geopy-2.3.0-py3.9.egg-info/
-rw-r--r-- root/root      5458 2022-12-29 03:15 usr/lib64/python3.9/site-packages/geopy-2.3.0-py3.9.egg-info/PKG-INFO
-rw-r--r-- root/root      2433 2022-12-29 03:15 usr/lib64/python3.9/site-packages/geopy-2.3.0-py3.9.egg-info/SOURCES.txt
-rw-r--r-- root/root         1 2022-12-29 03:15 usr/lib64/python3.9/site-packages/geopy-2.3.0-py3.9.egg-info/dependency_links.txt
-rw-r--r-- root/root       461 2022-12-29 03:15 usr/lib64/python3.9/site-packages/geopy-2.3.0-py3.9.egg-info/requires.txt
-rw-r--r-- root/root         6 2022-12-29 03:15 usr/lib64/python3.9/site-packages/geopy-2.3.0-py3.9.egg-info/top_level.txt
-rw-r--r-- root/root       914 2022-11-13 04:58 usr/lib64/python3.9/site-packages/geopy/__init__.py
drwxr-xr-x root/root         0 2022-12-29 03:15 usr/lib64/python3.9/site-packages/geopy/__pycache__/
-rw-r--r-- root/root       832 2022-12-29 03:15 usr/lib64/python3.9/site-packages/geopy/__pycache__/__init__.cpython-39.pyc
-rw-r--r-- root/root     18935 2022-12-29 03:15 usr/lib64/python3.9/site-packages/geopy/__pycache__/adapters.cpython-39.pyc
-rw-r--r-- root/root       265 2022-12-29 03:15 usr/lib64/python3.9/site-packages/geopy/__pycache__/compat.cpython-39.pyc
-rw-r--r-- root/root     19493 2022-12-29 03:15 usr/lib64/python3.9/site-packages/geopy/__pycache__/distance.cpython-39.pyc
-rw-r--r-- root/root      4392 2022-12-29 03:15 usr/lib64/python3.9/site-packages/geopy/__pycache__/exc.cpython-39.pyc
-rw-r--r-- root/root      3005 2022-12-29 03:15 usr/lib64/python3.9/site-packages/geopy/__pycache__/format.cpython-39.pyc
-rw-r--r-- root/root      4449 2022-12-29 03:15 usr/lib64/python3.9/site-packages/geopy/__pycache__/location.cpython-39.pyc
-rw-r--r-- root/root     15337 2022-12-29 03:15 usr/lib64/python3.9/site-packages/geopy/__pycache__/point.cpython-39.pyc
-rw-r--r-- root/root      3111 2022-12-29 03:15 usr/lib64/python3.9/site-packages/geopy/__pycache__/timezone.cpython-39.pyc
-rw-r--r-- root/root      2994 2022-12-29 03:15 usr/lib64/python3.9/site-packages/geopy/__pycache__/units.cpython-39.pyc
-rw-r--r-- root/root      1033 2022-12-29 03:15 usr/lib64/python3.9/site-packages/geopy/__pycache__/util.cpython-39.pyc
-rw-r--r-- root/root     22792 2022-11-13 04:58 usr/lib64/python3.9/site-packages/geopy/adapters.py
-rw-r--r-- root/root       153 2022-11-13 04:58 usr/lib64/python3.9/site-packages/geopy/compat.py
-rw-r--r-- root/root     19705 2022-11-13 04:58 usr/lib64/python3.9/site-packages/geopy/distance.py
-rw-r--r-- root/root      3104 2022-11-13 04:58 usr/lib64/python3.9/site-packages/geopy/exc.py
drwxr-xr-x root/root         0 2022-12-29 03:15 usr/lib64/python3.9/site-packages/geopy/extra/
-rw-r--r-- root/root       122 2022-11-13 04:58 usr/lib64/python3.9/site-packages/geopy/extra/__init__.py
drwxr-xr-x root/root         0 2022-12-29 03:15 usr/lib64/python3.9/site-packages/geopy/extra/__pycache__/
-rw-r--r-- root/root       149 2022-12-29 03:15 usr/lib64/python3.9/site-packages/geopy/extra/__pycache__/__init__.cpython-39.pyc
-rw-r--r-- root/root     11092 2022-12-29 03:15 usr/lib64/python3.9/site-packages/geopy/extra/__pycache__/rate_limiter.cpython-39.pyc
-rw-r--r-- root/root     14731 2022-11-13 04:58 usr/lib64/python3.9/site-packages/geopy/extra/rate_limiter.py
-rw-r--r-- root/root      2904 2022-11-13 04:58 usr/lib64/python3.9/site-packages/geopy/format.py
drwxr-xr-x root/root         0 2022-12-29 03:15 usr/lib64/python3.9/site-packages/geopy/geocoders/
-rw-r--r-- root/root     11565 2022-11-13 04:58 usr/lib64/python3.9/site-packages/geopy/geocoders/__init__.py
drwxr-xr-x root/root         0 2022-12-29 03:15 usr/lib64/python3.9/site-packages/geopy/geocoders/__pycache__/
-rw-r--r-- root/root     10870 2022-12-29 03:15 usr/lib64/python3.9/site-packages/geopy/geocoders/__pycache__/__init__.cpython-39.pyc
-rw-r--r-- root/root      9076 2022-12-29 03:15 usr/lib64/python3.9/site-packages/geopy/geocoders/__pycache__/algolia.cpython-39.pyc
-rw-r--r-- root/root     10169 2022-12-29 03:15 usr/lib64/python3.9/site-packages/geopy/geocoders/__pycache__/arcgis.cpython-39.pyc
-rw-r--r-- root/root      2350 2022-12-29 03:15 usr/lib64/python3.9/site-packages/geopy/geocoders/__pycache__/azure.cpython-39.pyc
-rw-r--r-- root/root      8245 2022-12-29 03:15 usr/lib64/python3.9/site-packages/geopy/geocoders/__pycache__/baidu.cpython-39.pyc
-rw-r--r-- root/root      5556 2022-12-29 03:15 usr/lib64/python3.9/site-packages/geopy/geocoders/__pycache__/banfrance.cpython-39.pyc
-rw-r--r-- root/root     13952 2022-12-29 03:15 usr/lib64/python3.9/site-packages/geopy/geocoders/__pycache__/base.cpython-39.pyc
-rw-r--r-- root/root      7969 2022-12-29 03:15 usr/lib64/python3.9/site-packages/geopy/geocoders/__pycache__/bing.cpython-39.pyc
-rw-r--r-- root/root      4472 2022-12-29 03:15 usr/lib64/python3.9/site-packages/geopy/geocoders/__pycache__/databc.cpython-39.pyc
-rw-r--r-- root/root      1933 2022-12-29 03:15 usr/lib64/python3.9/site-packages/geopy/geocoders/__pycache__/geocodeearth.cpython-39.pyc
-rw-r--r-- root/root      7398 2022-12-29 03:15 usr/lib64/python3.9/site-packages/geopy/geocoders/__pycache__/geocodio.cpython-39.pyc
-rw-r--r-- root/root      5192 2022-12-29 03:15 usr/lib64/python3.9/site-packages/geopy/geocoders/__pycache__/geolake.cpython-39.pyc
-rw-r--r-- root/root     10667 2022-12-29 03:15 usr/lib64/python3.9/site-packages/geopy/geocoders/__pycache__/geonames.cpython-39.pyc
-rw-r--r-- root/root     13918 2022-12-29 03:15 usr/lib64/python3.9/site-packages/geopy/geocoders/__pycache__/google.cpython-39.pyc
-rw-r--r-- root/root       442 2022-12-29 03:15 usr/lib64/python3.9/site-packages/geopy/geocoders/__pycache__/googlev3.cpython-39.pyc
-rw-r--r-- root/root     20211 2022-12-29 03:15 usr/lib64/python3.9/site-packages/geopy/geocoders/__pycache__/here.cpython-39.pyc
-rw-r--r-- root/root     13497 2022-12-29 03:15 usr/lib64/python3.9/site-packages/geopy/geocoders/__pycache__/ignfrance.cpython-39.pyc
-rw-r--r-- root/root      7128 2022-12-29 03:15 usr/lib64/python3.9/site-packages/geopy/geocoders/__pycache__/mapbox.cpython-39.pyc
-rw-r--r-- root/root      6826 2022-12-29 03:15 usr/lib64/python3.9/site-packages/geopy/geocoders/__pycache__/mapquest.cpython-39.pyc
-rw-r--r-- root/root      6658 2022-12-29 03:15 usr/lib64/python3.9/site-packages/geopy/geocoders/__pycache__/maptiler.cpython-39.pyc
-rw-r--r-- root/root     12151 2022-12-29 03:15 usr/lib64/python3.9/site-packages/geopy/geocoders/__pycache__/nominatim.cpython-39.pyc
-rw-r--r-- root/root      7655 2022-12-29 03:15 usr/lib64/python3.9/site-packages/geopy/geocoders/__pycache__/opencage.cpython-39.pyc
-rw-r--r-- root/root      2677 2022-12-29 03:15 usr/lib64/python3.9/site-packages/geopy/geocoders/__pycache__/openmapquest.cpython-39.pyc
-rw-r--r-- root/root       439 2022-12-29 03:15 usr/lib64/python3.9/site-packages/geopy/geocoders/__pycache__/osm.cpython-39.pyc
-rw-r--r-- root/root      7630 2022-12-29 03:15 usr/lib64/python3.9/site-packages/geopy/geocoders/__pycache__/pelias.cpython-39.pyc
-rw-r--r-- root/root      7960 2022-12-29 03:15 usr/lib64/python3.9/site-packages/geopy/geocoders/__pycache__/photon.cpython-39.pyc
-rw-r--r-- root/root      2378 2022-12-29 03:15 usr/lib64/python3.9/site-packages/geopy/geocoders/__pycache__/pickpoint.cpython-39.pyc
-rw-r--r-- root/root      4680 2022-12-29 03:15 usr/lib64/python3.9/site-packages/geopy/geocoders/__pycache__/smartystreets.cpython-39.pyc
-rw-r--r-- root/root      7954 2022-12-29 03:15 usr/lib64/python3.9/site-packages/geopy/geocoders/__pycache__/tomtom.cpython-39.pyc
-rw-r--r-- root/root     11678 2022-12-29 03:15 usr/lib64/python3.9/site-packages/geopy/geocoders/__pycache__/what3words.cpython-39.pyc
-rw-r--r-- root/root      7116 2022-12-29 03:15 usr/lib64/python3.9/site-packages/geopy/geocoders/__pycache__/yandex.cpython-39.pyc
-rw-r--r-- root/root     10391 2022-11-13 04:58 usr/lib64/python3.9/site-packages/geopy/geocoders/algolia.py
-rw-r--r-- root/root     12371 2022-11-13 04:58 usr/lib64/python3.9/site-packages/geopy/geocoders/arcgis.py
-rw-r--r-- root/root      2254 2022-11-13 04:58 usr/lib64/python3.9/site-packages/geopy/geocoders/azure.py
-rw-r--r-- root/root      9266 2022-11-13 04:58 usr/lib64/python3.9/site-packages/geopy/geocoders/baidu.py
-rw-r--r-- root/root      5842 2022-11-13 04:58 usr/lib64/python3.9/site-packages/geopy/geocoders/banfrance.py
-rw-r--r-- root/root     17369 2022-11-13 04:58 usr/lib64/python3.9/site-packages/geopy/geocoders/base.py
-rw-r--r-- root/root      9344 2022-11-13 04:58 usr/lib64/python3.9/site-packages/geopy/geocoders/bing.py
-rw-r--r-- root/root      4965 2022-11-13 04:58 usr/lib64/python3.9/site-packages/geopy/geocoders/databc.py
-rw-r--r-- root/root      1826 2022-11-13 04:58 usr/lib64/python3.9/site-packages/geopy/geocoders/geocodeearth.py
-rw-r--r-- root/root      7918 2022-11-13 04:58 usr/lib64/python3.9/site-packages/geopy/geocoders/geocodio.py
-rw-r--r-- root/root      5570 2022-11-13 04:58 usr/lib64/python3.9/site-packages/geopy/geocoders/geolake.py
-rw-r--r-- root/root     12560 2022-11-13 04:58 usr/lib64/python3.9/site-packages/geopy/geocoders/geonames.py
-rw-r--r-- root/root     16611 2022-11-13 04:58 usr/lib64/python3.9/site-packages/geopy/geocoders/google.py
-rw-r--r-- root/root       294 2022-11-13 04:58 usr/lib64/python3.9/site-packages/geopy/geocoders/googlev3.py
-rw-r--r-- root/root     23930 2022-11-13 04:58 usr/lib64/python3.9/site-packages/geopy/geocoders/here.py
-rw-r--r-- root/root     17082 2022-11-13 04:58 usr/lib64/python3.9/site-packages/geopy/geocoders/ignfrance.py
-rw-r--r-- root/root      7542 2022-11-13 04:58 usr/lib64/python3.9/site-packages/geopy/geocoders/mapbox.py
-rw-r--r-- root/root      7092 2022-11-13 04:58 usr/lib64/python3.9/site-packages/geopy/geocoders/mapquest.py
-rw-r--r-- root/root      7065 2022-11-13 04:58 usr/lib64/python3.9/site-packages/geopy/geocoders/maptiler.py
-rw-r--r-- root/root     14233 2022-11-13 04:58 usr/lib64/python3.9/site-packages/geopy/geocoders/nominatim.py
-rw-r--r-- root/root      8081 2022-11-13 04:58 usr/lib64/python3.9/site-packages/geopy/geocoders/opencage.py
-rw-r--r-- root/root      2561 2022-11-13 04:58 usr/lib64/python3.9/site-packages/geopy/geocoders/openmapquest.py
-rw-r--r-- root/root       297 2022-11-13 04:58 usr/lib64/python3.9/site-packages/geopy/geocoders/osm.py
-rw-r--r-- root/root      8565 2022-11-13 04:58 usr/lib64/python3.9/site-packages/geopy/geocoders/pelias.py
-rw-r--r-- root/root      8875 2022-11-13 04:58 usr/lib64/python3.9/site-packages/geopy/geocoders/photon.py
-rw-r--r-- root/root      2271 2022-11-13 04:58 usr/lib64/python3.9/site-packages/geopy/geocoders/pickpoint.py
-rw-r--r-- root/root      4739 2022-11-13 04:58 usr/lib64/python3.9/site-packages/geopy/geocoders/smartystreets.py
-rw-r--r-- root/root      8205 2022-11-13 04:58 usr/lib64/python3.9/site-packages/geopy/geocoders/tomtom.py
-rw-r--r-- root/root     14218 2022-11-13 04:58 usr/lib64/python3.9/site-packages/geopy/geocoders/what3words.py
-rw-r--r-- root/root      7221 2022-11-13 04:58 usr/lib64/python3.9/site-packages/geopy/geocoders/yandex.py
-rw-r--r-- root/root      3546 2022-11-13 04:58 usr/lib64/python3.9/site-packages/geopy/location.py
-rw-r--r-- root/root     16718 2022-11-13 04:58 usr/lib64/python3.9/site-packages/geopy/point.py
-rw-r--r-- root/root      2469 2022-11-13 04:58 usr/lib64/python3.9/site-packages/geopy/timezone.py
-rw-r--r-- root/root      2950 2022-11-13 04:58 usr/lib64/python3.9/site-packages/geopy/units.py
-rw-r--r-- root/root       526 2022-11-13 04:58 usr/lib64/python3.9/site-packages/geopy/util.py


