++========================================
||
||   Package:  ./python-multidict-6.0.4-x86_64-1_nwg.txz
||
++========================================
drwxr-xr-x root/root         0 2022-12-29 02:51 ./
drwxr-xr-x root/root         0 2022-12-29 02:51 install/
-rw-r--r-- root/root       915 2022-12-29 02:51 install/slack-desc
drwxr-xr-x root/root         0 2022-12-29 02:51 usr/
drwxr-xr-x root/root         0 2022-12-29 02:51 usr/doc/
drwxr-xr-x root/root         0 2022-12-29 02:51 usr/doc/python-multidict-6.0.4/
-rw-r--r-- root/root      3644 2022-12-23 20:23 usr/doc/python-multidict-6.0.4/CHANGES.rst
-rw-r--r-- root/root       608 2022-12-23 20:23 usr/doc/python-multidict-6.0.4/LICENSE
-rw-r--r-- root/root      2968 2022-12-23 20:23 usr/doc/python-multidict-6.0.4/README.rst
-rw-r--r-- root/root      3126 2022-12-29 02:51 usr/doc/python-multidict-6.0.4/python-multidict.SlackBuild
drwxr-xr-x root/root         0 2022-12-29 02:51 usr/lib64/
drwxr-xr-x root/root         0 2022-12-29 02:51 usr/lib64/python3.9/
drwxr-xr-x root/root         0 2022-12-29 02:51 usr/lib64/python3.9/site-packages/
drwxr-xr-x root/root         0 2022-12-29 02:51 usr/lib64/python3.9/site-packages/multidict/
drwxr-xr-x root/root         0 2022-12-29 02:51 usr/lib64/python3.9/site-packages/multidict-6.0.4-py3.9.egg-info/
-rw-r--r-- root/root      4140 2022-12-29 02:51 usr/lib64/python3.9/site-packages/multidict-6.0.4-py3.9.egg-info/PKG-INFO
-rw-r--r-- root/root      1645 2022-12-29 02:51 usr/lib64/python3.9/site-packages/multidict-6.0.4-py3.9.egg-info/SOURCES.txt
-rw-r--r-- root/root         1 2022-12-29 02:51 usr/lib64/python3.9/site-packages/multidict-6.0.4-py3.9.egg-info/dependency_links.txt
-rw-r--r-- root/root        10 2022-12-29 02:51 usr/lib64/python3.9/site-packages/multidict-6.0.4-py3.9.egg-info/top_level.txt
-rw-r--r-- root/root       928 2022-12-23 20:23 usr/lib64/python3.9/site-packages/multidict/__init__.py
-rw-r--r-- root/root      4853 2022-12-23 20:23 usr/lib64/python3.9/site-packages/multidict/__init__.pyi
drwxr-xr-x root/root         0 2022-12-29 02:51 usr/lib64/python3.9/site-packages/multidict/__pycache__/
-rw-r--r-- root/root       822 2022-12-29 02:51 usr/lib64/python3.9/site-packages/multidict/__pycache__/__init__.cpython-39.pyc
-rw-r--r-- root/root      1956 2022-12-29 02:51 usr/lib64/python3.9/site-packages/multidict/__pycache__/_abc.cpython-39.pyc
-rw-r--r-- root/root       431 2022-12-29 02:51 usr/lib64/python3.9/site-packages/multidict/__pycache__/_compat.cpython-39.pyc
-rw-r--r-- root/root      3422 2022-12-29 02:51 usr/lib64/python3.9/site-packages/multidict/__pycache__/_multidict_base.cpython-39.pyc
-rw-r--r-- root/root     16858 2022-12-29 02:51 usr/lib64/python3.9/site-packages/multidict/__pycache__/_multidict_py.cpython-39.pyc
-rw-r--r-- root/root      1190 2022-12-23 20:23 usr/lib64/python3.9/site-packages/multidict/_abc.py
-rw-r--r-- root/root       316 2022-12-23 20:23 usr/lib64/python3.9/site-packages/multidict/_compat.py
-rwxr-xr-x root/root     67352 2022-12-29 02:51 usr/lib64/python3.9/site-packages/multidict/_multidict.cpython-39-x86_64-linux-gnu.so
-rw-r--r-- root/root      3791 2022-12-23 20:23 usr/lib64/python3.9/site-packages/multidict/_multidict_base.py
-rw-r--r-- root/root     15049 2022-12-23 20:23 usr/lib64/python3.9/site-packages/multidict/_multidict_py.py
-rw-r--r-- root/root        15 2022-12-23 20:23 usr/lib64/python3.9/site-packages/multidict/py.typed


