++========================================
||
||   Package:  ./python-installer-0.5.1-x86_64-1_nwg.txz
||
++========================================
drwxr-xr-x root/root         0 2022-12-29 02:20 ./
drwxr-xr-x root/root         0 2022-12-29 02:20 install/
-rw-r--r-- root/root       938 2022-12-29 02:20 install/slack-desc
drwxr-xr-x root/root         0 2022-12-29 02:20 usr/
drwxr-xr-x root/root         0 2022-12-29 02:20 usr/doc/
drwxr-xr-x root/root         0 2022-12-29 02:20 usr/doc/python-installer-0.5.1/
-rw-r--r-- root/root      3285 2021-07-28 19:44 usr/doc/python-installer-0.5.1/CONTRIBUTING.md
-rw-r--r-- root/root      1057 2021-07-28 19:44 usr/doc/python-installer-0.5.1/LICENSE
-rw-r--r-- root/root       181 1969-12-31 19:00 usr/doc/python-installer-0.5.1/PKG-INFO
-rw-r--r-- root/root       613 2021-07-28 19:44 usr/doc/python-installer-0.5.1/README.md
drwxr-xr-x root/root         0 2022-12-29 02:20 usr/doc/python-installer-0.5.1/docs/
drwxr-xr-x root/root         0 2022-12-29 02:20 usr/doc/python-installer-0.5.1/docs/_static/
-rw-r--r-- root/root       455 2021-07-28 19:44 usr/doc/python-installer-0.5.1/docs/_static/custom.css
drwxr-xr-x root/root         0 2022-12-29 02:20 usr/doc/python-installer-0.5.1/docs/api/
-rw-r--r-- root/root       149 2021-07-28 19:44 usr/doc/python-installer-0.5.1/docs/api/__init__.md
-rw-r--r-- root/root       349 2022-01-02 07:47 usr/doc/python-installer-0.5.1/docs/api/destinations.md
-rw-r--r-- root/root      1219 2022-01-02 07:47 usr/doc/python-installer-0.5.1/docs/api/records.md
-rw-r--r-- root/root       515 2022-01-02 07:47 usr/doc/python-installer-0.5.1/docs/api/scripts.md
-rw-r--r-- root/root       169 2021-07-28 19:44 usr/doc/python-installer-0.5.1/docs/api/sources.md
-rw-r--r-- root/root       165 2021-10-13 16:26 usr/doc/python-installer-0.5.1/docs/api/utils.md
-rw-r--r-- root/root      1749 2022-03-11 03:49 usr/doc/python-installer-0.5.1/docs/changelog.md
drwxr-xr-x root/root         0 2022-12-29 02:20 usr/doc/python-installer-0.5.1/docs/cli/
-rw-r--r-- root/root       204 2022-02-16 20:46 usr/doc/python-installer-0.5.1/docs/cli/installer.md
-rw-r--r-- root/root      1623 2021-07-28 19:44 usr/doc/python-installer-0.5.1/docs/concepts.md
-rw-r--r-- root/root      2209 2022-02-16 14:41 usr/doc/python-installer-0.5.1/docs/conf.py
drwxr-xr-x root/root         0 2022-12-29 02:20 usr/doc/python-installer-0.5.1/docs/development/
-rw-r--r-- root/root       867 2021-07-28 19:44 usr/doc/python-installer-0.5.1/docs/development/design.md
-rw-r--r-- root/root       792 2021-07-28 19:44 usr/doc/python-installer-0.5.1/docs/development/index.md
-rw-r--r-- root/root      2975 2021-10-13 14:48 usr/doc/python-installer-0.5.1/docs/development/workflow.md
-rw-r--r-- root/root      1218 2022-02-16 14:41 usr/doc/python-installer-0.5.1/docs/index.md
-rw-r--r-- root/root       118 2021-07-28 19:44 usr/doc/python-installer-0.5.1/docs/license.md
-rw-r--r-- root/root        40 2022-02-16 14:41 usr/doc/python-installer-0.5.1/docs/requirements.txt
-rw-r--r-- root/root      2764 2022-12-29 02:20 usr/doc/python-installer-0.5.1/python-installer.SlackBuild
drwxr-xr-x root/root         0 2022-12-29 02:20 usr/lib64/
drwxr-xr-x root/root         0 2022-12-29 02:20 usr/lib64/python3.9/
drwxr-xr-x root/root         0 2022-12-29 02:20 usr/lib64/python3.9/site-packages/
drwxr-xr-x root/root         0 2022-12-29 02:20 usr/lib64/python3.9/site-packages/installer/
drwxr-xr-x root/root         0 2022-12-29 02:20 usr/lib64/python3.9/site-packages/installer-0.5.1-py3.9.egg-info/
-rw-r--r-- root/root       957 2022-12-29 02:20 usr/lib64/python3.9/site-packages/installer-0.5.1-py3.9.egg-info/PKG-INFO
-rw-r--r-- root/root       715 2022-12-29 02:20 usr/lib64/python3.9/site-packages/installer-0.5.1-py3.9.egg-info/SOURCES.txt
-rw-r--r-- root/root         1 2022-12-29 02:20 usr/lib64/python3.9/site-packages/installer-0.5.1-py3.9.egg-info/dependency_links.txt
-rw-r--r-- root/root        10 2022-12-29 02:20 usr/lib64/python3.9/site-packages/installer-0.5.1-py3.9.egg-info/top_level.txt
-rw-r--r-- root/root       136 2022-03-11 03:50 usr/lib64/python3.9/site-packages/installer/__init__.py
-rw-r--r-- root/root      2660 2022-03-11 03:08 usr/lib64/python3.9/site-packages/installer/__main__.py
drwxr-xr-x root/root         0 2022-12-29 02:20 usr/lib64/python3.9/site-packages/installer/__pycache__/
-rw-r--r-- root/root       298 2022-12-29 02:20 usr/lib64/python3.9/site-packages/installer/__pycache__/__init__.cpython-39.pyc
-rw-r--r-- root/root      2421 2022-12-29 02:20 usr/lib64/python3.9/site-packages/installer/__pycache__/__main__.cpython-39.pyc
-rw-r--r-- root/root      3301 2022-12-29 02:20 usr/lib64/python3.9/site-packages/installer/__pycache__/_core.cpython-39.pyc
-rw-r--r-- root/root      9938 2022-12-29 02:20 usr/lib64/python3.9/site-packages/installer/__pycache__/destinations.cpython-39.pyc
-rw-r--r-- root/root       626 2022-12-29 02:20 usr/lib64/python3.9/site-packages/installer/__pycache__/exceptions.cpython-39.pyc
-rw-r--r-- root/root      7459 2022-12-29 02:20 usr/lib64/python3.9/site-packages/installer/__pycache__/records.cpython-39.pyc
-rw-r--r-- root/root      4714 2022-12-29 02:20 usr/lib64/python3.9/site-packages/installer/__pycache__/scripts.cpython-39.pyc
-rw-r--r-- root/root      6663 2022-12-29 02:20 usr/lib64/python3.9/site-packages/installer/__pycache__/sources.cpython-39.pyc
-rw-r--r-- root/root      6330 2022-12-29 02:20 usr/lib64/python3.9/site-packages/installer/__pycache__/utils.cpython-39.pyc
-rw-r--r-- root/root      4668 2022-02-16 14:24 usr/lib64/python3.9/site-packages/installer/_core.py
drwxr-xr-x root/root         0 2022-12-29 02:20 usr/lib64/python3.9/site-packages/installer/_scripts/
-rw-r--r-- root/root        81 2021-08-12 17:37 usr/lib64/python3.9/site-packages/installer/_scripts/__init__.py
drwxr-xr-x root/root         0 2022-12-29 02:20 usr/lib64/python3.9/site-packages/installer/_scripts/__pycache__/
-rw-r--r-- root/root       242 2022-12-29 02:20 usr/lib64/python3.9/site-packages/installer/_scripts/__pycache__/__init__.cpython-39.pyc
-rw-r--r-- root/root     92672 2021-09-27 16:01 usr/lib64/python3.9/site-packages/installer/_scripts/t32.exe
-rw-r--r-- root/root    180736 2021-10-13 14:11 usr/lib64/python3.9/site-packages/installer/_scripts/t64-arm.exe
-rw-r--r-- root/root    102912 2021-09-27 16:01 usr/lib64/python3.9/site-packages/installer/_scripts/t64.exe
-rw-r--r-- root/root     86016 2021-09-27 16:01 usr/lib64/python3.9/site-packages/installer/_scripts/t_arm.exe
-rw-r--r-- root/root     89088 2021-09-27 16:01 usr/lib64/python3.9/site-packages/installer/_scripts/w32.exe
-rw-r--r-- root/root    166400 2021-10-13 14:11 usr/lib64/python3.9/site-packages/installer/_scripts/w64-arm.exe
-rw-r--r-- root/root     99840 2021-09-27 16:01 usr/lib64/python3.9/site-packages/installer/_scripts/w64.exe
-rw-r--r-- root/root     83968 2021-09-27 16:01 usr/lib64/python3.9/site-packages/installer/_scripts/w_arm.exe
-rw-r--r-- root/root     10148 2022-02-16 14:24 usr/lib64/python3.9/site-packages/installer/destinations.py
-rw-r--r-- root/root       248 2021-08-12 17:37 usr/lib64/python3.9/site-packages/installer/exceptions.py
-rw-r--r-- root/root      6875 2022-02-16 14:24 usr/lib64/python3.9/site-packages/installer/records.py
-rw-r--r-- root/root      5249 2021-10-24 03:42 usr/lib64/python3.9/site-packages/installer/scripts.py
-rw-r--r-- root/root      5914 2022-02-16 14:24 usr/lib64/python3.9/site-packages/installer/sources.py
-rw-r--r-- root/root      7228 2022-02-16 14:24 usr/lib64/python3.9/site-packages/installer/utils.py


