++========================================
||
||   Package:  ./python-typing_extensions-4.4.0-x86_64-1_nwg.txz
||
++========================================
drwxr-xr-x root/root         0 2022-12-29 03:17 ./
drwxr-xr-x root/root         0 2022-12-29 03:17 install/
-rw-r--r-- root/root      1240 2022-12-29 03:17 install/slack-desc
drwxr-xr-x root/root         0 2022-12-29 03:17 usr/
drwxr-xr-x root/root         0 2022-12-29 03:17 usr/doc/
drwxr-xr-x root/root         0 2022-12-29 03:17 usr/doc/python-typing_extensions-4.4.0/
-rw-r--r-- root/root     12787 2022-10-04 20:04 usr/doc/python-typing_extensions-4.4.0/LICENSE
-rw-r--r-- root/root      5815 2022-10-06 18:35 usr/doc/python-typing_extensions-4.4.0/README.md
-rw-r--r-- root/root      2630 2022-12-29 03:17 usr/doc/python-typing_extensions-4.4.0/python-typing_extensions.SlackBuild
drwxr-xr-x root/root         0 2022-12-29 03:17 usr/lib64/
drwxr-xr-x root/root         0 2022-12-29 03:17 usr/lib64/python3.9/
drwxr-xr-x root/root         0 2022-12-29 03:17 usr/lib64/python3.9/site-packages/
drwxr-xr-x root/root         0 2022-12-29 03:17 usr/lib64/python3.9/site-packages/__pycache__/
-rw-r--r-- root/root     65857 2022-12-29 03:17 usr/lib64/python3.9/site-packages/__pycache__/typing_extensions.cpython-39.opt-1.pyc
-rw-r--r-- root/root     65918 2022-12-29 03:17 usr/lib64/python3.9/site-packages/__pycache__/typing_extensions.cpython-39.pyc
drwxr-xr-x root/root         0 2022-12-29 03:17 usr/lib64/python3.9/site-packages/typing_extensions-4.4.0.dist-info/
-rw-r--r-- root/root     12787 2022-12-29 03:17 usr/lib64/python3.9/site-packages/typing_extensions-4.4.0.dist-info/LICENSE
-rw-r--r-- root/root      7249 2022-12-29 03:17 usr/lib64/python3.9/site-packages/typing_extensions-4.4.0.dist-info/METADATA
-rw-r--r-- root/root       497 2022-12-29 03:17 usr/lib64/python3.9/site-packages/typing_extensions-4.4.0.dist-info/RECORD
-rw-r--r-- root/root        81 2022-12-29 03:17 usr/lib64/python3.9/site-packages/typing_extensions-4.4.0.dist-info/WHEEL
-rw-r--r-- root/root     80078 2022-12-29 03:17 usr/lib64/python3.9/site-packages/typing_extensions.py


