++========================================
||
||   Package:  ./python-build-0.9.0-x86_64-1_nwg.txz
||
++========================================
drwxr-xr-x root/root         0 2022-12-29 03:09 ./
drwxr-xr-x root/root         0 2022-12-29 03:09 install/
-rw-r--r-- root/root       785 2022-12-29 03:09 install/slack-desc
drwxr-xr-x root/root         0 2022-12-29 03:09 usr/
drwxr-xr-x root/root         0 2022-12-29 03:09 usr/bin/
-rwxr-xr-x root/root       968 2022-12-29 03:09 usr/bin/pyproject-build
drwxr-xr-x root/root         0 2022-12-29 03:09 usr/doc/
drwxr-xr-x root/root         0 2022-12-29 03:09 usr/doc/python-build-0.9.0/
-rw-r--r-- root/root     12439 2022-10-27 06:42 usr/doc/python-build-0.9.0/CHANGELOG.rst
-rw-r--r-- root/root      1113 2022-10-27 06:42 usr/doc/python-build-0.9.0/LICENSE
-rw-r--r-- root/root      1656 2022-10-27 06:42 usr/doc/python-build-0.9.0/README.md
-rw-r--r-- root/root      2945 2022-12-29 03:09 usr/doc/python-build-0.9.0/python-build.SlackBuild
drwxr-xr-x root/root         0 2022-12-29 03:09 usr/lib64/
drwxr-xr-x root/root         0 2022-12-29 03:09 usr/lib64/python3.9/
drwxr-xr-x root/root         0 2022-12-29 03:09 usr/lib64/python3.9/site-packages/
drwxr-xr-x root/root         0 2022-12-29 03:09 usr/lib64/python3.9/site-packages/build/
drwxr-xr-x root/root         0 2022-12-29 03:09 usr/lib64/python3.9/site-packages/build-0.9.0-py3.9.egg-info/
-rw-r--r-- root/root      2733 2022-12-29 03:09 usr/lib64/python3.9/site-packages/build-0.9.0-py3.9.egg-info/PKG-INFO
-rw-r--r-- root/root       349 2022-12-29 03:09 usr/lib64/python3.9/site-packages/build-0.9.0-py3.9.egg-info/SOURCES.txt
-rw-r--r-- root/root         1 2022-12-29 03:09 usr/lib64/python3.9/site-packages/build-0.9.0-py3.9.egg-info/dependency_links.txt
-rw-r--r-- root/root       108 2022-12-29 03:09 usr/lib64/python3.9/site-packages/build-0.9.0-py3.9.egg-info/entry_points.txt
-rw-r--r-- root/root       628 2022-12-29 03:09 usr/lib64/python3.9/site-packages/build-0.9.0-py3.9.egg-info/requires.txt
-rw-r--r-- root/root         6 2022-12-29 03:09 usr/lib64/python3.9/site-packages/build-0.9.0-py3.9.egg-info/top_level.txt
-rw-r--r-- root/root     19573 2022-10-27 06:42 usr/lib64/python3.9/site-packages/build/__init__.py
-rw-r--r-- root/root     12204 2022-10-27 06:42 usr/lib64/python3.9/site-packages/build/__main__.py
drwxr-xr-x root/root         0 2022-12-29 03:09 usr/lib64/python3.9/site-packages/build/__pycache__/
-rw-r--r-- root/root     17766 2022-12-29 03:09 usr/lib64/python3.9/site-packages/build/__pycache__/__init__.cpython-39.pyc
-rw-r--r-- root/root     11338 2022-12-29 03:09 usr/lib64/python3.9/site-packages/build/__pycache__/__main__.cpython-39.pyc
-rw-r--r-- root/root     10574 2022-12-29 03:09 usr/lib64/python3.9/site-packages/build/__pycache__/env.cpython-39.pyc
-rw-r--r-- root/root      1691 2022-12-29 03:09 usr/lib64/python3.9/site-packages/build/__pycache__/util.cpython-39.pyc
-rw-r--r-- root/root     12631 2022-10-27 06:42 usr/lib64/python3.9/site-packages/build/env.py
-rw-r--r-- root/root         0 2022-10-27 06:42 usr/lib64/python3.9/site-packages/build/py.typed
-rw-r--r-- root/root      1672 2022-10-27 06:42 usr/lib64/python3.9/site-packages/build/util.py


