++========================================
||
||   Package:  ./python-xlib-0.26-x86_64-1_nwg.txz
||
++========================================
drwxr-xr-x root/root         0 2022-12-29 02:29 ./
drwxr-xr-x root/root         0 2022-12-29 02:29 install/
-rw-r--r-- root/root      1150 2022-12-29 02:29 install/slack-desc
drwxr-xr-x root/root         0 2022-12-29 02:29 usr/
drwxr-xr-x root/root         0 2022-12-29 02:29 usr/doc/
drwxr-xr-x root/root         0 2022-12-29 02:29 usr/doc/python-xlib-0.26/
-rw-r--r-- root/root     13525 2019-12-08 07:01 usr/doc/python-xlib-0.26/CHANGELOG.md
-rw-r--r-- root/root     26965 2016-08-13 04:06 usr/doc/python-xlib-0.26/LICENSE
-rw-r--r-- root/root      6997 2019-12-08 07:05 usr/doc/python-xlib-0.26/PKG-INFO
-rw-r--r-- root/root      4667 2019-02-03 16:05 usr/doc/python-xlib-0.26/README.rst
-rw-r--r-- root/root      1735 2016-08-13 04:05 usr/doc/python-xlib-0.26/TODO
-rw-r--r-- root/root      1614 2022-12-29 02:29 usr/doc/python-xlib-0.26/python-xlib.SlackBuild
drwxr-xr-x root/root         0 2022-12-29 02:29 usr/lib64/
drwxr-xr-x root/root         0 2022-12-29 02:29 usr/lib64/python3.9/
drwxr-xr-x root/root         0 2022-12-29 02:29 usr/lib64/python3.9/site-packages/
drwxr-xr-x root/root         0 2022-12-29 02:29 usr/lib64/python3.9/site-packages/Xlib/
-rw-r--r-- root/root     10636 2016-08-13 04:06 usr/lib64/python3.9/site-packages/Xlib/X.py
-rw-r--r-- root/root      3299 2016-08-13 04:06 usr/lib64/python3.9/site-packages/Xlib/XK.py
-rw-r--r-- root/root      2047 2016-08-13 04:06 usr/lib64/python3.9/site-packages/Xlib/Xatom.py
-rw-r--r-- root/root      2128 2016-08-13 04:06 usr/lib64/python3.9/site-packages/Xlib/Xcursorfont.py
-rw-r--r-- root/root      2298 2016-08-13 04:06 usr/lib64/python3.9/site-packages/Xlib/Xutil.py
-rw-r--r-- root/root      1223 2019-12-08 07:01 usr/lib64/python3.9/site-packages/Xlib/__init__.py
drwxr-xr-x root/root         0 2022-12-29 02:29 usr/lib64/python3.9/site-packages/Xlib/__pycache__/
-rw-r--r-- root/root      7397 2022-12-29 02:29 usr/lib64/python3.9/site-packages/Xlib/__pycache__/X.cpython-39.pyc
-rw-r--r-- root/root      2055 2022-12-29 02:29 usr/lib64/python3.9/site-packages/Xlib/__pycache__/XK.cpython-39.pyc
-rw-r--r-- root/root      1739 2022-12-29 02:29 usr/lib64/python3.9/site-packages/Xlib/__pycache__/Xatom.cpython-39.pyc
-rw-r--r-- root/root      1847 2022-12-29 02:29 usr/lib64/python3.9/site-packages/Xlib/__pycache__/Xcursorfont.cpython-39.pyc
-rw-r--r-- root/root      1403 2022-12-29 02:29 usr/lib64/python3.9/site-packages/Xlib/__pycache__/Xutil.cpython-39.pyc
-rw-r--r-- root/root       332 2022-12-29 02:29 usr/lib64/python3.9/site-packages/Xlib/__pycache__/__init__.cpython-39.pyc
-rw-r--r-- root/root     32265 2022-12-29 02:29 usr/lib64/python3.9/site-packages/Xlib/__pycache__/display.cpython-39.pyc
-rw-r--r-- root/root      6542 2022-12-29 02:29 usr/lib64/python3.9/site-packages/Xlib/__pycache__/error.cpython-39.pyc
-rw-r--r-- root/root     14873 2022-12-29 02:29 usr/lib64/python3.9/site-packages/Xlib/__pycache__/rdb.cpython-39.pyc
-rw-r--r-- root/root       249 2022-12-29 02:29 usr/lib64/python3.9/site-packages/Xlib/__pycache__/threaded.cpython-39.pyc
-rw-r--r-- root/root      2783 2022-12-29 02:29 usr/lib64/python3.9/site-packages/Xlib/__pycache__/xauth.cpython-39.pyc
-rw-r--r-- root/root     37930 2019-02-03 16:05 usr/lib64/python3.9/site-packages/Xlib/display.py
-rw-r--r-- root/root      4911 2016-08-13 04:06 usr/lib64/python3.9/site-packages/Xlib/error.py
drwxr-xr-x root/root         0 2022-12-29 02:29 usr/lib64/python3.9/site-packages/Xlib/ext/
-rw-r--r-- root/root      1586 2019-12-08 06:17 usr/lib64/python3.9/site-packages/Xlib/ext/__init__.py
drwxr-xr-x root/root         0 2022-12-29 02:29 usr/lib64/python3.9/site-packages/Xlib/ext/__pycache__/
-rw-r--r-- root/root       547 2022-12-29 02:29 usr/lib64/python3.9/site-packages/Xlib/ext/__pycache__/__init__.cpython-39.pyc
-rw-r--r-- root/root      6388 2022-12-29 02:29 usr/lib64/python3.9/site-packages/Xlib/ext/__pycache__/composite.cpython-39.pyc
-rw-r--r-- root/root      4208 2022-12-29 02:29 usr/lib64/python3.9/site-packages/Xlib/ext/__pycache__/damage.cpython-39.pyc
-rw-r--r-- root/root      2176 2022-12-29 02:29 usr/lib64/python3.9/site-packages/Xlib/ext/__pycache__/ge.cpython-39.pyc
-rw-r--r-- root/root     63587 2022-12-29 02:29 usr/lib64/python3.9/site-packages/Xlib/ext/__pycache__/nvcontrol.cpython-39.pyc
-rw-r--r-- root/root     26042 2022-12-29 02:29 usr/lib64/python3.9/site-packages/Xlib/ext/__pycache__/randr.cpython-39.pyc
-rw-r--r-- root/root      7147 2022-12-29 02:29 usr/lib64/python3.9/site-packages/Xlib/ext/__pycache__/record.cpython-39.pyc
-rw-r--r-- root/root      2924 2022-12-29 02:29 usr/lib64/python3.9/site-packages/Xlib/ext/__pycache__/security.cpython-39.pyc
-rw-r--r-- root/root      7699 2022-12-29 02:29 usr/lib64/python3.9/site-packages/Xlib/ext/__pycache__/shape.cpython-39.pyc
-rw-r--r-- root/root      3884 2022-12-29 02:29 usr/lib64/python3.9/site-packages/Xlib/ext/__pycache__/xfixes.cpython-39.pyc
-rw-r--r-- root/root      5447 2022-12-29 02:29 usr/lib64/python3.9/site-packages/Xlib/ext/__pycache__/xinerama.cpython-39.pyc
-rw-r--r-- root/root     14519 2022-12-29 02:29 usr/lib64/python3.9/site-packages/Xlib/ext/__pycache__/xinput.cpython-39.pyc
-rw-r--r-- root/root      3042 2022-12-29 02:29 usr/lib64/python3.9/site-packages/Xlib/ext/__pycache__/xtest.cpython-39.pyc
-rw-r--r-- root/root      8881 2019-12-08 06:17 usr/lib64/python3.9/site-packages/Xlib/ext/composite.py
-rw-r--r-- root/root      5933 2019-12-08 06:17 usr/lib64/python3.9/site-packages/Xlib/ext/damage.py
-rw-r--r-- root/root      3481 2016-08-13 04:06 usr/lib64/python3.9/site-packages/Xlib/ext/ge.py
-rw-r--r-- root/root    191297 2019-12-08 06:17 usr/lib64/python3.9/site-packages/Xlib/ext/nvcontrol.py
-rw-r--r-- root/root     35910 2016-08-13 04:06 usr/lib64/python3.9/site-packages/Xlib/ext/randr.py
-rw-r--r-- root/root      9684 2016-08-13 04:06 usr/lib64/python3.9/site-packages/Xlib/ext/record.py
-rw-r--r-- root/root      5180 2016-08-13 04:06 usr/lib64/python3.9/site-packages/Xlib/ext/security.py
-rw-r--r-- root/root      8147 2016-08-13 04:06 usr/lib64/python3.9/site-packages/Xlib/ext/shape.py
-rw-r--r-- root/root      5280 2019-12-08 06:17 usr/lib64/python3.9/site-packages/Xlib/ext/xfixes.py
-rw-r--r-- root/root      7154 2019-02-03 16:05 usr/lib64/python3.9/site-packages/Xlib/ext/xinerama.py
-rw-r--r-- root/root     17824 2019-12-08 06:17 usr/lib64/python3.9/site-packages/Xlib/ext/xinput.py
-rw-r--r-- root/root      4686 2016-08-13 04:06 usr/lib64/python3.9/site-packages/Xlib/ext/xtest.py
drwxr-xr-x root/root         0 2022-12-29 02:29 usr/lib64/python3.9/site-packages/Xlib/keysymdef/
-rw-r--r-- root/root      1171 2016-08-13 04:05 usr/lib64/python3.9/site-packages/Xlib/keysymdef/__init__.py
drwxr-xr-x root/root         0 2022-12-29 02:29 usr/lib64/python3.9/site-packages/Xlib/keysymdef/__pycache__/
-rw-r--r-- root/root       325 2022-12-29 02:29 usr/lib64/python3.9/site-packages/Xlib/keysymdef/__pycache__/__init__.cpython-39.pyc
-rw-r--r-- root/root       587 2022-12-29 02:29 usr/lib64/python3.9/site-packages/Xlib/keysymdef/__pycache__/apl.cpython-39.pyc
-rw-r--r-- root/root      1560 2022-12-29 02:29 usr/lib64/python3.9/site-packages/Xlib/keysymdef/__pycache__/arabic.cpython-39.pyc
-rw-r--r-- root/root      3045 2022-12-29 02:29 usr/lib64/python3.9/site-packages/Xlib/keysymdef/__pycache__/cyrillic.cpython-39.pyc
-rw-r--r-- root/root      2269 2022-12-29 02:29 usr/lib64/python3.9/site-packages/Xlib/keysymdef/__pycache__/greek.cpython-39.pyc
-rw-r--r-- root/root      1206 2022-12-29 02:29 usr/lib64/python3.9/site-packages/Xlib/keysymdef/__pycache__/hebrew.cpython-39.pyc
-rw-r--r-- root/root      1798 2022-12-29 02:29 usr/lib64/python3.9/site-packages/Xlib/keysymdef/__pycache__/katakana.cpython-39.pyc
-rw-r--r-- root/root      3417 2022-12-29 02:29 usr/lib64/python3.9/site-packages/Xlib/keysymdef/__pycache__/korean.cpython-39.pyc
-rw-r--r-- root/root      4331 2022-12-29 02:29 usr/lib64/python3.9/site-packages/Xlib/keysymdef/__pycache__/latin1.cpython-39.pyc
-rw-r--r-- root/root      1448 2022-12-29 02:29 usr/lib64/python3.9/site-packages/Xlib/keysymdef/__pycache__/latin2.cpython-39.pyc
-rw-r--r-- root/root       698 2022-12-29 02:29 usr/lib64/python3.9/site-packages/Xlib/keysymdef/__pycache__/latin3.cpython-39.pyc
-rw-r--r-- root/root       962 2022-12-29 02:29 usr/lib64/python3.9/site-packages/Xlib/keysymdef/__pycache__/latin4.cpython-39.pyc
-rw-r--r-- root/root      3624 2022-12-29 02:29 usr/lib64/python3.9/site-packages/Xlib/keysymdef/__pycache__/miscellany.cpython-39.pyc
-rw-r--r-- root/root      2458 2022-12-29 02:29 usr/lib64/python3.9/site-packages/Xlib/keysymdef/__pycache__/publishing.cpython-39.pyc
-rw-r--r-- root/root       732 2022-12-29 02:29 usr/lib64/python3.9/site-packages/Xlib/keysymdef/__pycache__/special.cpython-39.pyc
-rw-r--r-- root/root      1547 2022-12-29 02:29 usr/lib64/python3.9/site-packages/Xlib/keysymdef/__pycache__/technical.cpython-39.pyc
-rw-r--r-- root/root      2483 2022-12-29 02:29 usr/lib64/python3.9/site-packages/Xlib/keysymdef/__pycache__/thai.cpython-39.pyc
-rw-r--r-- root/root      5012 2022-12-29 02:29 usr/lib64/python3.9/site-packages/Xlib/keysymdef/__pycache__/xf86.cpython-39.pyc
-rw-r--r-- root/root       973 2022-12-29 02:29 usr/lib64/python3.9/site-packages/Xlib/keysymdef/__pycache__/xk3270.cpython-39.pyc
-rw-r--r-- root/root      3364 2022-12-29 02:29 usr/lib64/python3.9/site-packages/Xlib/keysymdef/__pycache__/xkb.cpython-39.pyc
-rw-r--r-- root/root       388 2016-08-13 04:05 usr/lib64/python3.9/site-packages/Xlib/keysymdef/apl.py
-rw-r--r-- root/root      1271 2016-08-13 04:05 usr/lib64/python3.9/site-packages/Xlib/keysymdef/arabic.py
-rw-r--r-- root/root      2647 2016-08-13 04:06 usr/lib64/python3.9/site-packages/Xlib/keysymdef/cyrillic.py
-rw-r--r-- root/root      1914 2016-08-13 04:06 usr/lib64/python3.9/site-packages/Xlib/keysymdef/greek.py
-rw-r--r-- root/root       997 2016-08-13 04:05 usr/lib64/python3.9/site-packages/Xlib/keysymdef/hebrew.py
-rw-r--r-- root/root      1467 2016-08-13 04:05 usr/lib64/python3.9/site-packages/Xlib/keysymdef/katakana.py
-rw-r--r-- root/root      2967 2016-08-13 04:06 usr/lib64/python3.9/site-packages/Xlib/keysymdef/korean.py
-rw-r--r-- root/root      3621 2016-08-13 04:06 usr/lib64/python3.9/site-packages/Xlib/keysymdef/latin1.py
-rw-r--r-- root/root      1132 2016-08-13 04:05 usr/lib64/python3.9/site-packages/Xlib/keysymdef/latin2.py
-rw-r--r-- root/root       487 2016-08-13 04:05 usr/lib64/python3.9/site-packages/Xlib/keysymdef/latin3.py
-rw-r--r-- root/root       714 2016-08-13 04:05 usr/lib64/python3.9/site-packages/Xlib/keysymdef/latin4.py
-rw-r--r-- root/root      3302 2016-08-13 04:06 usr/lib64/python3.9/site-packages/Xlib/keysymdef/miscellany.py
-rw-r--r-- root/root      2060 2016-08-13 04:06 usr/lib64/python3.9/site-packages/Xlib/keysymdef/publishing.py
-rw-r--r-- root/root       514 2016-08-13 04:05 usr/lib64/python3.9/site-packages/Xlib/keysymdef/special.py
-rw-r--r-- root/root      1252 2016-08-13 04:05 usr/lib64/python3.9/site-packages/Xlib/keysymdef/technical.py
-rw-r--r-- root/root      2088 2016-08-13 04:06 usr/lib64/python3.9/site-packages/Xlib/keysymdef/thai.py
-rw-r--r-- root/root      6429 2016-08-13 04:06 usr/lib64/python3.9/site-packages/Xlib/keysymdef/xf86.py
-rw-r--r-- root/root       768 2016-08-13 04:05 usr/lib64/python3.9/site-packages/Xlib/keysymdef/xk3270.py
-rw-r--r-- root/root      3022 2016-08-13 04:06 usr/lib64/python3.9/site-packages/Xlib/keysymdef/xkb.py
drwxr-xr-x root/root         0 2022-12-29 02:29 usr/lib64/python3.9/site-packages/Xlib/protocol/
-rw-r--r-- root/root       979 2016-08-13 04:05 usr/lib64/python3.9/site-packages/Xlib/protocol/__init__.py
drwxr-xr-x root/root         0 2022-12-29 02:29 usr/lib64/python3.9/site-packages/Xlib/protocol/__pycache__/
-rw-r--r-- root/root       205 2022-12-29 02:29 usr/lib64/python3.9/site-packages/Xlib/protocol/__pycache__/__init__.cpython-39.pyc
-rw-r--r-- root/root     16969 2022-12-29 02:29 usr/lib64/python3.9/site-packages/Xlib/protocol/__pycache__/display.cpython-39.pyc
-rw-r--r-- root/root     11664 2022-12-29 02:29 usr/lib64/python3.9/site-packages/Xlib/protocol/__pycache__/event.cpython-39.pyc
-rw-r--r-- root/root     44762 2022-12-29 02:29 usr/lib64/python3.9/site-packages/Xlib/protocol/__pycache__/request.cpython-39.pyc
-rw-r--r-- root/root     39148 2022-12-29 02:29 usr/lib64/python3.9/site-packages/Xlib/protocol/__pycache__/rq.cpython-39.pyc
-rw-r--r-- root/root      3129 2022-12-29 02:29 usr/lib64/python3.9/site-packages/Xlib/protocol/__pycache__/structs.cpython-39.pyc
-rw-r--r-- root/root     37376 2019-02-03 16:05 usr/lib64/python3.9/site-packages/Xlib/protocol/display.py
-rw-r--r-- root/root     15816 2016-08-13 04:06 usr/lib64/python3.9/site-packages/Xlib/protocol/event.py
-rw-r--r-- root/root     49386 2019-02-03 16:05 usr/lib64/python3.9/site-packages/Xlib/protocol/request.py
-rw-r--r-- root/root     44991 2019-02-03 16:05 usr/lib64/python3.9/site-packages/Xlib/protocol/rq.py
-rw-r--r-- root/root      5489 2016-08-13 04:06 usr/lib64/python3.9/site-packages/Xlib/protocol/structs.py
-rw-r--r-- root/root     20673 2019-02-03 16:05 usr/lib64/python3.9/site-packages/Xlib/rdb.py
drwxr-xr-x root/root         0 2022-12-29 02:29 usr/lib64/python3.9/site-packages/Xlib/support/
-rw-r--r-- root/root       986 2016-08-13 04:05 usr/lib64/python3.9/site-packages/Xlib/support/__init__.py
drwxr-xr-x root/root         0 2022-12-29 02:29 usr/lib64/python3.9/site-packages/Xlib/support/__pycache__/
-rw-r--r-- root/root       183 2022-12-29 02:29 usr/lib64/python3.9/site-packages/Xlib/support/__pycache__/__init__.cpython-39.pyc
-rw-r--r-- root/root      2197 2022-12-29 02:29 usr/lib64/python3.9/site-packages/Xlib/support/__pycache__/connect.cpython-39.pyc
-rw-r--r-- root/root       747 2022-12-29 02:29 usr/lib64/python3.9/site-packages/Xlib/support/__pycache__/lock.cpython-39.pyc
-rw-r--r-- root/root      3770 2022-12-29 02:29 usr/lib64/python3.9/site-packages/Xlib/support/__pycache__/unix_connect.cpython-39.pyc
-rw-r--r-- root/root      1115 2022-12-29 02:29 usr/lib64/python3.9/site-packages/Xlib/support/__pycache__/vms_connect.cpython-39.pyc
-rw-r--r-- root/root      3194 2019-02-03 16:05 usr/lib64/python3.9/site-packages/Xlib/support/connect.py
-rw-r--r-- root/root      1591 2016-08-13 04:05 usr/lib64/python3.9/site-packages/Xlib/support/lock.py
-rw-r--r-- root/root      6640 2019-02-03 16:05 usr/lib64/python3.9/site-packages/Xlib/support/unix_connect.py
-rw-r--r-- root/root      2161 2019-02-03 16:05 usr/lib64/python3.9/site-packages/Xlib/support/vms_connect.py
-rw-r--r-- root/root      1124 2016-08-13 04:05 usr/lib64/python3.9/site-packages/Xlib/threaded.py
-rw-r--r-- root/root      4309 2019-02-03 16:05 usr/lib64/python3.9/site-packages/Xlib/xauth.py
drwxr-xr-x root/root         0 2022-12-29 02:29 usr/lib64/python3.9/site-packages/Xlib/xobject/
-rw-r--r-- root/root      1001 2016-08-13 04:05 usr/lib64/python3.9/site-packages/Xlib/xobject/__init__.py
drwxr-xr-x root/root         0 2022-12-29 02:29 usr/lib64/python3.9/site-packages/Xlib/xobject/__pycache__/
-rw-r--r-- root/root       221 2022-12-29 02:29 usr/lib64/python3.9/site-packages/Xlib/xobject/__pycache__/__init__.cpython-39.pyc
-rw-r--r-- root/root      4391 2022-12-29 02:29 usr/lib64/python3.9/site-packages/Xlib/xobject/__pycache__/colormap.cpython-39.pyc
-rw-r--r-- root/root      1036 2022-12-29 02:29 usr/lib64/python3.9/site-packages/Xlib/xobject/__pycache__/cursor.cpython-39.pyc
-rw-r--r-- root/root     25288 2022-12-29 02:29 usr/lib64/python3.9/site-packages/Xlib/xobject/__pycache__/drawable.cpython-39.pyc
-rw-r--r-- root/root      3116 2022-12-29 02:29 usr/lib64/python3.9/site-packages/Xlib/xobject/__pycache__/fontable.cpython-39.pyc
-rw-r--r-- root/root      1184 2022-12-29 02:29 usr/lib64/python3.9/site-packages/Xlib/xobject/__pycache__/icccm.cpython-39.pyc
-rw-r--r-- root/root      1646 2022-12-29 02:29 usr/lib64/python3.9/site-packages/Xlib/xobject/__pycache__/resource.cpython-39.pyc
-rw-r--r-- root/root      5866 2016-08-13 04:06 usr/lib64/python3.9/site-packages/Xlib/xobject/colormap.py
-rw-r--r-- root/root      1896 2016-08-13 04:06 usr/lib64/python3.9/site-packages/Xlib/xobject/cursor.py
-rw-r--r-- root/root     35245 2019-02-03 16:05 usr/lib64/python3.9/site-packages/Xlib/xobject/drawable.py
-rw-r--r-- root/root      4349 2016-08-13 04:06 usr/lib64/python3.9/site-packages/Xlib/xobject/fontable.py
-rw-r--r-- root/root      3441 2016-08-13 04:06 usr/lib64/python3.9/site-packages/Xlib/xobject/icccm.py
-rw-r--r-- root/root      1865 2016-08-13 04:05 usr/lib64/python3.9/site-packages/Xlib/xobject/resource.py
drwxr-xr-x root/root         0 2022-12-29 02:29 usr/lib64/python3.9/site-packages/python_xlib-0.26-py3.9.egg-info/
-rw-r--r-- root/root      5869 2022-12-29 02:29 usr/lib64/python3.9/site-packages/python_xlib-0.26-py3.9.egg-info/PKG-INFO
-rw-r--r-- root/root      2924 2022-12-29 02:29 usr/lib64/python3.9/site-packages/python_xlib-0.26-py3.9.egg-info/SOURCES.txt
-rw-r--r-- root/root         1 2022-12-29 02:29 usr/lib64/python3.9/site-packages/python_xlib-0.26-py3.9.egg-info/dependency_links.txt
-rw-r--r-- root/root        12 2022-12-29 02:29 usr/lib64/python3.9/site-packages/python_xlib-0.26-py3.9.egg-info/requires.txt
-rw-r--r-- root/root         5 2022-12-29 02:29 usr/lib64/python3.9/site-packages/python_xlib-0.26-py3.9.egg-info/top_level.txt


