++========================================
||
||   Package:  ./python-async-timeout-4.0.2-x86_64-1_nwg.txz
||
++========================================
drwxr-xr-x root/root         0 2022-12-29 02:17 ./
drwxr-xr-x root/root         0 2022-12-29 02:17 install/
-rw-r--r-- root/root       916 2022-12-29 02:17 install/slack-desc
drwxr-xr-x root/root         0 2022-12-29 02:17 usr/
drwxr-xr-x root/root         0 2022-12-29 02:17 usr/doc/
drwxr-xr-x root/root         0 2022-12-29 02:17 usr/doc/python-async-timeout-4.0.2/
-rw-r--r-- root/root      2594 2021-12-20 04:14 usr/doc/python-async-timeout-4.0.2/CHANGES.rst
-rw-r--r-- root/root       568 2021-12-20 04:14 usr/doc/python-async-timeout-4.0.2/LICENSE
-rw-r--r-- root/root      4125 2021-12-20 04:14 usr/doc/python-async-timeout-4.0.2/PKG-INFO
-rw-r--r-- root/root      2731 2021-12-20 04:14 usr/doc/python-async-timeout-4.0.2/README.rst
-rw-r--r-- root/root      3138 2022-12-29 02:17 usr/doc/python-async-timeout-4.0.2/python-async-timeout.SlackBuild
drwxr-xr-x root/root         0 2022-12-29 02:17 usr/lib64/
drwxr-xr-x root/root         0 2022-12-29 02:17 usr/lib64/python3.9/
drwxr-xr-x root/root         0 2022-12-29 02:17 usr/lib64/python3.9/site-packages/
drwxr-xr-x root/root         0 2022-12-29 02:17 usr/lib64/python3.9/site-packages/async_timeout/
drwxr-xr-x root/root         0 2022-12-29 02:17 usr/lib64/python3.9/site-packages/async_timeout-4.0.2-py3.9.egg-info/
-rw-r--r-- root/root      4105 2022-12-29 02:17 usr/lib64/python3.9/site-packages/async_timeout-4.0.2-py3.9.egg-info/PKG-INFO
-rw-r--r-- root/root       363 2022-12-29 02:17 usr/lib64/python3.9/site-packages/async_timeout-4.0.2-py3.9.egg-info/SOURCES.txt
-rw-r--r-- root/root         1 2022-12-29 02:17 usr/lib64/python3.9/site-packages/async_timeout-4.0.2-py3.9.egg-info/dependency_links.txt
-rw-r--r-- root/root        52 2022-12-29 02:17 usr/lib64/python3.9/site-packages/async_timeout-4.0.2-py3.9.egg-info/requires.txt
-rw-r--r-- root/root        14 2022-12-29 02:17 usr/lib64/python3.9/site-packages/async_timeout-4.0.2-py3.9.egg-info/top_level.txt
-rw-r--r-- root/root         1 2021-12-20 04:14 usr/lib64/python3.9/site-packages/async_timeout-4.0.2-py3.9.egg-info/zip-safe
-rw-r--r-- root/root      7487 2021-12-20 04:14 usr/lib64/python3.9/site-packages/async_timeout/__init__.py
drwxr-xr-x root/root         0 2022-12-29 02:17 usr/lib64/python3.9/site-packages/async_timeout/__pycache__/
-rw-r--r-- root/root      6831 2022-12-29 02:17 usr/lib64/python3.9/site-packages/async_timeout/__pycache__/__init__.cpython-39.pyc
-rw-r--r-- root/root        12 2021-12-20 04:14 usr/lib64/python3.9/site-packages/async_timeout/py.typed


