++========================================
||
||   Package:  ./python-psutil-5.9.4-x86_64-1_nwg.txz
||
++========================================
drwxr-xr-x root/root         0 2022-12-29 03:16 ./
drwxr-xr-x root/root         0 2022-12-29 03:16 install/
-rw-r--r-- root/root      1150 2022-12-29 03:16 install/slack-desc
drwxr-xr-x root/root         0 2022-12-29 03:16 usr/
drwxr-xr-x root/root         0 2022-12-29 03:16 usr/doc/
drwxr-xr-x root/root         0 2022-12-29 03:16 usr/doc/python-psutil-5.9.4/
-rw-r--r-- root/root     12151 2022-10-21 16:20 usr/doc/python-psutil-5.9.4/CREDITS
-rw-r--r-- root/root    274381 2022-11-07 13:44 usr/doc/python-psutil-5.9.4/HISTORY.rst
-rw-r--r-- root/root      1549 2021-11-22 13:18 usr/doc/python-psutil-5.9.4/LICENSE
-rw-r--r-- root/root     21014 2022-10-21 16:20 usr/doc/python-psutil-5.9.4/README.rst
-rw-r--r-- root/root      2987 2022-12-29 03:16 usr/doc/python-psutil-5.9.4/python-psutil.SlackBuild
drwxr-xr-x root/root         0 2022-12-29 03:16 usr/lib64/
drwxr-xr-x root/root         0 2022-12-29 03:16 usr/lib64/python3.9/
drwxr-xr-x root/root         0 2022-12-29 03:16 usr/lib64/python3.9/site-packages/
drwxr-xr-x root/root         0 2022-12-29 03:16 usr/lib64/python3.9/site-packages/psutil/
drwxr-xr-x root/root         0 2022-12-29 03:16 usr/lib64/python3.9/site-packages/psutil-5.9.4.dist-info/
-rw-r--r-- root/root      1549 2022-12-29 03:16 usr/lib64/python3.9/site-packages/psutil-5.9.4.dist-info/LICENSE
-rw-r--r-- root/root     21425 2022-12-29 03:16 usr/lib64/python3.9/site-packages/psutil-5.9.4.dist-info/METADATA
-rw-r--r-- root/root      3537 2022-12-29 03:16 usr/lib64/python3.9/site-packages/psutil-5.9.4.dist-info/RECORD
-rw-r--r-- root/root       103 2022-12-29 03:16 usr/lib64/python3.9/site-packages/psutil-5.9.4.dist-info/WHEEL
-rw-r--r-- root/root         7 2022-12-29 03:16 usr/lib64/python3.9/site-packages/psutil-5.9.4.dist-info/top_level.txt
-rw-r--r-- root/root     87339 2022-12-29 03:16 usr/lib64/python3.9/site-packages/psutil/__init__.py
drwxr-xr-x root/root         0 2022-12-29 03:16 usr/lib64/python3.9/site-packages/psutil/__pycache__/
-rw-r--r-- root/root     64005 2022-12-29 03:16 usr/lib64/python3.9/site-packages/psutil/__pycache__/__init__.cpython-39.opt-1.pyc
-rw-r--r-- root/root     64053 2022-12-29 03:16 usr/lib64/python3.9/site-packages/psutil/__pycache__/__init__.cpython-39.pyc
-rw-r--r-- root/root     21987 2022-12-29 03:16 usr/lib64/python3.9/site-packages/psutil/__pycache__/_common.cpython-39.opt-1.pyc
-rw-r--r-- root/root     22090 2022-12-29 03:16 usr/lib64/python3.9/site-packages/psutil/__pycache__/_common.cpython-39.pyc
-rw-r--r-- root/root     11866 2022-12-29 03:16 usr/lib64/python3.9/site-packages/psutil/__pycache__/_compat.cpython-39.opt-1.pyc
-rw-r--r-- root/root     11866 2022-12-29 03:16 usr/lib64/python3.9/site-packages/psutil/__pycache__/_compat.cpython-39.pyc
-rw-r--r-- root/root     15267 2022-12-29 03:16 usr/lib64/python3.9/site-packages/psutil/__pycache__/_psaix.cpython-39.opt-1.pyc
-rw-r--r-- root/root     15267 2022-12-29 03:16 usr/lib64/python3.9/site-packages/psutil/__pycache__/_psaix.cpython-39.pyc
-rw-r--r-- root/root     21060 2022-12-29 03:16 usr/lib64/python3.9/site-packages/psutil/__pycache__/_psbsd.cpython-39.opt-1.pyc
-rw-r--r-- root/root     21123 2022-12-29 03:16 usr/lib64/python3.9/site-packages/psutil/__pycache__/_psbsd.cpython-39.pyc
-rw-r--r-- root/root     53060 2022-12-29 03:16 usr/lib64/python3.9/site-packages/psutil/__pycache__/_pslinux.cpython-39.opt-1.pyc
-rw-r--r-- root/root     53122 2022-12-29 03:16 usr/lib64/python3.9/site-packages/psutil/__pycache__/_pslinux.cpython-39.pyc
-rw-r--r-- root/root     13638 2022-12-29 03:16 usr/lib64/python3.9/site-packages/psutil/__pycache__/_psosx.cpython-39.opt-1.pyc
-rw-r--r-- root/root     13702 2022-12-29 03:16 usr/lib64/python3.9/site-packages/psutil/__pycache__/_psosx.cpython-39.pyc
-rw-r--r-- root/root      4596 2022-12-29 03:16 usr/lib64/python3.9/site-packages/psutil/__pycache__/_psposix.cpython-39.opt-1.pyc
-rw-r--r-- root/root      4614 2022-12-29 03:16 usr/lib64/python3.9/site-packages/psutil/__pycache__/_psposix.cpython-39.pyc
-rw-r--r-- root/root     18289 2022-12-29 03:16 usr/lib64/python3.9/site-packages/psutil/__pycache__/_pssunos.cpython-39.opt-1.pyc
-rw-r--r-- root/root     18321 2022-12-29 03:16 usr/lib64/python3.9/site-packages/psutil/__pycache__/_pssunos.cpython-39.pyc
-rw-r--r-- root/root     28873 2022-12-29 03:16 usr/lib64/python3.9/site-packages/psutil/__pycache__/_pswindows.cpython-39.opt-1.pyc
-rw-r--r-- root/root     29043 2022-12-29 03:16 usr/lib64/python3.9/site-packages/psutil/__pycache__/_pswindows.cpython-39.pyc
-rw-r--r-- root/root     28228 2022-12-29 03:16 usr/lib64/python3.9/site-packages/psutil/_common.py
-rw-r--r-- root/root     15018 2022-12-29 03:16 usr/lib64/python3.9/site-packages/psutil/_compat.py
-rw-r--r-- root/root     18683 2022-12-29 03:16 usr/lib64/python3.9/site-packages/psutil/_psaix.py
-rw-r--r-- root/root     31408 2022-12-29 03:16 usr/lib64/python3.9/site-packages/psutil/_psbsd.py
-rw-r--r-- root/root     86380 2022-12-29 03:16 usr/lib64/python3.9/site-packages/psutil/_pslinux.py
-rw-r--r-- root/root     16275 2022-12-29 03:16 usr/lib64/python3.9/site-packages/psutil/_psosx.py
-rw-r--r-- root/root      8245 2022-12-29 03:16 usr/lib64/python3.9/site-packages/psutil/_psposix.py
-rw-r--r-- root/root     25493 2022-12-29 03:16 usr/lib64/python3.9/site-packages/psutil/_pssunos.py
-rwxr-xr-x root/root     27856 2022-12-29 03:16 usr/lib64/python3.9/site-packages/psutil/_psutil_linux.abi3.so
-rwxr-xr-x root/root     23088 2022-12-29 03:16 usr/lib64/python3.9/site-packages/psutil/_psutil_posix.abi3.so
-rw-r--r-- root/root     37107 2022-12-29 03:16 usr/lib64/python3.9/site-packages/psutil/_pswindows.py
drwxr-xr-x root/root         0 2022-12-29 03:16 usr/lib64/python3.9/site-packages/psutil/tests/
-rw-r--r-- root/root     58793 2022-12-29 03:16 usr/lib64/python3.9/site-packages/psutil/tests/__init__.py
-rw-r--r-- root/root       293 2022-12-29 03:16 usr/lib64/python3.9/site-packages/psutil/tests/__main__.py
drwxr-xr-x root/root         0 2022-12-29 03:16 usr/lib64/python3.9/site-packages/psutil/tests/__pycache__/
-rw-r--r-- root/root     47622 2022-12-29 03:16 usr/lib64/python3.9/site-packages/psutil/tests/__pycache__/__init__.cpython-39.opt-1.pyc
-rw-r--r-- root/root     49218 2022-12-29 03:16 usr/lib64/python3.9/site-packages/psutil/tests/__pycache__/__init__.cpython-39.pyc
-rw-r--r-- root/root       272 2022-12-29 03:16 usr/lib64/python3.9/site-packages/psutil/tests/__pycache__/__main__.cpython-39.opt-1.pyc
-rw-r--r-- root/root       272 2022-12-29 03:16 usr/lib64/python3.9/site-packages/psutil/tests/__pycache__/__main__.cpython-39.pyc
-rw-r--r-- root/root     11110 2022-12-29 03:16 usr/lib64/python3.9/site-packages/psutil/tests/__pycache__/runner.cpython-39.opt-1.pyc
-rw-r--r-- root/root     11110 2022-12-29 03:16 usr/lib64/python3.9/site-packages/psutil/tests/__pycache__/runner.cpython-39.pyc
-rw-r--r-- root/root      3340 2022-12-29 03:16 usr/lib64/python3.9/site-packages/psutil/tests/__pycache__/test_aix.cpython-39.opt-1.pyc
-rw-r--r-- root/root      3340 2022-12-29 03:16 usr/lib64/python3.9/site-packages/psutil/tests/__pycache__/test_aix.cpython-39.pyc
-rw-r--r-- root/root     20004 2022-12-29 03:16 usr/lib64/python3.9/site-packages/psutil/tests/__pycache__/test_bsd.cpython-39.opt-1.pyc
-rw-r--r-- root/root     20004 2022-12-29 03:16 usr/lib64/python3.9/site-packages/psutil/tests/__pycache__/test_bsd.cpython-39.pyc
-rw-r--r-- root/root     15626 2022-12-29 03:16 usr/lib64/python3.9/site-packages/psutil/tests/__pycache__/test_connections.cpython-39.opt-1.pyc
-rw-r--r-- root/root     15868 2022-12-29 03:16 usr/lib64/python3.9/site-packages/psutil/tests/__pycache__/test_connections.cpython-39.pyc
-rw-r--r-- root/root     25671 2022-12-29 03:16 usr/lib64/python3.9/site-packages/psutil/tests/__pycache__/test_contracts.cpython-39.opt-1.pyc
-rw-r--r-- root/root     26397 2022-12-29 03:16 usr/lib64/python3.9/site-packages/psutil/tests/__pycache__/test_contracts.cpython-39.pyc
-rw-r--r-- root/root     74894 2022-12-29 03:16 usr/lib64/python3.9/site-packages/psutil/tests/__pycache__/test_linux.cpython-39.opt-1.pyc
-rw-r--r-- root/root     75907 2022-12-29 03:16 usr/lib64/python3.9/site-packages/psutil/tests/__pycache__/test_linux.cpython-39.pyc
-rw-r--r-- root/root     23580 2022-12-29 03:16 usr/lib64/python3.9/site-packages/psutil/tests/__pycache__/test_memleaks.cpython-39.opt-1.pyc
-rw-r--r-- root/root     23580 2022-12-29 03:16 usr/lib64/python3.9/site-packages/psutil/tests/__pycache__/test_memleaks.cpython-39.pyc
-rw-r--r-- root/root     26630 2022-12-29 03:16 usr/lib64/python3.9/site-packages/psutil/tests/__pycache__/test_misc.cpython-39.opt-1.pyc
-rw-r--r-- root/root     26881 2022-12-29 03:16 usr/lib64/python3.9/site-packages/psutil/tests/__pycache__/test_misc.cpython-39.pyc
-rw-r--r-- root/root      7374 2022-12-29 03:16 usr/lib64/python3.9/site-packages/psutil/tests/__pycache__/test_osx.cpython-39.opt-1.pyc
-rw-r--r-- root/root      7374 2022-12-29 03:16 usr/lib64/python3.9/site-packages/psutil/tests/__pycache__/test_osx.cpython-39.pyc
-rw-r--r-- root/root     12842 2022-12-29 03:16 usr/lib64/python3.9/site-packages/psutil/tests/__pycache__/test_posix.cpython-39.opt-1.pyc
-rw-r--r-- root/root     12920 2022-12-29 03:16 usr/lib64/python3.9/site-packages/psutil/tests/__pycache__/test_posix.cpython-39.pyc
-rw-r--r-- root/root     48566 2022-12-29 03:16 usr/lib64/python3.9/site-packages/psutil/tests/__pycache__/test_process.cpython-39.opt-1.pyc
-rw-r--r-- root/root     49380 2022-12-29 03:16 usr/lib64/python3.9/site-packages/psutil/tests/__pycache__/test_process.cpython-39.pyc
-rw-r--r-- root/root      1509 2022-12-29 03:16 usr/lib64/python3.9/site-packages/psutil/tests/__pycache__/test_sunos.cpython-39.opt-1.pyc
-rw-r--r-- root/root      1509 2022-12-29 03:16 usr/lib64/python3.9/site-packages/psutil/tests/__pycache__/test_sunos.cpython-39.pyc
-rw-r--r-- root/root     26803 2022-12-29 03:16 usr/lib64/python3.9/site-packages/psutil/tests/__pycache__/test_system.cpython-39.opt-1.pyc
-rw-r--r-- root/root     28008 2022-12-29 03:16 usr/lib64/python3.9/site-packages/psutil/tests/__pycache__/test_system.cpython-39.pyc
-rw-r--r-- root/root     16324 2022-12-29 03:16 usr/lib64/python3.9/site-packages/psutil/tests/__pycache__/test_testutils.cpython-39.opt-1.pyc
-rw-r--r-- root/root     16968 2022-12-29 03:16 usr/lib64/python3.9/site-packages/psutil/tests/__pycache__/test_testutils.cpython-39.pyc
-rw-r--r-- root/root     11292 2022-12-29 03:16 usr/lib64/python3.9/site-packages/psutil/tests/__pycache__/test_unicode.cpython-39.opt-1.pyc
-rw-r--r-- root/root     11292 2022-12-29 03:16 usr/lib64/python3.9/site-packages/psutil/tests/__pycache__/test_unicode.cpython-39.pyc
-rw-r--r-- root/root     30114 2022-12-29 03:16 usr/lib64/python3.9/site-packages/psutil/tests/__pycache__/test_windows.cpython-39.opt-1.pyc
-rw-r--r-- root/root     30249 2022-12-29 03:16 usr/lib64/python3.9/site-packages/psutil/tests/__pycache__/test_windows.cpython-39.pyc
-rw-r--r-- root/root     11204 2022-12-29 03:16 usr/lib64/python3.9/site-packages/psutil/tests/runner.py
-rw-r--r-- root/root      4508 2022-12-29 03:16 usr/lib64/python3.9/site-packages/psutil/tests/test_aix.py
-rw-r--r-- root/root     20688 2022-12-29 03:16 usr/lib64/python3.9/site-packages/psutil/tests/test_bsd.py
-rw-r--r-- root/root     21362 2022-12-29 03:16 usr/lib64/python3.9/site-packages/psutil/tests/test_connections.py
-rw-r--r-- root/root     27661 2022-12-29 03:16 usr/lib64/python3.9/site-packages/psutil/tests/test_contracts.py
-rw-r--r-- root/root     94469 2022-12-29 03:16 usr/lib64/python3.9/site-packages/psutil/tests/test_linux.py
-rw-r--r-- root/root     15028 2022-12-29 03:16 usr/lib64/python3.9/site-packages/psutil/tests/test_memleaks.py
-rw-r--r-- root/root     31471 2022-12-29 03:16 usr/lib64/python3.9/site-packages/psutil/tests/test_misc.py
-rw-r--r-- root/root      7762 2022-12-29 03:16 usr/lib64/python3.9/site-packages/psutil/tests/test_osx.py
-rw-r--r-- root/root     15497 2022-12-29 03:16 usr/lib64/python3.9/site-packages/psutil/tests/test_posix.py
-rw-r--r-- root/root     61821 2022-12-29 03:16 usr/lib64/python3.9/site-packages/psutil/tests/test_process.py
-rw-r--r-- root/root      1333 2022-12-29 03:16 usr/lib64/python3.9/site-packages/psutil/tests/test_sunos.py
-rw-r--r-- root/root     35924 2022-12-29 03:16 usr/lib64/python3.9/site-packages/psutil/tests/test_system.py
-rw-r--r-- root/root     14427 2022-12-29 03:16 usr/lib64/python3.9/site-packages/psutil/tests/test_testutils.py
-rw-r--r-- root/root     12441 2022-12-29 03:16 usr/lib64/python3.9/site-packages/psutil/tests/test_unicode.py
-rw-r--r-- root/root     34094 2022-12-29 03:16 usr/lib64/python3.9/site-packages/psutil/tests/test_windows.py


