++========================================
||
||   Package:  ./python-yarl-1.8.2-x86_64-1_nwg.txz
||
++========================================
drwxr-xr-x root/root         0 2022-12-29 03:05 ./
drwxr-xr-x root/root         0 2022-12-29 03:05 install/
-rw-r--r-- root/root       717 2022-12-29 03:05 install/slack-desc
drwxr-xr-x root/root         0 2022-12-29 03:05 usr/
drwxr-xr-x root/root         0 2022-12-29 03:05 usr/doc/
drwxr-xr-x root/root         0 2022-12-29 03:05 usr/doc/python-yarl-1.8.2/
-rw-r--r-- root/root     14994 2022-12-02 22:07 usr/doc/python-yarl-1.8.2/CHANGES.rst
-rw-r--r-- root/root       609 2022-12-02 22:07 usr/doc/python-yarl-1.8.2/LICENSE
-rw-r--r-- root/root      5376 2022-12-02 22:07 usr/doc/python-yarl-1.8.2/README.rst
-rw-r--r-- root/root      3126 2022-12-29 03:05 usr/doc/python-yarl-1.8.2/python-yarl.SlackBuild
drwxr-xr-x root/root         0 2022-12-29 03:05 usr/lib64/
drwxr-xr-x root/root         0 2022-12-29 03:05 usr/lib64/python3.9/
drwxr-xr-x root/root         0 2022-12-29 03:05 usr/lib64/python3.9/site-packages/
drwxr-xr-x root/root         0 2022-12-29 03:05 usr/lib64/python3.9/site-packages/yarl/
drwxr-xr-x root/root         0 2022-12-29 03:05 usr/lib64/python3.9/site-packages/yarl-1.8.2-py3.9.egg-info/
-rw-r--r-- root/root     21152 2022-12-29 03:05 usr/lib64/python3.9/site-packages/yarl-1.8.2-py3.9.egg-info/PKG-INFO
-rw-r--r-- root/root       834 2022-12-29 03:05 usr/lib64/python3.9/site-packages/yarl-1.8.2-py3.9.egg-info/SOURCES.txt
-rw-r--r-- root/root         1 2022-12-29 03:05 usr/lib64/python3.9/site-packages/yarl-1.8.2-py3.9.egg-info/dependency_links.txt
-rw-r--r-- root/root        77 2022-12-29 03:05 usr/lib64/python3.9/site-packages/yarl-1.8.2-py3.9.egg-info/requires.txt
-rw-r--r-- root/root         5 2022-12-29 03:05 usr/lib64/python3.9/site-packages/yarl-1.8.2-py3.9.egg-info/top_level.txt
-rw-r--r-- root/root       154 2022-12-02 22:07 usr/lib64/python3.9/site-packages/yarl/__init__.py
-rw-r--r-- root/root      3883 2022-12-02 22:07 usr/lib64/python3.9/site-packages/yarl/__init__.pyi
drwxr-xr-x root/root         0 2022-12-29 03:05 usr/lib64/python3.9/site-packages/yarl/__pycache__/
-rw-r--r-- root/root       284 2022-12-29 03:05 usr/lib64/python3.9/site-packages/yarl/__pycache__/__init__.cpython-39.pyc
-rw-r--r-- root/root       476 2022-12-29 03:05 usr/lib64/python3.9/site-packages/yarl/__pycache__/_quoting.cpython-39.pyc
-rw-r--r-- root/root      4275 2022-12-29 03:05 usr/lib64/python3.9/site-packages/yarl/__pycache__/_quoting_py.cpython-39.pyc
-rw-r--r-- root/root     28004 2022-12-29 03:05 usr/lib64/python3.9/site-packages/yarl/__pycache__/_url.cpython-39.pyc
-rw-r--r-- root/root       519 2022-12-02 22:07 usr/lib64/python3.9/site-packages/yarl/_quoting.py
-rwxr-xr-x root/root    105072 2022-12-29 03:05 usr/lib64/python3.9/site-packages/yarl/_quoting_c.cpython-39-x86_64-linux-gnu.so
-rw-r--r-- root/root       447 2022-12-02 22:07 usr/lib64/python3.9/site-packages/yarl/_quoting_c.pyi
-rw-r--r-- root/root     11498 2022-12-02 22:07 usr/lib64/python3.9/site-packages/yarl/_quoting_c.pyx
-rw-r--r-- root/root      6370 2022-12-02 22:07 usr/lib64/python3.9/site-packages/yarl/_quoting_py.py
-rw-r--r-- root/root     36426 2022-12-02 22:07 usr/lib64/python3.9/site-packages/yarl/_url.py
-rw-r--r-- root/root        14 2022-12-02 22:07 usr/lib64/python3.9/site-packages/yarl/py.typed


