++========================================
||
||   Package:  ./python-aiohttp-3.8.3-x86_64-1_nwg.txz
||
++========================================
drwxr-xr-x root/root         0 2022-12-29 02:14 ./
drwxr-xr-x root/root         0 2022-12-29 02:14 install/
-rw-r--r-- root/root       834 2022-12-29 02:14 install/slack-desc
drwxr-xr-x root/root         0 2022-12-29 02:14 usr/
drwxr-xr-x root/root         0 2022-12-29 02:14 usr/doc/
drwxr-xr-x root/root         0 2022-12-29 02:14 usr/doc/python-aiohttp-3.8.3/
-rw-r--r-- root/root     50183 2022-09-21 09:09 usr/doc/python-aiohttp-3.8.3/CHANGES.rst
-rw-r--r-- root/root      5103 2022-09-21 09:09 usr/doc/python-aiohttp-3.8.3/CONTRIBUTORS.txt
-rw-r--r-- root/root       588 2022-09-21 09:09 usr/doc/python-aiohttp-3.8.3/LICENSE.txt
-rw-r--r-- root/root      5163 2022-09-21 09:09 usr/doc/python-aiohttp-3.8.3/README.rst
-rw-r--r-- root/root      3142 2022-12-29 02:14 usr/doc/python-aiohttp-3.8.3/python-aiohttp.SlackBuild
drwxr-xr-x root/root         0 2022-12-29 02:14 usr/lib64/
drwxr-xr-x root/root         0 2022-12-29 02:14 usr/lib64/python3.9/
drwxr-xr-x root/root         0 2022-12-29 02:14 usr/lib64/python3.9/site-packages/
drwxr-xr-x root/root         0 2022-12-29 02:14 usr/lib64/python3.9/site-packages/aiohttp/
drwxr-xr-x root/root         0 2022-12-29 02:14 usr/lib64/python3.9/site-packages/aiohttp-3.8.3-py3.9.egg-info/
-rw-r--r-- root/root      6738 2022-12-29 02:14 usr/lib64/python3.9/site-packages/aiohttp-3.8.3-py3.9.egg-info/PKG-INFO
-rw-r--r-- root/root      7227 2022-12-29 02:14 usr/lib64/python3.9/site-packages/aiohttp-3.8.3-py3.9.egg-info/SOURCES.txt
-rw-r--r-- root/root         1 2022-12-29 02:14 usr/lib64/python3.9/site-packages/aiohttp-3.8.3-py3.9.egg-info/dependency_links.txt
-rw-r--r-- root/root         1 2022-09-21 09:09 usr/lib64/python3.9/site-packages/aiohttp-3.8.3-py3.9.egg-info/not-zip-safe
-rw-r--r-- root/root       323 2022-12-29 02:14 usr/lib64/python3.9/site-packages/aiohttp-3.8.3-py3.9.egg-info/requires.txt
-rw-r--r-- root/root         8 2022-12-29 02:14 usr/lib64/python3.9/site-packages/aiohttp-3.8.3-py3.9.egg-info/top_level.txt
drwxr-xr-x root/root         0 2022-12-29 02:14 usr/lib64/python3.9/site-packages/aiohttp/.hash/
-rw-r--r-- root/root       121 2022-09-21 09:09 usr/lib64/python3.9/site-packages/aiohttp/.hash/_cparser.pxd.hash
-rw-r--r-- root/root       125 2022-09-21 09:09 usr/lib64/python3.9/site-packages/aiohttp/.hash/_find_header.pxd.hash
-rw-r--r-- root/root       121 2022-09-21 09:09 usr/lib64/python3.9/site-packages/aiohttp/.hash/_helpers.pyi.hash
-rw-r--r-- root/root       121 2022-09-21 09:09 usr/lib64/python3.9/site-packages/aiohttp/.hash/_helpers.pyx.hash
-rw-r--r-- root/root       125 2022-09-21 09:09 usr/lib64/python3.9/site-packages/aiohttp/.hash/_http_parser.pyx.hash
-rw-r--r-- root/root       125 2022-09-21 09:09 usr/lib64/python3.9/site-packages/aiohttp/.hash/_http_writer.pyx.hash
-rw-r--r-- root/root       123 2022-09-21 09:09 usr/lib64/python3.9/site-packages/aiohttp/.hash/_websocket.pyx.hash
-rw-r--r-- root/root       116 2022-09-21 09:09 usr/lib64/python3.9/site-packages/aiohttp/.hash/hdrs.py.hash
-rw-r--r-- root/root      6870 2022-09-21 09:09 usr/lib64/python3.9/site-packages/aiohttp/__init__.py
drwxr-xr-x root/root         0 2022-12-29 02:14 usr/lib64/python3.9/site-packages/aiohttp/__pycache__/
-rw-r--r-- root/root      3656 2022-12-29 02:14 usr/lib64/python3.9/site-packages/aiohttp/__pycache__/__init__.cpython-39.pyc
-rw-r--r-- root/root      8683 2022-12-29 02:14 usr/lib64/python3.9/site-packages/aiohttp/__pycache__/abc.cpython-39.pyc
-rw-r--r-- root/root      2590 2022-12-29 02:14 usr/lib64/python3.9/site-packages/aiohttp/__pycache__/base_protocol.cpython-39.pyc
-rw-r--r-- root/root     29331 2022-12-29 02:14 usr/lib64/python3.9/site-packages/aiohttp/__pycache__/client.cpython-39.pyc
-rw-r--r-- root/root     11233 2022-12-29 02:14 usr/lib64/python3.9/site-packages/aiohttp/__pycache__/client_exceptions.cpython-39.pyc
-rw-r--r-- root/root      6131 2022-12-29 02:14 usr/lib64/python3.9/site-packages/aiohttp/__pycache__/client_proto.cpython-39.pyc
-rw-r--r-- root/root     27999 2022-12-29 02:14 usr/lib64/python3.9/site-packages/aiohttp/__pycache__/client_reqrep.cpython-39.pyc
-rw-r--r-- root/root      9018 2022-12-29 02:14 usr/lib64/python3.9/site-packages/aiohttp/__pycache__/client_ws.cpython-39.pyc
-rw-r--r-- root/root     35673 2022-12-29 02:14 usr/lib64/python3.9/site-packages/aiohttp/__pycache__/connector.cpython-39.pyc
-rw-r--r-- root/root     10634 2022-12-29 02:14 usr/lib64/python3.9/site-packages/aiohttp/__pycache__/cookiejar.cpython-39.pyc
-rw-r--r-- root/root      4506 2022-12-29 02:14 usr/lib64/python3.9/site-packages/aiohttp/__pycache__/formdata.cpython-39.pyc
-rw-r--r-- root/root      5266 2022-12-29 02:14 usr/lib64/python3.9/site-packages/aiohttp/__pycache__/hdrs.cpython-39.pyc
-rw-r--r-- root/root     26184 2022-12-29 02:14 usr/lib64/python3.9/site-packages/aiohttp/__pycache__/helpers.cpython-39.pyc
-rw-r--r-- root/root      1293 2022-12-29 02:14 usr/lib64/python3.9/site-packages/aiohttp/__pycache__/http.cpython-39.pyc
-rw-r--r-- root/root      4248 2022-12-29 02:14 usr/lib64/python3.9/site-packages/aiohttp/__pycache__/http_exceptions.cpython-39.pyc
-rw-r--r-- root/root     17999 2022-12-29 02:14 usr/lib64/python3.9/site-packages/aiohttp/__pycache__/http_parser.cpython-39.pyc
-rw-r--r-- root/root     15071 2022-12-29 02:14 usr/lib64/python3.9/site-packages/aiohttp/__pycache__/http_websocket.cpython-39.pyc
-rw-r--r-- root/root      5566 2022-12-29 02:14 usr/lib64/python3.9/site-packages/aiohttp/__pycache__/http_writer.cpython-39.pyc
-rw-r--r-- root/root      1616 2022-12-29 02:14 usr/lib64/python3.9/site-packages/aiohttp/__pycache__/locks.cpython-39.pyc
-rw-r--r-- root/root       425 2022-12-29 02:14 usr/lib64/python3.9/site-packages/aiohttp/__pycache__/log.cpython-39.pyc
-rw-r--r-- root/root     26271 2022-12-29 02:14 usr/lib64/python3.9/site-packages/aiohttp/__pycache__/multipart.cpython-39.pyc
-rw-r--r-- root/root     13500 2022-12-29 02:14 usr/lib64/python3.9/site-packages/aiohttp/__pycache__/payload.cpython-39.pyc
-rw-r--r-- root/root      3222 2022-12-29 02:14 usr/lib64/python3.9/site-packages/aiohttp/__pycache__/payload_streamer.cpython-39.pyc
-rw-r--r-- root/root      9938 2022-12-29 02:14 usr/lib64/python3.9/site-packages/aiohttp/__pycache__/pytest_plugin.cpython-39.pyc
-rw-r--r-- root/root      3943 2022-12-29 02:14 usr/lib64/python3.9/site-packages/aiohttp/__pycache__/resolver.cpython-39.pyc
-rw-r--r-- root/root     18583 2022-12-29 02:14 usr/lib64/python3.9/site-packages/aiohttp/__pycache__/streams.cpython-39.pyc
-rw-r--r-- root/root      1110 2022-12-29 02:14 usr/lib64/python3.9/site-packages/aiohttp/__pycache__/tcp_helpers.cpython-39.pyc
-rw-r--r-- root/root     21848 2022-12-29 02:14 usr/lib64/python3.9/site-packages/aiohttp/__pycache__/test_utils.cpython-39.pyc
-rw-r--r-- root/root     15009 2022-12-29 02:14 usr/lib64/python3.9/site-packages/aiohttp/__pycache__/tracing.cpython-39.pyc
-rw-r--r-- root/root      1480 2022-12-29 02:14 usr/lib64/python3.9/site-packages/aiohttp/__pycache__/typedefs.cpython-39.pyc
-rw-r--r-- root/root     10069 2022-12-29 02:14 usr/lib64/python3.9/site-packages/aiohttp/__pycache__/web.cpython-39.pyc
-rw-r--r-- root/root     15214 2022-12-29 02:14 usr/lib64/python3.9/site-packages/aiohttp/__pycache__/web_app.cpython-39.pyc
-rw-r--r-- root/root     12003 2022-12-29 02:14 usr/lib64/python3.9/site-packages/aiohttp/__pycache__/web_exceptions.cpython-39.pyc
-rw-r--r-- root/root      5998 2022-12-29 02:14 usr/lib64/python3.9/site-packages/aiohttp/__pycache__/web_fileresponse.cpython-39.pyc
-rw-r--r-- root/root      7148 2022-12-29 02:14 usr/lib64/python3.9/site-packages/aiohttp/__pycache__/web_log.cpython-39.pyc
-rw-r--r-- root/root      3848 2022-12-29 02:14 usr/lib64/python3.9/site-packages/aiohttp/__pycache__/web_middlewares.cpython-39.pyc
-rw-r--r-- root/root     16482 2022-12-29 02:14 usr/lib64/python3.9/site-packages/aiohttp/__pycache__/web_protocol.cpython-39.pyc
-rw-r--r-- root/root     23944 2022-12-29 02:14 usr/lib64/python3.9/site-packages/aiohttp/__pycache__/web_request.cpython-39.pyc
-rw-r--r-- root/root     21096 2022-12-29 02:14 usr/lib64/python3.9/site-packages/aiohttp/__pycache__/web_response.cpython-39.pyc
-rw-r--r-- root/root      7937 2022-12-29 02:14 usr/lib64/python3.9/site-packages/aiohttp/__pycache__/web_routedef.cpython-39.pyc
-rw-r--r-- root/root     11637 2022-12-29 02:14 usr/lib64/python3.9/site-packages/aiohttp/__pycache__/web_runner.cpython-39.pyc
-rw-r--r-- root/root      2737 2022-12-29 02:14 usr/lib64/python3.9/site-packages/aiohttp/__pycache__/web_server.cpython-39.pyc
-rw-r--r-- root/root     42088 2022-12-29 02:14 usr/lib64/python3.9/site-packages/aiohttp/__pycache__/web_urldispatcher.cpython-39.pyc
-rw-r--r-- root/root     13399 2022-12-29 02:14 usr/lib64/python3.9/site-packages/aiohttp/__pycache__/web_ws.cpython-39.pyc
-rw-r--r-- root/root      6962 2022-12-29 02:14 usr/lib64/python3.9/site-packages/aiohttp/__pycache__/worker.cpython-39.pyc
-rw-r--r-- root/root      4998 2022-09-21 09:09 usr/lib64/python3.9/site-packages/aiohttp/_cparser.pxd
-rw-r--r-- root/root        68 2022-09-21 09:09 usr/lib64/python3.9/site-packages/aiohttp/_find_header.pxd
-rw-r--r-- root/root      2007 2022-09-21 09:09 usr/lib64/python3.9/site-packages/aiohttp/_headers.pxi
-rwxr-xr-x root/root     53968 2022-12-29 02:14 usr/lib64/python3.9/site-packages/aiohttp/_helpers.cpython-39-x86_64-linux-gnu.so
-rw-r--r-- root/root       202 2022-09-21 09:09 usr/lib64/python3.9/site-packages/aiohttp/_helpers.pyi
-rw-r--r-- root/root      1049 2022-09-21 09:09 usr/lib64/python3.9/site-packages/aiohttp/_helpers.pyx
-rwxr-xr-x root/root    400432 2022-12-29 02:14 usr/lib64/python3.9/site-packages/aiohttp/_http_parser.cpython-39-x86_64-linux-gnu.so
-rw-r--r-- root/root     27336 2022-09-21 09:09 usr/lib64/python3.9/site-packages/aiohttp/_http_parser.pyx
-rwxr-xr-x root/root     52976 2022-12-29 02:14 usr/lib64/python3.9/site-packages/aiohttp/_http_writer.cpython-39-x86_64-linux-gnu.so
-rw-r--r-- root/root      4575 2022-09-21 09:09 usr/lib64/python3.9/site-packages/aiohttp/_http_writer.pyx
-rwxr-xr-x root/root     28048 2022-12-29 02:14 usr/lib64/python3.9/site-packages/aiohttp/_websocket.cpython-39-x86_64-linux-gnu.so
-rw-r--r-- root/root      1561 2022-09-21 09:09 usr/lib64/python3.9/site-packages/aiohttp/_websocket.pyx
-rw-r--r-- root/root      5505 2022-09-21 09:09 usr/lib64/python3.9/site-packages/aiohttp/abc.py
-rw-r--r-- root/root      2676 2022-09-21 09:09 usr/lib64/python3.9/site-packages/aiohttp/base_protocol.py
-rw-r--r-- root/root     45037 2022-09-21 09:09 usr/lib64/python3.9/site-packages/aiohttp/client.py
-rw-r--r-- root/root      9270 2022-09-21 09:09 usr/lib64/python3.9/site-packages/aiohttp/client_exceptions.py
-rw-r--r-- root/root      8170 2022-09-21 09:09 usr/lib64/python3.9/site-packages/aiohttp/client_proto.py
-rw-r--r-- root/root     36973 2022-09-21 09:09 usr/lib64/python3.9/site-packages/aiohttp/client_reqrep.py
-rw-r--r-- root/root     10516 2022-09-21 09:09 usr/lib64/python3.9/site-packages/aiohttp/client_ws.py
-rw-r--r-- root/root     51177 2022-09-21 09:09 usr/lib64/python3.9/site-packages/aiohttp/connector.py
-rw-r--r-- root/root     13514 2022-09-21 09:09 usr/lib64/python3.9/site-packages/aiohttp/cookiejar.py
-rw-r--r-- root/root      6106 2022-09-21 09:09 usr/lib64/python3.9/site-packages/aiohttp/formdata.py
-rw-r--r-- root/root      4724 2022-09-21 09:09 usr/lib64/python3.9/site-packages/aiohttp/hdrs.py
-rw-r--r-- root/root     26361 2022-09-21 09:09 usr/lib64/python3.9/site-packages/aiohttp/helpers.py
-rw-r--r-- root/root      1800 2022-09-21 09:09 usr/lib64/python3.9/site-packages/aiohttp/http.py
-rw-r--r-- root/root      2586 2022-09-21 09:09 usr/lib64/python3.9/site-packages/aiohttp/http_exceptions.py
-rw-r--r-- root/root     33092 2022-09-21 09:09 usr/lib64/python3.9/site-packages/aiohttp/http_parser.py
-rw-r--r-- root/root     25299 2022-09-21 09:09 usr/lib64/python3.9/site-packages/aiohttp/http_websocket.py
-rw-r--r-- root/root      5952 2022-09-21 09:09 usr/lib64/python3.9/site-packages/aiohttp/http_writer.py
-rw-r--r-- root/root      1136 2022-09-21 09:09 usr/lib64/python3.9/site-packages/aiohttp/locks.py
-rw-r--r-- root/root       325 2022-09-21 09:09 usr/lib64/python3.9/site-packages/aiohttp/log.py
-rw-r--r-- root/root     32313 2022-09-21 09:09 usr/lib64/python3.9/site-packages/aiohttp/multipart.py
-rw-r--r-- root/root     13634 2022-09-21 09:09 usr/lib64/python3.9/site-packages/aiohttp/payload.py
-rw-r--r-- root/root      2112 2022-09-21 09:09 usr/lib64/python3.9/site-packages/aiohttp/payload_streamer.py
-rw-r--r-- root/root         7 2022-09-21 09:09 usr/lib64/python3.9/site-packages/aiohttp/py.typed
-rw-r--r-- root/root     11772 2022-09-21 09:09 usr/lib64/python3.9/site-packages/aiohttp/pytest_plugin.py
-rw-r--r-- root/root      5092 2022-09-21 09:09 usr/lib64/python3.9/site-packages/aiohttp/resolver.py
-rw-r--r-- root/root     20758 2022-09-21 09:09 usr/lib64/python3.9/site-packages/aiohttp/streams.py
-rw-r--r-- root/root       961 2022-09-21 09:09 usr/lib64/python3.9/site-packages/aiohttp/tcp_helpers.py
-rw-r--r-- root/root     21434 2022-09-21 09:09 usr/lib64/python3.9/site-packages/aiohttp/test_utils.py
-rw-r--r-- root/root     15177 2022-09-21 09:09 usr/lib64/python3.9/site-packages/aiohttp/tracing.py
-rw-r--r-- root/root      1766 2022-09-21 09:09 usr/lib64/python3.9/site-packages/aiohttp/typedefs.py
-rw-r--r-- root/root     18081 2022-09-21 09:09 usr/lib64/python3.9/site-packages/aiohttp/web.py
-rw-r--r-- root/root     17170 2022-09-21 09:09 usr/lib64/python3.9/site-packages/aiohttp/web_app.py
-rw-r--r-- root/root     10098 2022-09-21 09:09 usr/lib64/python3.9/site-packages/aiohttp/web_exceptions.py
-rw-r--r-- root/root     10784 2022-09-21 09:09 usr/lib64/python3.9/site-packages/aiohttp/web_fileresponse.py
-rw-r--r-- root/root      7557 2022-09-21 09:09 usr/lib64/python3.9/site-packages/aiohttp/web_log.py
-rw-r--r-- root/root      4137 2022-09-21 09:09 usr/lib64/python3.9/site-packages/aiohttp/web_middlewares.py
-rw-r--r-- root/root     22399 2022-09-21 09:09 usr/lib64/python3.9/site-packages/aiohttp/web_protocol.py
-rw-r--r-- root/root     28187 2022-09-21 09:09 usr/lib64/python3.9/site-packages/aiohttp/web_request.py
-rw-r--r-- root/root     27471 2022-09-21 09:09 usr/lib64/python3.9/site-packages/aiohttp/web_response.py
-rw-r--r-- root/root      6152 2022-09-21 09:09 usr/lib64/python3.9/site-packages/aiohttp/web_routedef.py
-rw-r--r-- root/root     11157 2022-09-21 09:09 usr/lib64/python3.9/site-packages/aiohttp/web_runner.py
-rw-r--r-- root/root      2050 2022-09-21 09:09 usr/lib64/python3.9/site-packages/aiohttp/web_server.py
-rw-r--r-- root/root     39483 2022-09-21 09:09 usr/lib64/python3.9/site-packages/aiohttp/web_urldispatcher.py
-rw-r--r-- root/root     17144 2022-09-21 09:09 usr/lib64/python3.9/site-packages/aiohttp/web_ws.py
-rw-r--r-- root/root      8763 2022-09-21 09:09 usr/lib64/python3.9/site-packages/aiohttp/worker.py


