++========================================
||
||   Package:  ./python-autotiling-1.8-x86_64-1_nwg.txz
||
++========================================
drwxr-xr-x root/root         0 2022-12-29 02:17 ./
drwxr-xr-x root/root         0 2022-12-29 02:17 install/
-rw-r--r-- root/root       986 2022-12-29 02:17 install/slack-desc
drwxr-xr-x root/root         0 2022-12-29 02:17 usr/
drwxr-xr-x root/root         0 2022-12-29 02:17 usr/bin/
-rwxr-xr-x root/root       967 2022-12-29 02:17 usr/bin/autotiling
drwxr-xr-x root/root         0 2022-12-29 02:17 usr/doc/
drwxr-xr-x root/root         0 2022-12-29 02:17 usr/doc/python-autotiling-1.8/
-rw-r--r-- root/root     35149 2022-10-31 17:28 usr/doc/python-autotiling-1.8/LICENSE
-rw-r--r-- root/root      3499 2022-10-31 17:28 usr/doc/python-autotiling-1.8/README.md
-rw-r--r-- root/root      2395 2022-12-29 02:17 usr/doc/python-autotiling-1.8/python-autotiling.SlackBuild
drwxr-xr-x root/root         0 2022-12-29 02:17 usr/lib64/
drwxr-xr-x root/root         0 2022-12-29 02:17 usr/lib64/python3.9/
drwxr-xr-x root/root         0 2022-12-29 02:17 usr/lib64/python3.9/site-packages/
drwxr-xr-x root/root         0 2022-12-29 02:17 usr/lib64/python3.9/site-packages/autotiling/
drwxr-xr-x root/root         0 2022-12-29 02:17 usr/lib64/python3.9/site-packages/autotiling-1.8-py3.9.egg-info/
-rw-r--r-- root/root      4509 2022-12-29 02:17 usr/lib64/python3.9/site-packages/autotiling-1.8-py3.9.egg-info/PKG-INFO
-rw-r--r-- root/root       323 2022-12-29 02:17 usr/lib64/python3.9/site-packages/autotiling-1.8-py3.9.egg-info/SOURCES.txt
-rw-r--r-- root/root         1 2022-12-29 02:17 usr/lib64/python3.9/site-packages/autotiling-1.8-py3.9.egg-info/dependency_links.txt
-rw-r--r-- root/root        52 2022-12-29 02:17 usr/lib64/python3.9/site-packages/autotiling-1.8-py3.9.egg-info/entry_points.txt
-rw-r--r-- root/root        52 2022-12-29 02:17 usr/lib64/python3.9/site-packages/autotiling-1.8-py3.9.egg-info/requires.txt
-rw-r--r-- root/root        11 2022-12-29 02:17 usr/lib64/python3.9/site-packages/autotiling-1.8-py3.9.egg-info/top_level.txt
-rw-r--r-- root/root       220 2022-10-31 17:28 usr/lib64/python3.9/site-packages/autotiling/__about__.py
-rw-r--r-- root/root        93 2022-10-31 17:28 usr/lib64/python3.9/site-packages/autotiling/__init__.py
drwxr-xr-x root/root         0 2022-12-29 02:17 usr/lib64/python3.9/site-packages/autotiling/__pycache__/
-rw-r--r-- root/root       362 2022-12-29 02:17 usr/lib64/python3.9/site-packages/autotiling/__pycache__/__about__.cpython-39.pyc
-rw-r--r-- root/root       249 2022-12-29 02:17 usr/lib64/python3.9/site-packages/autotiling/__pycache__/__init__.cpython-39.pyc
-rw-r--r-- root/root      4096 2022-12-29 02:17 usr/lib64/python3.9/site-packages/autotiling/__pycache__/main.cpython-39.pyc
-rw-r--r-- root/root      6245 2022-10-31 17:28 usr/lib64/python3.9/site-packages/autotiling/main.py


