++========================================
||
||   Package:  ./SwayNotificationCenter-0.7.3-x86_64-1_nwg.txz
||
++========================================
drwxr-xr-x root/root         0 2022-12-29 03:33 ./
drwxr-xr-x root/root         0 2022-12-29 03:33 etc/
drwxr-xr-x root/root         0 2022-12-29 03:33 etc/xdg/
drwxr-xr-x root/root         0 2022-12-29 03:33 etc/xdg/swaync/
-rw-r--r-- root/root      1424 2022-12-29 03:33 etc/xdg/swaync/config.json
-rw-r--r-- root/root     11210 2022-11-28 12:57 etc/xdg/swaync/configSchema.json
-rw-r--r-- root/root      4250 2022-11-28 12:57 etc/xdg/swaync/style.css
drwxr-xr-x root/root         0 2022-12-29 03:33 install/
-rw-r--r-- root/root       915 2022-12-29 03:33 install/slack-desc
drwxr-xr-x root/root         0 2022-12-29 03:33 usr/
drwxr-xr-x root/root         0 2022-12-29 03:33 usr/bin/
-rwxr-xr-x root/root    374984 2022-12-29 03:33 usr/bin/swaync
-rwxr-xr-x root/root     52064 2022-12-29 03:33 usr/bin/swaync-client
drwxr-xr-x root/root         0 2022-12-29 03:33 usr/doc/
drwxr-xr-x root/root         0 2022-12-29 03:33 usr/doc/SwayNotificationCenter-0.7.3/
-rw-r--r-- root/root     35148 2022-11-28 12:57 usr/doc/SwayNotificationCenter-0.7.3/COPYING
-rw-r--r-- root/root      7242 2022-11-28 12:57 usr/doc/SwayNotificationCenter-0.7.3/README.md
-rw-r--r-- root/root      3383 2022-12-29 03:33 usr/doc/SwayNotificationCenter-0.7.3/SwayNotificationCenter.SlackBuild
drwxr-xr-x root/root         0 2022-12-29 03:33 usr/man/
drwxr-xr-x root/root         0 2022-12-29 03:33 usr/man/man1/
-rw-r--r-- root/root       688 2022-12-29 03:33 usr/man/man1/swaync-client.1.gz
-rw-r--r-- root/root      1768 2022-12-29 03:33 usr/man/man1/swaync.1.gz
drwxr-xr-x root/root         0 2022-12-29 03:33 usr/man/man5/
-rw-r--r-- root/root      2476 2022-12-29 03:33 usr/man/man5/swaync.5.gz
drwxr-xr-x root/root         0 2022-12-29 03:33 usr/share/
drwxr-xr-x root/root         0 2022-12-29 03:33 usr/share/bash-completion/
drwxr-xr-x root/root         0 2022-12-29 03:33 usr/share/bash-completion/completions/
-rw-r--r-- root/root       843 2022-11-28 12:57 usr/share/bash-completion/completions/swaync
-rw-r--r-- root/root      1304 2022-11-28 12:57 usr/share/bash-completion/completions/swaync-client
drwxr-xr-x root/root         0 2022-12-29 03:33 usr/share/dbus-1/
drwxr-xr-x root/root         0 2022-12-29 03:33 usr/share/dbus-1/services/
-rw-r--r-- root/root       102 2022-12-29 03:33 usr/share/dbus-1/services/org.erikreider.swaync.service
drwxr-xr-x root/root         0 2022-12-29 03:33 usr/share/fish/
drwxr-xr-x root/root         0 2022-12-29 03:33 usr/share/fish/vendor_completions.d/
-rw-r--r-- root/root      1842 2022-11-28 12:57 usr/share/fish/vendor_completions.d/swaync-client.fish
-rw-r--r-- root/root       313 2022-11-28 12:57 usr/share/fish/vendor_completions.d/swaync.fish
drwxr-xr-x root/root         0 2022-12-29 03:33 usr/share/glib-2.0/
drwxr-xr-x root/root         0 2022-12-29 03:33 usr/share/glib-2.0/schemas/
-rw-r--r-- root/root       371 2022-11-28 12:57 usr/share/glib-2.0/schemas/org.erikreider.swaync.gschema.xml
drwxr-xr-x root/root         0 2022-12-29 03:33 usr/share/zsh/
drwxr-xr-x root/root         0 2022-12-29 03:33 usr/share/zsh/site-functions/
-rw-r--r-- root/root       294 2022-11-28 12:57 usr/share/zsh/site-functions/_swaync
-rw-r--r-- root/root      1515 2022-11-28 12:57 usr/share/zsh/site-functions/_swaync-client


