++========================================
||
||   Package:  ./swayidle-1.8.0-x86_64-1_nwg.txz
||
++========================================
drwxr-xr-x root/root         0 2022-12-29 04:18 ./
drwxr-xr-x root/root         0 2022-12-29 04:18 install/
-rw-r--r-- root/root       873 2022-12-29 04:18 install/slack-desc
drwxr-xr-x root/root         0 2022-12-29 04:18 usr/
drwxr-xr-x root/root         0 2022-12-29 04:18 usr/bin/
-rwxr-xr-x root/root     31536 2022-12-29 04:18 usr/bin/swayidle
drwxr-xr-x root/root         0 2022-12-29 04:18 usr/doc/
drwxr-xr-x root/root         0 2022-12-29 04:18 usr/doc/swayidle-1.8.0/
-rw-r--r-- root/root      1061 2022-12-04 09:18 usr/doc/swayidle-1.8.0/LICENSE
-rw-r--r-- root/root      1129 2022-12-04 09:18 usr/doc/swayidle-1.8.0/README.md
-rw-r--r-- root/root      3455 2022-12-29 04:18 usr/doc/swayidle-1.8.0/swayidle.SlackBuild
drwxr-xr-x root/root         0 2022-12-29 04:18 usr/man/
drwxr-xr-x root/root         0 2022-12-29 04:18 usr/man/man1/
-rw-r--r-- root/root      1685 2022-12-29 04:18 usr/man/man1/swayidle.1.gz
drwxr-xr-x root/root         0 2022-12-29 04:18 usr/share/
drwxr-xr-x root/root         0 2022-12-29 04:18 usr/share/bash-completion/
drwxr-xr-x root/root         0 2022-12-29 04:18 usr/share/bash-completion/completions/
-rw-r--r-- root/root      1002 2022-12-04 09:18 usr/share/bash-completion/completions/swayidle
drwxr-xr-x root/root         0 2022-12-29 04:18 usr/share/fish/
drwxr-xr-x root/root         0 2022-12-29 04:18 usr/share/fish/vendor_completions.d/
-rw-r--r-- root/root       577 2022-12-04 09:18 usr/share/fish/vendor_completions.d/swayidle.fish
drwxr-xr-x root/root         0 2022-12-29 04:18 usr/share/zsh/
drwxr-xr-x root/root         0 2022-12-29 04:18 usr/share/zsh/site-functions/
-rw-r--r-- root/root       785 2022-12-04 09:18 usr/share/zsh/site-functions/_swayidle


