++========================================
||
||   Package:  ./wlroots-0.16.0-x86_64-1_nwg.txz
||
++========================================
drwxr-xr-x root/root         0 2022-12-29 02:05 ./
drwxr-xr-x root/root         0 2022-12-29 02:05 install/
-rw-r--r-- root/root        97 2022-12-29 02:05 install/doinst.sh
-rw-r--r-- root/root       697 2022-12-29 02:05 install/slack-desc
drwxr-xr-x root/root         0 2022-12-29 02:05 usr/
drwxr-xr-x root/root         0 2022-12-29 02:05 usr/doc/
drwxr-xr-x root/root         0 2022-12-29 02:05 usr/doc/wlroots-0.16.0/
-rw-r--r-- root/root     15283 2022-11-11 12:22 usr/doc/wlroots-0.16.0/CONTRIBUTING.md
-rw-r--r-- root/root      1096 2022-11-11 12:22 usr/doc/wlroots-0.16.0/LICENSE
-rw-r--r-- root/root      3171 2022-11-11 12:22 usr/doc/wlroots-0.16.0/README.md
-rw-r--r-- root/root      3501 2022-12-29 02:05 usr/doc/wlroots-0.16.0/wlroots.SlackBuild
drwxr-xr-x root/root         0 2022-12-29 02:05 usr/include/
drwxr-xr-x root/root         0 2022-12-29 02:05 usr/include/wlr/
drwxr-xr-x root/root         0 2022-12-29 02:05 usr/include/wlr/backend/
-rw-r--r-- root/root      2166 2022-11-11 12:22 usr/include/wlr/backend.h
-rw-r--r-- root/root      2468 2022-11-11 12:22 usr/include/wlr/backend/drm.h
-rw-r--r-- root/root       874 2022-11-11 12:22 usr/include/wlr/backend/headless.h
-rw-r--r-- root/root      1079 2022-11-11 12:22 usr/include/wlr/backend/interface.h
-rw-r--r-- root/root       847 2022-11-11 12:22 usr/include/wlr/backend/libinput.h
-rw-r--r-- root/root      1096 2022-11-11 12:22 usr/include/wlr/backend/multi.h
-rw-r--r-- root/root      2725 2022-11-11 12:22 usr/include/wlr/backend/session.h
-rw-r--r-- root/root      2000 2022-11-11 12:22 usr/include/wlr/backend/wayland.h
-rw-r--r-- root/root      1429 2022-11-11 12:22 usr/include/wlr/backend/x11.h
-rw-r--r-- root/root       275 2022-12-29 02:05 usr/include/wlr/config.h
drwxr-xr-x root/root         0 2022-12-29 02:05 usr/include/wlr/interfaces/
-rw-r--r-- root/root      1563 2022-11-11 12:22 usr/include/wlr/interfaces/wlr_buffer.h
-rw-r--r-- root/root       986 2022-11-11 12:22 usr/include/wlr/interfaces/wlr_keyboard.h
-rw-r--r-- root/root      4719 2022-11-11 12:22 usr/include/wlr/interfaces/wlr_output.h
-rw-r--r-- root/root       553 2022-11-11 12:22 usr/include/wlr/interfaces/wlr_pointer.h
-rw-r--r-- root/root       555 2022-11-11 12:22 usr/include/wlr/interfaces/wlr_switch.h
-rw-r--r-- root/root       786 2022-11-11 12:22 usr/include/wlr/interfaces/wlr_tablet_pad.h
-rw-r--r-- root/root       556 2022-11-11 12:22 usr/include/wlr/interfaces/wlr_tablet_tool.h
-rw-r--r-- root/root       530 2022-11-11 12:22 usr/include/wlr/interfaces/wlr_touch.h
drwxr-xr-x root/root         0 2022-12-29 02:05 usr/include/wlr/render/
-rw-r--r-- root/root      2078 2022-11-11 12:22 usr/include/wlr/render/allocator.h
-rw-r--r-- root/root      1785 2022-11-11 12:22 usr/include/wlr/render/dmabuf.h
-rw-r--r-- root/root      2482 2022-11-11 12:22 usr/include/wlr/render/drm_format_set.h
-rw-r--r-- root/root      1314 2022-11-11 12:22 usr/include/wlr/render/egl.h
-rw-r--r-- root/root      1189 2022-11-11 12:22 usr/include/wlr/render/gles2.h
-rw-r--r-- root/root      2437 2022-11-11 12:22 usr/include/wlr/render/interface.h
-rw-r--r-- root/root       766 2022-11-11 12:22 usr/include/wlr/render/pixman.h
-rw-r--r-- root/root      1158 2022-11-11 12:22 usr/include/wlr/render/vulkan.h
-rw-r--r-- root/root      3892 2022-11-11 12:22 usr/include/wlr/render/wlr_renderer.h
-rw-r--r-- root/root      1815 2022-11-11 12:22 usr/include/wlr/render/wlr_texture.h
drwxr-xr-x root/root         0 2022-12-29 02:05 usr/include/wlr/types/
-rw-r--r-- root/root      5226 2022-11-11 12:22 usr/include/wlr/types/wlr_buffer.h
-rw-r--r-- root/root     10098 2022-11-11 12:22 usr/include/wlr/types/wlr_compositor.h
-rw-r--r-- root/root      7174 2022-11-11 12:22 usr/include/wlr/types/wlr_cursor.h
-rw-r--r-- root/root      2251 2022-11-11 12:22 usr/include/wlr/types/wlr_damage_ring.h
-rw-r--r-- root/root      1333 2022-11-11 12:22 usr/include/wlr/types/wlr_data_control_v1.h
-rw-r--r-- root/root      7164 2022-11-11 12:22 usr/include/wlr/types/wlr_data_device.h
-rw-r--r-- root/root      1210 2022-11-11 12:22 usr/include/wlr/types/wlr_drm.h
-rw-r--r-- root/root      4092 2022-11-11 12:22 usr/include/wlr/types/wlr_drm_lease_v1.h
-rw-r--r-- root/root       985 2022-11-11 12:22 usr/include/wlr/types/wlr_export_dmabuf_v1.h
-rw-r--r-- root/root      5140 2022-11-11 12:22 usr/include/wlr/types/wlr_foreign_toplevel_management_v1.h
-rw-r--r-- root/root       985 2022-11-11 12:22 usr/include/wlr/types/wlr_fullscreen_shell_v1.h
-rw-r--r-- root/root       712 2022-11-11 12:22 usr/include/wlr/types/wlr_gamma_control_v1.h
-rw-r--r-- root/root      2364 2022-11-11 12:22 usr/include/wlr/types/wlr_idle.h
-rw-r--r-- root/root      1436 2022-11-11 12:22 usr/include/wlr/types/wlr_idle_inhibit_v1.h
-rw-r--r-- root/root      1115 2022-11-11 12:22 usr/include/wlr/types/wlr_idle_notify_v1.h
-rw-r--r-- root/root       781 2022-11-11 12:22 usr/include/wlr/types/wlr_input_device.h
-rw-r--r-- root/root       814 2022-11-11 12:22 usr/include/wlr/types/wlr_input_inhibitor.h
-rw-r--r-- root/root      4685 2022-11-11 12:22 usr/include/wlr/types/wlr_input_method_v2.h
-rw-r--r-- root/root      3188 2022-11-11 12:22 usr/include/wlr/types/wlr_keyboard.h
-rw-r--r-- root/root      1996 2022-11-11 12:22 usr/include/wlr/types/wlr_keyboard_group.h
-rw-r--r-- root/root      2683 2022-11-11 12:22 usr/include/wlr/types/wlr_keyboard_shortcuts_inhibit_v1.h
-rw-r--r-- root/root      6742 2022-11-11 12:22 usr/include/wlr/types/wlr_layer_shell_v1.h
-rw-r--r-- root/root      2296 2022-11-11 12:22 usr/include/wlr/types/wlr_linux_dmabuf_v1.h
-rw-r--r-- root/root      1905 2022-11-11 12:22 usr/include/wlr/types/wlr_matrix.h
-rw-r--r-- root/root     19153 2022-11-11 12:22 usr/include/wlr/types/wlr_output.h
-rw-r--r-- root/root      3122 2022-11-11 12:22 usr/include/wlr/types/wlr_output_damage.h
-rw-r--r-- root/root      4731 2022-11-11 12:22 usr/include/wlr/types/wlr_output_layout.h
-rw-r--r-- root/root      4935 2022-11-11 12:22 usr/include/wlr/types/wlr_output_management_v1.h
-rw-r--r-- root/root      1035 2022-11-11 12:22 usr/include/wlr/types/wlr_output_power_management_v1.h
-rw-r--r-- root/root      3824 2022-11-11 12:22 usr/include/wlr/types/wlr_pointer.h
-rw-r--r-- root/root      2643 2022-11-11 12:22 usr/include/wlr/types/wlr_pointer_constraints_v1.h
-rw-r--r-- root/root      2090 2022-11-11 12:22 usr/include/wlr/types/wlr_pointer_gestures_v1.h
-rw-r--r-- root/root      3001 2022-11-11 12:22 usr/include/wlr/types/wlr_presentation_time.h
-rw-r--r-- root/root      2041 2022-11-11 12:22 usr/include/wlr/types/wlr_primary_selection.h
-rw-r--r-- root/root      1284 2022-11-11 12:22 usr/include/wlr/types/wlr_primary_selection_v1.h
-rw-r--r-- root/root       811 2022-11-11 12:22 usr/include/wlr/types/wlr_region.h
-rw-r--r-- root/root      2205 2022-11-11 12:22 usr/include/wlr/types/wlr_relative_pointer_v1.h
-rw-r--r-- root/root     14312 2022-11-11 12:22 usr/include/wlr/types/wlr_scene.h
-rw-r--r-- root/root      1394 2022-11-11 12:22 usr/include/wlr/types/wlr_screencopy_v1.h
-rw-r--r-- root/root     25117 2022-11-11 12:22 usr/include/wlr/types/wlr_seat.h
-rw-r--r-- root/root      2162 2022-11-11 12:22 usr/include/wlr/types/wlr_server_decoration.h
-rw-r--r-- root/root      2649 2022-11-11 12:22 usr/include/wlr/types/wlr_session_lock_v1.h
-rw-r--r-- root/root       519 2022-11-11 12:22 usr/include/wlr/types/wlr_single_pixel_buffer_v1.h
-rw-r--r-- root/root      1845 2022-11-11 12:22 usr/include/wlr/types/wlr_subcompositor.h
-rw-r--r-- root/root       236 2022-11-11 12:22 usr/include/wlr/types/wlr_surface.h
-rw-r--r-- root/root      1060 2022-11-11 12:22 usr/include/wlr/types/wlr_switch.h
-rw-r--r-- root/root      2209 2022-11-11 12:22 usr/include/wlr/types/wlr_tablet_pad.h
-rw-r--r-- root/root      3368 2022-11-11 12:22 usr/include/wlr/types/wlr_tablet_tool.h
-rw-r--r-- root/root     10720 2022-11-11 12:22 usr/include/wlr/types/wlr_tablet_v2.h
-rw-r--r-- root/root      3096 2022-11-11 12:22 usr/include/wlr/types/wlr_text_input_v3.h
-rw-r--r-- root/root      1507 2022-11-11 12:22 usr/include/wlr/types/wlr_touch.h
-rw-r--r-- root/root       993 2022-11-11 12:22 usr/include/wlr/types/wlr_viewporter.h
-rw-r--r-- root/root      1128 2022-11-11 12:22 usr/include/wlr/types/wlr_virtual_keyboard_v1.h
-rw-r--r-- root/root      1401 2022-11-11 12:22 usr/include/wlr/types/wlr_virtual_pointer_v1.h
-rw-r--r-- root/root      2188 2022-11-11 12:22 usr/include/wlr/types/wlr_xcursor_manager.h
-rw-r--r-- root/root      2538 2022-11-11 12:22 usr/include/wlr/types/wlr_xdg_activation_v1.h
-rw-r--r-- root/root      2010 2022-11-11 12:22 usr/include/wlr/types/wlr_xdg_decoration_v1.h
-rw-r--r-- root/root      2164 2022-11-11 12:22 usr/include/wlr/types/wlr_xdg_foreign_registry.h
-rw-r--r-- root/root      1580 2022-11-11 12:22 usr/include/wlr/types/wlr_xdg_foreign_v1.h
-rw-r--r-- root/root      1580 2022-11-11 12:22 usr/include/wlr/types/wlr_xdg_foreign_v2.h
-rw-r--r-- root/root      1108 2022-11-11 12:22 usr/include/wlr/types/wlr_xdg_output_v1.h
-rw-r--r-- root/root     15836 2022-11-11 12:22 usr/include/wlr/types/wlr_xdg_shell.h
drwxr-xr-x root/root         0 2022-12-29 02:05 usr/include/wlr/util/
-rw-r--r-- root/root      1067 2022-11-11 12:22 usr/include/wlr/util/addon.h
-rw-r--r-- root/root      2990 2022-11-11 12:22 usr/include/wlr/util/box.h
-rw-r--r-- root/root       681 2022-11-11 12:22 usr/include/wlr/util/edges.h
-rw-r--r-- root/root      2216 2022-11-11 12:22 usr/include/wlr/util/log.h
-rw-r--r-- root/root      1765 2022-11-11 12:22 usr/include/wlr/util/region.h
-rw-r--r-- root/root       272 2022-12-29 02:05 usr/include/wlr/version.h
-rw-r--r-- root/root      3891 2022-11-11 12:22 usr/include/wlr/xcursor.h
drwxr-xr-x root/root         0 2022-12-29 02:05 usr/include/wlr/xwayland/
-rw-r--r-- root/root        68 2022-11-11 12:22 usr/include/wlr/xwayland.h
-rw-r--r-- root/root      1457 2022-11-11 12:22 usr/include/wlr/xwayland/server.h
-rw-r--r-- root/root      7620 2022-11-11 12:22 usr/include/wlr/xwayland/xwayland.h
drwxr-xr-x root/root         0 2022-12-29 02:05 usr/lib64/
-rwxr-xr-x root/root   1050544 2022-12-29 02:05 usr/lib64/libwlroots.so.11
drwxr-xr-x root/root         0 2022-12-29 02:05 usr/lib64/pkgconfig/
-rw-r--r-- root/root       681 2022-12-29 02:05 usr/lib64/pkgconfig/wlroots.pc


